******************************************************************************
             TMS320C2000 Linker PC v22.6.1                     
******************************************************************************
>> Linked Wed Aug  7 14:36:40 2024

OUTPUT FILE NAME:   <mcan_ex9_transmit.out>
ENTRY POINT SYMBOL: "code_start"  address: 00000000


MEMORY CONFIGURATION

         name            origin    length      used     unused   attr    fill
----------------------  --------  ---------  --------  --------  ----  --------
  BEGIN                 00000000   00000002  00000002  00000000  RWIX
  BOOT_RSVD             00000002   00000126  00000000  00000126  RWIX
  RAMM0                 00000128   000002d8  00000044  00000294  RWIX
  RAMM1                 00000400   00000400  00000200  00000200  RWIX
  CLATOCPURAM           00001480   00000080  00000000  00000080  RWIX
  CPUTOCLARAM           00001500   00000080  00000000  00000080  RWIX
  CLATODMARAM           00001680   00000080  00000000  00000080  RWIX
  DMATOCLARAM           00001700   00000080  00000000  00000080  RWIX
  RAMLS0                00008000   00000800  00000800  00000000  RWIX
  RAMLS1                00008800   00000800  00000800  00000000  RWIX
  RAMLS2                00009000   00000800  0000037d  00000483  RWIX
  RAMLS3                00009800   00000800  00000000  00000800  RWIX
  RAMLS4                0000a000   00000800  00000000  00000800  RWIX
  RAMLS5                0000a800   00000800  000002f8  00000508  RWIX
  RAMLS6                0000b000   00000800  00000000  00000800  RWIX
  RAMLS7                0000b800   00000800  00000000  00000800  RWIX
  RAMGS0                0000c000   00002000  00000000  00002000  RWIX
  RAMGS1                0000e000   00002000  00000000  00002000  RWIX
  RAMGS2                00010000   00002000  00000000  00002000  RWIX
  RAMGS3                00012000   00002000  00000000  00002000  RWIX
  RAMLS8                00014000   00002000  00000000  00002000  RWIX
  RAMLS9                00016000   00002000  00000000  00002000  RWIX
  FLASH_BANK0           00080000   00020000  00000000  00020000  RWIX
  FLASH_BANK1           000a0000   00020000  00000000  00020000  RWIX
  FLASH_BANK2           000c0000   00020000  00000000  00020000  RWIX
  FLASH_BANK3           000e0000   00020000  00000000  00020000  RWIX
  FLASH_BANK4           00100000   00020000  00000000  00020000  RWIX
  RESET                 003fffc0   00000002  00000000  00000002  RWIX


SECTION ALLOCATION MAP

 output                                  attributes/
section   page    origin      length       input sections
--------  ----  ----------  ----------   ----------------
codestart 
*          0    00000000    00000002     
                  00000000    00000002     f28p55x_codestartbranch.obj (codestart)

.cinit     0    0000012c    00000040     
                  0000012c    0000002e     (.cinit..data.load) [load image, compression = lzss]
                  0000015a    00000006     (__TI_handler_table)
                  00000160    00000004     (.cinit..bss.load) [load image, compression = zero_init]
                  00000164    00000008     (__TI_cinit_table)

.reset     0    003fffc0    00000000     DSECT

.stack     0    00000400    00000200     UNINITIALIZED
                  00000400    00000200     --HOLE--

.bss       0    0000a800    00000052     UNINITIALIZED
                  0000a800    00000052     mcan_ex9_transmit.obj (.bss:txMsg)

.init_array 
*          0    00000128    00000000     UNINITIALIZED

.data      0    0000a852    0000003e     UNINITIALIZED
                  0000a852    00000020     driverlib.lib : mcan.obj (.data:dataSize)
                  0000a872    00000010                   : mcan.obj (.data:objSize)
                  0000a882    00000006     rts2800_fpu32_eabi.lib : exit.c.obj (.data)
                  0000a888    00000004     mcan_ex9_transmit.obj (.data)
                  0000a88c    00000002     rts2800_fpu32_eabi.lib : _lock.c.obj (.data:_lock)
                  0000a88e    00000002                            : _lock.c.obj (.data:_unlock)

.const     0    0000a890    00000268     
                  0000a890    0000009a     driverlib.lib : sysctl.obj (.const:.string)
                  0000a92a    00000098                   : gpio.obj (.const:.string)
                  0000a9c2    00000059     device.obj (.const:.string)
                  0000aa1b    00000001     --HOLE-- [fill = 0]
                  0000aa1c    0000004c     driverlib.lib : mcan.obj (.const:.string)
                  0000aa68    0000004b                   : pga.obj (.const:.string)
                  0000aab3    00000001     --HOLE-- [fill = 0]
                  0000aab4    00000044     mcan_ex9_transmit.obj (.const:.string)

.TI.ramfunc 
*          0    00000128    00000004     
                  00000128    00000004     driverlib.lib : sysctl.obj (.TI.ramfunc)

.text.1    0    00008000    00000800     
                  00008000    000001c2     driverlib.lib : mcan.obj (.text:MCAN_msgRAMConfig)
                  000081c2    00000123                   : sysctl.obj (.text:SysCtl_setClock)
                  000082e5    00000122                   : mcan.obj (.text:MCAN_writeMsg)
                  00008407    000000fe                   : sysctl.obj (.text:SysCtl_isPLLValid)
                  00008505    000000f0                   : mcan.obj (.text:MCAN_init)
                  000085f5    000000eb                   : gpio.obj (.text:GPIO_setAnalogMode)
                  000086e0    000000d8     device.obj (.text:Device_enableAllPeripherals)
                  000087b8    00000046     driverlib.lib : sysctl.obj (.text:SysCtl_selectXTAL)
                  000087fe    00000002     rts2800_fpu32_eabi.lib : pre_init.c.obj (.text)

.text.2    0    00008800    00000800     
                  00008800    000000d3     mcan_ex9_transmit.obj (.text:main)
                  000088d3    000000b9     driverlib.lib : mcan.obj (.text:MCAN_setBitTime)
                  0000898c    000000b4     device.obj (.text:Device_init)
                  00008a40    00000088     rts2800_fpu32_eabi.lib : fs_div28.asm.obj (.text)
                  00008ac8    00000084     mcan_ex9_transmit.obj (.text:MCANConfig)
                  00008b4c    00000073     driverlib.lib : sysctl.obj (.text:DCC_setCounterSeeds)
                  00008bbf    00000065                   : sysctl.obj (.text:SysCtl_getClock)
                  00008c24    00000057                   : mcan.obj (.text:MCAN_writeMsgRam)
                  00008c7b    00000052                   : gpio.obj (.text:GPIO_setPadConfig)
                  00008ccd    00000045                   : sysctl.obj (.text:SysCtl_pollX1Counter)
                  00008d12    00000044                   : pga.obj (.text:PGA_setOffsetTrimPMOS)
                  00008d56    00000042                   : sysctl.obj (.text:SysCtl_selectOscSource)
                  00008d98    00000041                   : pga.obj (.text:PGA_setOffsetTrimNMOS)
                  00008dd9    0000003d                   : interrupt.obj (.text:Interrupt_initModule)
                  00008e16    00000037                   : gpio.obj (.text:GPIO_setPinConfig)
                  00008e4d    00000031                   : gpio.obj (.text:GPIO_setDirectionMode)
                  00008e7e    00000030     rts2800_fpu32_eabi.lib : copy_decompress_lzss.c.obj (.text:decompress:lzss)
                  00008eae    0000002c     driverlib.lib : mcan.obj (.text:MCAN_txBufAddReq)
                  00008eda    0000002b     rts2800_fpu32_eabi.lib : autoinit.c.obj (.text:__TI_auto_init_nobinit_nopinit)
                  00008f05    00000029     mcan_ex9_transmit.obj (.text:SysCtl_setMCANClk)
                  00008f2e    00000029     rts2800_fpu32_eabi.lib : exit.c.obj (.text)
                  00008f57    00000027     mcan_ex9_transmit.obj (.text:GPIO_writePin)
                  00008f7e    00000025     driverlib.lib : sysctl.obj (.text:SysCtl_selectXTALSingleEnded)
                  00008fa3    00000024                   : sysctl.obj (.text:DCC_enableSingleShotMode)
                  00008fc7    00000023                   : gpio.obj (.text:GPIO_isPinValid)
                  00008fea    00000016                   : sysctl.obj (.text:DCC_disableDoneSignal)

.text.3    0    00009000    0000037d     
                  00009000    00000023     mcan_ex9_transmit.obj (.text:GPIO_isPinValid)
                  00009023    0000001f     driverlib.lib : mcan.obj (.text:MCAN_isMemInitDone)
                  00009042    0000001e                   : sysctl.obj (.text:DCC_setCounter0ClkSource)
                  00009060    0000001e                   : sysctl.obj (.text:DCC_setCounter1ClkSource)
                  0000907e    0000001e                   : interrupt.obj (.text:Interrupt_initVectorTable)
                  0000909c    0000001d     rts2800_fpu32_eabi.lib : memcpy.c.obj (.text)
                  000090b9    0000001a     device.obj (.text:Device_initGPIO)
                  000090d3    0000001a     driverlib.lib : sysctl.obj (.text:SysCtl_getLowSpeedClock)
                  000090ed    00000019                   : mcan.obj (.text:MCAN_setOpMode)
                  00009106    00000019                   : mcan.obj (.text:MCAN_writeProtectedRegAccessLock)
                  0000911f    00000019                   : mcan.obj (.text:MCAN_writeProtectedRegAccessUnlock)
                  00009138    00000019                   : sysctl.obj (.text:SysCtl_setPLLSysClk)
                  00009151    00000017                   : mcan.obj (.text:HW_WR_FIELD32_RAW)
                  00009168    00000017                   : mcan.obj (.text:MCAN_getOpMode)
                  0000917f    00000017                   : pga.obj (.text:PGA_isBaseValid)
                  00009196    00000017     device.obj (.text:SysCtl_enablePeripheral)
                  000091ad    00000017     driverlib.lib : sysctl.obj (.text:SysCtl_enablePeripheral)
                  000091c4    00000017     rts2800_fpu32_eabi.lib : boot28.asm.obj (.text)
                  000091db    00000016     driverlib.lib : interrupt.obj (.text:Interrupt_defaultHandler)
                  000091f1    00000015                   : sysctl.obj (.text:DCC_clearDoneFlag)
                  00009206    00000015                   : sysctl.obj (.text:DCC_clearErrorFlag)
                  0000921b    00000015                   : sysctl.obj (.text:DCC_disableErrorSignal)
                  00009230    00000015                   : sysctl.obj (.text:DCC_isBaseValid)
                  00009245    00000015     device.obj (.text:GPIO_unlockPortConfig)
                  0000925a    00000015     driverlib.lib : mcan.obj (.text:MCAN_isBaseValid)
                  0000926f    00000014                   : sysctl.obj (.text:DCC_disableModule)
                  00009283    00000014                   : sysctl.obj (.text:DCC_enableModule)
                  00009297    00000014                   : mcan.obj (.text:MCAN_getDataSize)
                  000092ab    00000014                   : mcan.obj (.text:MCAN_getMsgObjSize)
                  000092bf    00000013                   : mcan.obj (.text:MCAN_getTxBufReqPend)
                  000092d2    0000000d                   : mcan.obj (.text:HW_RD_FIELD32_RAW)
                  000092df    0000000d                   : interrupt.obj (.text:Interrupt_disableGlobal)
                  000092ec    0000000d     device.obj (.text:SysCtl_setLowSpeedClock)
                  000092f9    0000000d     rts2800_fpu32_eabi.lib : copy_zero_init.c.obj (.text:decompress:ZI:__TI_zero_init_nomemset)
                  00009306    0000000c                            : args_main.c.obj (.text)
                  00009312    0000000b     device.obj (.text:SysCtl_disableWatchdog)
                  0000931d    0000000b     driverlib.lib : sysctl.obj (.text:SysCtl_isMCDClockFailureDetected)
                  00009328    0000000a                   : interrupt.obj (.text:Interrupt_illegalOperationHandler)
                  00009332    0000000a                   : interrupt.obj (.text:Interrupt_nmiHandler)
                  0000933c    00000009     rts2800_fpu32_eabi.lib : _lock.c.obj (.text)
                  00009345    00000008                            : copy_decompress_none.c.obj (.text:decompress:none)
                  0000934d    00000008     f28p55x_codestartbranch.obj (.text)
                  00009355    00000007     device.obj (.text:ASysCtl_lockVREG)
                  0000935c    00000007     driverlib.lib : mcan.obj (.text:HW_RD_REG32_RAW)
                  00009363    00000007                   : mcan.obj (.text:HW_WR_REG32_RAW)
                  0000936a    00000007                   : sysctl.obj (.text:SysCtl_resetMCD)
                  00009371    00000007     device.obj (.text:__error__)
                  00009378    00000004     device.obj (.text:SysCtl_deviceCal)
                  0000937c    00000001     rts2800_fpu32_eabi.lib : startup.c.obj (.text)

MODULE SUMMARY

       Module                        code   ro data   rw data
       ------                        ----   -------   -------
    .\
       mcan_ex9_transmit.obj         458    68        86     
    +--+-----------------------------+------+---------+---------+
       Total:                        458    68        86     
                                                             
    .\device\
       device.obj                    508    89        0      
       f28p55x_codestartbranch.obj   10     0         0      
    +--+-----------------------------+------+---------+---------+
       Total:                        518    89        0      
                                                             
    C:/ti/c2000/C2000Ware_5_02_00_00/driverlib/f28p55x/driverlib/ccs/Debug/driverlib.lib
       mcan.obj                      1555   76        48     
       sysctl.obj                    1341   154       0      
       gpio.obj                      456    152       0      
       pga.obj                       156    75        0      
       interrupt.obj                 146    0         0      
    +--+-----------------------------+------+---------+---------+
       Total:                        3654   457       48     
                                                             
    C:\ti\ccs1271\ccs\tools\compiler\ti-cgt-c2000_22.6.1.LTS\lib\rts2800_fpu32_eabi.lib
       fs_div28.asm.obj              136    0         0      
       copy_decompress_lzss.c.obj    48     0         0      
       exit.c.obj                    41     0         6      
       autoinit.c.obj                43     0         0      
       memcpy.c.obj                  29     0         0      
       boot28.asm.obj                23     0         0      
       _lock.c.obj                   9      0         4      
       copy_zero_init.c.obj          13     0         0      
       args_main.c.obj               12     0         0      
       copy_decompress_none.c.obj    8      0         0      
       pre_init.c.obj                2      0         0      
       startup.c.obj                 1      0         0      
    +--+-----------------------------+------+---------+---------+
       Total:                        365    0         10     
                                                             
       Stack:                        0      0         512    
       Linker Generated:             0      64        0      
    +--+-----------------------------+------+---------+---------+
       Grand Total:                  4995   678       656    


LINKER GENERATED COPY TABLES

__TI_cinit_table @ 00000164 records: 2, size/record: 4, table size: 8
	.data: load addr=0000012c, load size=0000002e bytes, run addr=0000a852, run size=0000003e bytes, compression=lzss
	.bss: load addr=00000160, load size=00000004 bytes, run addr=0000a800, run size=00000052 bytes, compression=zero_init


LINKER GENERATED HANDLER TABLE

__TI_handler_table @ 0000015a records: 3, size/record: 2, table size: 6
	index: 0, handler: __TI_zero_init
	index: 1, handler: __TI_decompress_lzss
	index: 2, handler: __TI_decompress_none


GLOBAL DATA SYMBOLS: SORTED BY DATA PAGE

address     data page           name
--------    ----------------    ----
00000400      10 (00000400)     __stack

0000a800     2a0 (0000a800)     txMsg

0000a882     2a2 (0000a880)     __TI_enable_exit_profile_output
0000a884     2a2 (0000a880)     __TI_cleanup_ptr
0000a886     2a2 (0000a880)     __TI_dtors_ptr
0000a888     2a2 (0000a880)     error
0000a88a     2a2 (0000a880)     loopCnt
0000a88c     2a2 (0000a880)     _lock
0000a88e     2a2 (0000a880)     _unlock


GLOBAL SYMBOLS: SORTED ALPHABETICALLY BY Name 

page  address   name                             
----  -------   ----                             
0     00008f2e  C$$EXIT                          
0     000086e0  Device_enableAllPeripherals      
0     0000898c  Device_init                      
0     000090b9  Device_initGPIO                  
0     000085f5  GPIO_setAnalogMode               
0     00008e4d  GPIO_setDirectionMode            
0     00008c7b  GPIO_setPadConfig                
0     00008e16  GPIO_setPinConfig                
0     000091db  Interrupt_defaultHandler         
0     00009328  Interrupt_illegalOperationHandler
0     00008dd9  Interrupt_initModule             
0     0000907e  Interrupt_initVectorTable        
0     00009332  Interrupt_nmiHandler             
0     000092ab  MCAN_getMsgObjSize               
0     00009168  MCAN_getOpMode                   
0     000092bf  MCAN_getTxBufReqPend             
0     00008505  MCAN_init                        
0     00009023  MCAN_isMemInitDone               
0     00008000  MCAN_msgRAMConfig                
0     000088d3  MCAN_setBitTime                  
0     000090ed  MCAN_setOpMode                   
0     00008eae  MCAN_txBufAddReq                 
0     00008c24  MCAN_writeMsgRam                 
0     00008d98  PGA_setOffsetTrimNMOS            
0     00008d12  PGA_setOffsetTrimPMOS            
0     00000128  SysCtl_delay                     
0     00008bbf  SysCtl_getClock                  
0     000090d3  SysCtl_getLowSpeedClock          
0     00008407  SysCtl_isPLLValid                
0     00008d56  SysCtl_selectOscSource           
0     000087b8  SysCtl_selectXTAL                
0     00008f7e  SysCtl_selectXTALSingleEnded     
0     000081c2  SysCtl_setClock                  
0     00000164  __TI_CINIT_Base                  
0     0000016c  __TI_CINIT_Limit                 
0     0000016c  __TI_CINIT_Warm                  
0     0000015a  __TI_Handler_Table_Base          
0     00000160  __TI_Handler_Table_Limit         
0     00000600  __TI_STACK_END                   
abs   00000200  __TI_STACK_SIZE                  
0     00008eda  __TI_auto_init_nobinit_nopinit   
0     0000a884  __TI_cleanup_ptr                 
0     00008e7e  __TI_decompress_lzss             
0     00009345  __TI_decompress_none             
0     0000a886  __TI_dtors_ptr                   
0     0000a882  __TI_enable_exit_profile_output  
abs   ffffffff  __TI_pprof_out_hndl              
abs   ffffffff  __TI_prof_data_size              
abs   ffffffff  __TI_prof_data_start             
0     000092f9  __TI_zero_init_nomemset          
0     00008a40  __c28xabi_divf                   
n/a   UNDEFED   __c_args__                       
0     00009371  __error__                        
0     00000400  __stack                          
0     00009306  _args_main                       
0     000091c4  _c_int00                         
0     0000a88c  _lock                            
0     00009344  _nop                             
0     00009340  _register_lock                   
0     0000933c  _register_unlock                 
0     0000937c  _system_post_cinit               
0     000087fe  _system_pre_init                 
0     0000a88e  _unlock                          
0     00008f2e  abort                            
0     00000000  code_start                       
0     0000a888  error                            
0     00008f30  exit                             
0     0000a88a  loopCnt                          
0     00008800  main                             
0     0000909c  memcpy                           
0     0000a800  txMsg                            


GLOBAL SYMBOLS: SORTED BY Symbol Address 

page  address   name                             
----  -------   ----                             
0     00000000  code_start                       
0     00000128  SysCtl_delay                     
0     0000015a  __TI_Handler_Table_Base          
0     00000160  __TI_Handler_Table_Limit         
0     00000164  __TI_CINIT_Base                  
0     0000016c  __TI_CINIT_Limit                 
0     0000016c  __TI_CINIT_Warm                  
0     00000400  __stack                          
0     00000600  __TI_STACK_END                   
0     00008000  MCAN_msgRAMConfig                
0     000081c2  SysCtl_setClock                  
0     00008407  SysCtl_isPLLValid                
0     00008505  MCAN_init                        
0     000085f5  GPIO_setAnalogMode               
0     000086e0  Device_enableAllPeripherals      
0     000087b8  SysCtl_selectXTAL                
0     000087fe  _system_pre_init                 
0     00008800  main                             
0     000088d3  MCAN_setBitTime                  
0     0000898c  Device_init                      
0     00008a40  __c28xabi_divf                   
0     00008bbf  SysCtl_getClock                  
0     00008c24  MCAN_writeMsgRam                 
0     00008c7b  GPIO_setPadConfig                
0     00008d12  PGA_setOffsetTrimPMOS            
0     00008d56  SysCtl_selectOscSource           
0     00008d98  PGA_setOffsetTrimNMOS            
0     00008dd9  Interrupt_initModule             
0     00008e16  GPIO_setPinConfig                
0     00008e4d  GPIO_setDirectionMode            
0     00008e7e  __TI_decompress_lzss             
0     00008eae  MCAN_txBufAddReq                 
0     00008eda  __TI_auto_init_nobinit_nopinit   
0     00008f2e  C$$EXIT                          
0     00008f2e  abort                            
0     00008f30  exit                             
0     00008f7e  SysCtl_selectXTALSingleEnded     
0     00009023  MCAN_isMemInitDone               
0     0000907e  Interrupt_initVectorTable        
0     0000909c  memcpy                           
0     000090b9  Device_initGPIO                  
0     000090d3  SysCtl_getLowSpeedClock          
0     000090ed  MCAN_setOpMode                   
0     00009168  MCAN_getOpMode                   
0     000091c4  _c_int00                         
0     000091db  Interrupt_defaultHandler         
0     000092ab  MCAN_getMsgObjSize               
0     000092bf  MCAN_getTxBufReqPend             
0     000092f9  __TI_zero_init_nomemset          
0     00009306  _args_main                       
0     00009328  Interrupt_illegalOperationHandler
0     00009332  Interrupt_nmiHandler             
0     0000933c  _register_unlock                 
0     00009340  _register_lock                   
0     00009344  _nop                             
0     00009345  __TI_decompress_none             
0     00009371  __error__                        
0     0000937c  _system_post_cinit               
0     0000a800  txMsg                            
0     0000a882  __TI_enable_exit_profile_output  
0     0000a884  __TI_cleanup_ptr                 
0     0000a886  __TI_dtors_ptr                   
0     0000a888  error                            
0     0000a88a  loopCnt                          
0     0000a88c  _lock                            
0     0000a88e  _unlock                          
abs   00000200  __TI_STACK_SIZE                  
abs   ffffffff  __TI_pprof_out_hndl              
abs   ffffffff  __TI_prof_data_size              
abs   ffffffff  __TI_prof_data_start             
n/a   UNDEFED   __c_args__                       

[71 symbols]
