<?xml version="1.0" encoding="ISO-8859-1" ?>
<link_info>
   <banner>TMS320C2000 Linker PC v22.6.1.LTS</banner>
   <copyright>Copyright (c) 1996-2018 Texas Instruments Incorporated</copyright>
   <link_time>0x66b33920</link_time>
   <link_errors>0x0</link_errors>
   <output_file>mcan_ex9_transmit.out</output_file>
   <entry_point>
      <name>code_start</name>
      <address>0x0</address>
   </entry_point>
   <input_file_list>
      <input_file id="fl-2">
         <path>.\syscfg\</path>
         <kind>object</kind>
         <file>board.obj</file>
         <name>board.obj</name>
      </input_file>
      <input_file id="fl-3">
         <path>.\syscfg\</path>
         <kind>object</kind>
         <file>c2000ware_libraries.obj</file>
         <name>c2000ware_libraries.obj</name>
      </input_file>
      <input_file id="fl-4">
         <path>.\</path>
         <kind>object</kind>
         <file>mcan_ex9_transmit.obj</file>
         <name>mcan_ex9_transmit.obj</name>
      </input_file>
      <input_file id="fl-5">
         <path>.\device\</path>
         <kind>object</kind>
         <file>device.obj</file>
         <name>device.obj</name>
      </input_file>
      <input_file id="fl-6">
         <path>.\device\</path>
         <kind>object</kind>
         <file>f28p55x_codestartbranch.obj</file>
         <name>f28p55x_codestartbranch.obj</name>
      </input_file>
      <input_file id="fl-c">
         <kind>object</kind>
         <file>&lt;internal&gt;</file>
         <name>&lt;internal&gt;</name>
      </input_file>
      <input_file id="fl-d">
         <path>C:\ti\c2000\C2000Ware_5_02_00_00\driverlib\f28p55x\driverlib\ccs\Debug\</path>
         <kind>archive</kind>
         <file>driverlib.lib</file>
         <name>dcc.obj</name>
      </input_file>
      <input_file id="fl-e">
         <path>C:\ti\c2000\C2000Ware_5_02_00_00\driverlib\f28p55x\driverlib\ccs\Debug\</path>
         <kind>archive</kind>
         <file>driverlib.lib</file>
         <name>gpio.obj</name>
      </input_file>
      <input_file id="fl-f">
         <path>C:\ti\c2000\C2000Ware_5_02_00_00\driverlib\f28p55x\driverlib\ccs\Debug\</path>
         <kind>archive</kind>
         <file>driverlib.lib</file>
         <name>interrupt.obj</name>
      </input_file>
      <input_file id="fl-10">
         <path>C:\ti\c2000\C2000Ware_5_02_00_00\driverlib\f28p55x\driverlib\ccs\Debug\</path>
         <kind>archive</kind>
         <file>driverlib.lib</file>
         <name>mcan.obj</name>
      </input_file>
      <input_file id="fl-11">
         <path>C:\ti\c2000\C2000Ware_5_02_00_00\driverlib\f28p55x\driverlib\ccs\Debug\</path>
         <kind>archive</kind>
         <file>driverlib.lib</file>
         <name>pga.obj</name>
      </input_file>
      <input_file id="fl-12">
         <path>C:\ti\c2000\C2000Ware_5_02_00_00\driverlib\f28p55x\driverlib\ccs\Debug\</path>
         <kind>archive</kind>
         <file>driverlib.lib</file>
         <name>sysctl.obj</name>
      </input_file>
      <input_file id="fl-1e">
         <path>C:\ti\ccs1271\ccs\tools\compiler\ti-cgt-c2000_22.6.1.LTS\lib\</path>
         <kind>archive</kind>
         <file>rts2800_fpu32_eabi.lib</file>
         <name>boot28.asm.obj</name>
      </input_file>
      <input_file id="fl-1f">
         <path>C:\ti\ccs1271\ccs\tools\compiler\ti-cgt-c2000_22.6.1.LTS\lib\</path>
         <kind>archive</kind>
         <file>rts2800_fpu32_eabi.lib</file>
         <name>fs_div28.asm.obj</name>
      </input_file>
      <input_file id="fl-20">
         <path>C:\ti\ccs1271\ccs\tools\compiler\ti-cgt-c2000_22.6.1.LTS\lib\</path>
         <kind>archive</kind>
         <file>rts2800_fpu32_eabi.lib</file>
         <name>pre_init.c.obj</name>
      </input_file>
      <input_file id="fl-21">
         <path>C:\ti\ccs1271\ccs\tools\compiler\ti-cgt-c2000_22.6.1.LTS\lib\</path>
         <kind>archive</kind>
         <file>rts2800_fpu32_eabi.lib</file>
         <name>autoinit.c.obj</name>
      </input_file>
      <input_file id="fl-22">
         <path>C:\ti\ccs1271\ccs\tools\compiler\ti-cgt-c2000_22.6.1.LTS\lib\</path>
         <kind>archive</kind>
         <file>rts2800_fpu32_eabi.lib</file>
         <name>copy_zero_init.c.obj</name>
      </input_file>
      <input_file id="fl-23">
         <path>C:\ti\ccs1271\ccs\tools\compiler\ti-cgt-c2000_22.6.1.LTS\lib\</path>
         <kind>archive</kind>
         <file>rts2800_fpu32_eabi.lib</file>
         <name>copy_decompress_none.c.obj</name>
      </input_file>
      <input_file id="fl-24">
         <path>C:\ti\ccs1271\ccs\tools\compiler\ti-cgt-c2000_22.6.1.LTS\lib\</path>
         <kind>archive</kind>
         <file>rts2800_fpu32_eabi.lib</file>
         <name>copy_decompress_lzss.c.obj</name>
      </input_file>
      <input_file id="fl-25">
         <path>C:\ti\ccs1271\ccs\tools\compiler\ti-cgt-c2000_22.6.1.LTS\lib\</path>
         <kind>archive</kind>
         <file>rts2800_fpu32_eabi.lib</file>
         <name>exit.c.obj</name>
      </input_file>
      <input_file id="fl-26">
         <path>C:\ti\ccs1271\ccs\tools\compiler\ti-cgt-c2000_22.6.1.LTS\lib\</path>
         <kind>archive</kind>
         <file>rts2800_fpu32_eabi.lib</file>
         <name>_lock.c.obj</name>
      </input_file>
      <input_file id="fl-27">
         <path>C:\ti\ccs1271\ccs\tools\compiler\ti-cgt-c2000_22.6.1.LTS\lib\</path>
         <kind>archive</kind>
         <file>rts2800_fpu32_eabi.lib</file>
         <name>args_main.c.obj</name>
      </input_file>
      <input_file id="fl-28">
         <path>C:\ti\ccs1271\ccs\tools\compiler\ti-cgt-c2000_22.6.1.LTS\lib\</path>
         <kind>archive</kind>
         <file>rts2800_fpu32_eabi.lib</file>
         <name>memset.c.obj</name>
      </input_file>
      <input_file id="fl-29">
         <path>C:\ti\ccs1271\ccs\tools\compiler\ti-cgt-c2000_22.6.1.LTS\lib\</path>
         <kind>archive</kind>
         <file>rts2800_fpu32_eabi.lib</file>
         <name>cpy_tbl.c.obj</name>
      </input_file>
      <input_file id="fl-2a">
         <path>C:\ti\ccs1271\ccs\tools\compiler\ti-cgt-c2000_22.6.1.LTS\lib\</path>
         <kind>archive</kind>
         <file>rts2800_fpu32_eabi.lib</file>
         <name>memcpy.c.obj</name>
      </input_file>
      <input_file id="fl-2b">
         <path>C:\ti\ccs1271\ccs\tools\compiler\ti-cgt-c2000_22.6.1.LTS\lib\</path>
         <kind>archive</kind>
         <file>rts2800_fpu32_eabi.lib</file>
         <name>startup.c.obj</name>
      </input_file>
   </input_file_list>
   <object_component_list>
      <object_component id="oc-20">
         <name>codestart</name>
         <load_address>0x0</load_address>
         <run_address>0x0</run_address>
         <size>0x2</size>
         <input_file_ref idref="fl-6"/>
      </object_component>
      <object_component id="oc-1e6">
         <name>.text:MCAN_msgRAMConfig</name>
         <load_address>0x8000</load_address>
         <run_address>0x8000</run_address>
         <size>0x1c2</size>
         <input_file_ref idref="fl-10"/>
      </object_component>
      <object_component id="oc-161">
         <name>.text:SysCtl_setClock</name>
         <load_address>0x81c2</load_address>
         <run_address>0x81c2</run_address>
         <size>0x123</size>
         <input_file_ref idref="fl-12"/>
      </object_component>
      <object_component id="oc-1fa">
         <name>.text:MCAN_writeMsg</name>
         <load_address>0x82e5</load_address>
         <run_address>0x82e5</run_address>
         <size>0x122</size>
         <input_file_ref idref="fl-10"/>
      </object_component>
      <object_component id="oc-244">
         <name>.text:SysCtl_isPLLValid</name>
         <load_address>0x8407</load_address>
         <run_address>0x8407</run_address>
         <size>0xfe</size>
         <input_file_ref idref="fl-12"/>
      </object_component>
      <object_component id="oc-1da">
         <name>.text:MCAN_init</name>
         <load_address>0x8505</load_address>
         <run_address>0x8505</run_address>
         <size>0xf0</size>
         <input_file_ref idref="fl-10"/>
      </object_component>
      <object_component id="oc-19e">
         <name>.text:GPIO_setAnalogMode</name>
         <load_address>0x85f5</load_address>
         <run_address>0x85f5</run_address>
         <size>0xeb</size>
         <input_file_ref idref="fl-e"/>
      </object_component>
      <object_component id="oc-186">
         <name>.text:Device_enableAllPeripherals</name>
         <load_address>0x86e0</load_address>
         <run_address>0x86e0</run_address>
         <size>0xd8</size>
         <input_file_ref idref="fl-5"/>
      </object_component>
      <object_component id="oc-296">
         <name>.text:SysCtl_selectXTAL</name>
         <load_address>0x87b8</load_address>
         <run_address>0x87b8</run_address>
         <size>0x46</size>
         <input_file_ref idref="fl-12"/>
      </object_component>
      <object_component id="oc-81">
         <name>.text</name>
         <load_address>0x87fe</load_address>
         <run_address>0x87fe</run_address>
         <size>0x2</size>
         <input_file_ref idref="fl-20"/>
      </object_component>
      <object_component id="oc-ca">
         <name>.text:main</name>
         <load_address>0x8800</load_address>
         <run_address>0x8800</run_address>
         <size>0xd3</size>
         <input_file_ref idref="fl-4"/>
      </object_component>
      <object_component id="oc-1e0">
         <name>.text:MCAN_setBitTime</name>
         <load_address>0x88d3</load_address>
         <run_address>0x88d3</run_address>
         <size>0xb9</size>
         <input_file_ref idref="fl-10"/>
      </object_component>
      <object_component id="oc-f2">
         <name>.text:Device_init</name>
         <load_address>0x898c</load_address>
         <run_address>0x898c</run_address>
         <size>0xb4</size>
         <input_file_ref idref="fl-5"/>
      </object_component>
      <object_component id="oc-2a4">
         <name>.text</name>
         <load_address>0x8a40</load_address>
         <run_address>0x8a40</run_address>
         <size>0x88</size>
         <input_file_ref idref="fl-1f"/>
      </object_component>
      <object_component id="oc-11f">
         <name>.text:MCANConfig</name>
         <load_address>0x8ac8</load_address>
         <run_address>0x8ac8</run_address>
         <size>0x84</size>
         <input_file_ref idref="fl-4"/>
      </object_component>
      <object_component id="oc-2d9">
         <name>.text:DCC_setCounterSeeds</name>
         <load_address>0x8b4c</load_address>
         <run_address>0x8b4c</run_address>
         <size>0x73</size>
         <input_file_ref idref="fl-12"/>
      </object_component>
      <object_component id="oc-16d">
         <name>.text:SysCtl_getClock</name>
         <load_address>0x8bbf</load_address>
         <run_address>0x8bbf</run_address>
         <size>0x65</size>
         <input_file_ref idref="fl-12"/>
      </object_component>
      <object_component id="oc-125">
         <name>.text:MCAN_writeMsgRam</name>
         <load_address>0x8c24</load_address>
         <run_address>0x8c24</run_address>
         <size>0x57</size>
         <input_file_ref idref="fl-10"/>
      </object_component>
      <object_component id="oc-fe">
         <name>.text:GPIO_setPadConfig</name>
         <load_address>0x8c7b</load_address>
         <run_address>0x8c7b</run_address>
         <size>0x52</size>
         <input_file_ref idref="fl-e"/>
      </object_component>
      <object_component id="oc-2fc">
         <name>.text:SysCtl_pollX1Counter</name>
         <load_address>0x8ccd</load_address>
         <run_address>0x8ccd</run_address>
         <size>0x45</size>
         <input_file_ref idref="fl-12"/>
      </object_component>
      <object_component id="oc-192">
         <name>.text:PGA_setOffsetTrimPMOS</name>
         <load_address>0x8d12</load_address>
         <run_address>0x8d12</run_address>
         <size>0x44</size>
         <input_file_ref idref="fl-11"/>
      </object_component>
      <object_component id="oc-238">
         <name>.text:SysCtl_selectOscSource</name>
         <load_address>0x8d56</load_address>
         <run_address>0x8d56</run_address>
         <size>0x42</size>
         <input_file_ref idref="fl-12"/>
      </object_component>
      <object_component id="oc-18c">
         <name>.text:PGA_setOffsetTrimNMOS</name>
         <load_address>0x8d98</load_address>
         <run_address>0x8d98</run_address>
         <size>0x41</size>
         <input_file_ref idref="fl-11"/>
      </object_component>
      <object_component id="oc-110">
         <name>.text:Interrupt_initModule</name>
         <load_address>0x8dd9</load_address>
         <run_address>0x8dd9</run_address>
         <size>0x3d</size>
         <input_file_ref idref="fl-f"/>
      </object_component>
      <object_component id="oc-116">
         <name>.text:GPIO_setPinConfig</name>
         <load_address>0x8e16</load_address>
         <run_address>0x8e16</run_address>
         <size>0x37</size>
         <input_file_ref idref="fl-e"/>
      </object_component>
      <object_component id="oc-104">
         <name>.text:GPIO_setDirectionMode</name>
         <load_address>0x8e4d</load_address>
         <run_address>0x8e4d</run_address>
         <size>0x31</size>
         <input_file_ref idref="fl-e"/>
      </object_component>
      <object_component id="oc-13">
         <name>.text:decompress:lzss</name>
         <load_address>0x8e7e</load_address>
         <run_address>0x8e7e</run_address>
         <size>0x30</size>
         <input_file_ref idref="fl-24"/>
      </object_component>
      <object_component id="oc-131">
         <name>.text:MCAN_txBufAddReq</name>
         <load_address>0x8eae</load_address>
         <run_address>0x8eae</run_address>
         <size>0x2c</size>
         <input_file_ref idref="fl-10"/>
      </object_component>
      <object_component id="oc-9a">
         <name>.text:__TI_auto_init_nobinit_nopinit</name>
         <load_address>0x8eda</load_address>
         <run_address>0x8eda</run_address>
         <size>0x2b</size>
         <input_file_ref idref="fl-21"/>
      </object_component>
      <object_component id="oc-10a">
         <name>.text:SysCtl_setMCANClk</name>
         <load_address>0x8f05</load_address>
         <run_address>0x8f05</run_address>
         <size>0x29</size>
         <input_file_ref idref="fl-4"/>
      </object_component>
      <object_component id="oc-8e">
         <name>.text</name>
         <load_address>0x8f2e</load_address>
         <run_address>0x8f2e</run_address>
         <size>0x29</size>
         <input_file_ref idref="fl-25"/>
      </object_component>
      <object_component id="oc-12b">
         <name>.text:GPIO_writePin</name>
         <load_address>0x8f57</load_address>
         <run_address>0x8f57</run_address>
         <size>0x27</size>
         <input_file_ref idref="fl-4"/>
      </object_component>
      <object_component id="oc-29c">
         <name>.text:SysCtl_selectXTALSingleEnded</name>
         <load_address>0x8f7e</load_address>
         <run_address>0x8f7e</run_address>
         <size>0x25</size>
         <input_file_ref idref="fl-12"/>
      </object_component>
      <object_component id="oc-2df">
         <name>.text:DCC_enableSingleShotMode</name>
         <load_address>0x8fa3</load_address>
         <run_address>0x8fa3</run_address>
         <size>0x24</size>
         <input_file_ref idref="fl-12"/>
      </object_component>
      <object_component id="oc-1ad">
         <name>.text:GPIO_isPinValid</name>
         <load_address>0x8fc7</load_address>
         <run_address>0x8fc7</run_address>
         <size>0x23</size>
         <input_file_ref idref="fl-e"/>
      </object_component>
      <object_component id="oc-2c7">
         <name>.text:DCC_disableDoneSignal</name>
         <load_address>0x8fea</load_address>
         <run_address>0x8fea</run_address>
         <size>0x16</size>
         <input_file_ref idref="fl-12"/>
      </object_component>
      <object_component id="oc-202">
         <name>.text:GPIO_isPinValid</name>
         <load_address>0x9000</load_address>
         <run_address>0x9000</run_address>
         <size>0x23</size>
         <input_file_ref idref="fl-4"/>
      </object_component>
      <object_component id="oc-1c8">
         <name>.text:MCAN_isMemInitDone</name>
         <load_address>0x9023</load_address>
         <run_address>0x9023</run_address>
         <size>0x1f</size>
         <input_file_ref idref="fl-10"/>
      </object_component>
      <object_component id="oc-2cd">
         <name>.text:DCC_setCounter0ClkSource</name>
         <load_address>0x9042</load_address>
         <run_address>0x9042</run_address>
         <size>0x1e</size>
         <input_file_ref idref="fl-12"/>
      </object_component>
      <object_component id="oc-2d3">
         <name>.text:DCC_setCounter1ClkSource</name>
         <load_address>0x9060</load_address>
         <run_address>0x9060</run_address>
         <size>0x1e</size>
         <input_file_ref idref="fl-12"/>
      </object_component>
      <object_component id="oc-2a">
         <name>.text:Interrupt_initVectorTable</name>
         <load_address>0x907e</load_address>
         <run_address>0x907e</run_address>
         <size>0x1e</size>
         <input_file_ref idref="fl-f"/>
      </object_component>
      <object_component id="oc-40">
         <name>.text</name>
         <load_address>0x909c</load_address>
         <run_address>0x909c</run_address>
         <size>0x1d</size>
         <input_file_ref idref="fl-2a"/>
      </object_component>
      <object_component id="oc-f8">
         <name>.text:Device_initGPIO</name>
         <load_address>0x90b9</load_address>
         <run_address>0x90b9</run_address>
         <size>0x1a</size>
         <input_file_ref idref="fl-5"/>
      </object_component>
      <object_component id="oc-17a">
         <name>.text:SysCtl_getLowSpeedClock</name>
         <load_address>0x90d3</load_address>
         <run_address>0x90d3</run_address>
         <size>0x1a</size>
         <input_file_ref idref="fl-12"/>
      </object_component>
      <object_component id="oc-1ce">
         <name>.text:MCAN_setOpMode</name>
         <load_address>0x90ed</load_address>
         <run_address>0x90ed</run_address>
         <size>0x19</size>
         <input_file_ref idref="fl-10"/>
      </object_component>
      <object_component id="oc-210">
         <name>.text:MCAN_writeProtectedRegAccessLock</name>
         <load_address>0x9106</load_address>
         <run_address>0x9106</run_address>
         <size>0x19</size>
         <input_file_ref idref="fl-10"/>
      </object_component>
      <object_component id="oc-27a">
         <name>.text:MCAN_writeProtectedRegAccessUnlock</name>
         <load_address>0x911f</load_address>
         <run_address>0x911f</run_address>
         <size>0x19</size>
         <input_file_ref idref="fl-10"/>
      </object_component>
      <object_component id="oc-23e">
         <name>.text:SysCtl_setPLLSysClk</name>
         <load_address>0x9138</load_address>
         <run_address>0x9138</run_address>
         <size>0x19</size>
         <input_file_ref idref="fl-12"/>
      </object_component>
      <object_component id="oc-272">
         <name>.text:HW_WR_FIELD32_RAW</name>
         <load_address>0x9151</load_address>
         <run_address>0x9151</run_address>
         <size>0x17</size>
         <input_file_ref idref="fl-10"/>
      </object_component>
      <object_component id="oc-1d4">
         <name>.text:MCAN_getOpMode</name>
         <load_address>0x9168</load_address>
         <run_address>0x9168</run_address>
         <size>0x17</size>
         <input_file_ref idref="fl-10"/>
      </object_component>
      <object_component id="oc-258">
         <name>.text:PGA_isBaseValid</name>
         <load_address>0x917f</load_address>
         <run_address>0x917f</run_address>
         <size>0x17</size>
         <input_file_ref idref="fl-11"/>
      </object_component>
      <object_component id="oc-251">
         <name>.text:SysCtl_enablePeripheral</name>
         <load_address>0x9196</load_address>
         <run_address>0x9196</run_address>
         <size>0x17</size>
         <input_file_ref idref="fl-5"/>
      </object_component>
      <object_component id="oc-2a9">
         <name>.text:SysCtl_enablePeripheral</name>
         <load_address>0x91ad</load_address>
         <run_address>0x91ad</run_address>
         <size>0x17</size>
         <input_file_ref idref="fl-12"/>
      </object_component>
      <object_component id="oc-70">
         <name>.text</name>
         <load_address>0x91c4</load_address>
         <run_address>0x91c4</run_address>
         <size>0x17</size>
         <input_file_ref idref="fl-1e"/>
      </object_component>
      <object_component id="oc-25">
         <name>.text:Interrupt_defaultHandler</name>
         <load_address>0x91db</load_address>
         <run_address>0x91db</run_address>
         <size>0x16</size>
         <input_file_ref idref="fl-f"/>
      </object_component>
      <object_component id="oc-2b5">
         <name>.text:DCC_clearDoneFlag</name>
         <load_address>0x91f1</load_address>
         <run_address>0x91f1</run_address>
         <size>0x15</size>
         <input_file_ref idref="fl-12"/>
      </object_component>
      <object_component id="oc-2af">
         <name>.text:DCC_clearErrorFlag</name>
         <load_address>0x9206</load_address>
         <run_address>0x9206</run_address>
         <size>0x15</size>
         <input_file_ref idref="fl-12"/>
      </object_component>
      <object_component id="oc-2c1">
         <name>.text:DCC_disableErrorSignal</name>
         <load_address>0x921b</load_address>
         <run_address>0x921b</run_address>
         <size>0x15</size>
         <input_file_ref idref="fl-12"/>
      </object_component>
      <object_component id="oc-30c">
         <name>.text:DCC_isBaseValid</name>
         <load_address>0x9230</load_address>
         <run_address>0x9230</run_address>
         <size>0x15</size>
         <input_file_ref idref="fl-12"/>
      </object_component>
      <object_component id="oc-1a6">
         <name>.text:GPIO_unlockPortConfig</name>
         <load_address>0x9245</load_address>
         <run_address>0x9245</run_address>
         <size>0x15</size>
         <input_file_ref idref="fl-5"/>
      </object_component>
      <object_component id="oc-1ed">
         <name>.text:MCAN_isBaseValid</name>
         <load_address>0x925a</load_address>
         <run_address>0x925a</run_address>
         <size>0x15</size>
         <input_file_ref idref="fl-10"/>
      </object_component>
      <object_component id="oc-2bb">
         <name>.text:DCC_disableModule</name>
         <load_address>0x926f</load_address>
         <run_address>0x926f</run_address>
         <size>0x14</size>
         <input_file_ref idref="fl-12"/>
      </object_component>
      <object_component id="oc-2e5">
         <name>.text:DCC_enableModule</name>
         <load_address>0x9283</load_address>
         <run_address>0x9283</run_address>
         <size>0x14</size>
         <input_file_ref idref="fl-12"/>
      </object_component>
      <object_component id="oc-285">
         <name>.text:MCAN_getDataSize</name>
         <load_address>0x9297</load_address>
         <run_address>0x9297</run_address>
         <size>0x14</size>
         <input_file_ref idref="fl-10"/>
      </object_component>
      <object_component id="oc-1c2">
         <name>.text:MCAN_getMsgObjSize</name>
         <load_address>0x92ab</load_address>
         <run_address>0x92ab</run_address>
         <size>0x14</size>
         <input_file_ref idref="fl-10"/>
      </object_component>
      <object_component id="oc-137">
         <name>.text:MCAN_getTxBufReqPend</name>
         <load_address>0x92bf</load_address>
         <run_address>0x92bf</run_address>
         <size>0x13</size>
         <input_file_ref idref="fl-10"/>
      </object_component>
      <object_component id="oc-1f4">
         <name>.text:HW_RD_FIELD32_RAW</name>
         <load_address>0x92d2</load_address>
         <run_address>0x92d2</run_address>
         <size>0xd</size>
         <input_file_ref idref="fl-10"/>
      </object_component>
      <object_component id="oc-1b8">
         <name>.text:Interrupt_disableGlobal</name>
         <load_address>0x92df</load_address>
         <run_address>0x92df</run_address>
         <size>0xd</size>
         <input_file_ref idref="fl-f"/>
      </object_component>
      <object_component id="oc-167">
         <name>.text:SysCtl_setLowSpeedClock</name>
         <load_address>0x92ec</load_address>
         <run_address>0x92ec</run_address>
         <size>0xd</size>
         <input_file_ref idref="fl-5"/>
      </object_component>
      <object_component id="oc-48">
         <name>.text:decompress:ZI:__TI_zero_init_nomemset</name>
         <load_address>0x92f9</load_address>
         <run_address>0x92f9</run_address>
         <size>0xd</size>
         <input_file_ref idref="fl-22"/>
      </object_component>
      <object_component id="oc-88">
         <name>.text</name>
         <load_address>0x9306</load_address>
         <run_address>0x9306</run_address>
         <size>0xc</size>
         <input_file_ref idref="fl-27"/>
      </object_component>
      <object_component id="oc-15b">
         <name>.text:SysCtl_disableWatchdog</name>
         <load_address>0x9312</load_address>
         <run_address>0x9312</run_address>
         <size>0xb</size>
         <input_file_ref idref="fl-5"/>
      </object_component>
      <object_component id="oc-232">
         <name>.text:SysCtl_isMCDClockFailureDetected</name>
         <load_address>0x931d</load_address>
         <run_address>0x931d</run_address>
         <size>0xb</size>
         <input_file_ref idref="fl-12"/>
      </object_component>
      <object_component id="oc-31">
         <name>.text:Interrupt_illegalOperationHandler</name>
         <load_address>0x9328</load_address>
         <run_address>0x9328</run_address>
         <size>0xa</size>
         <input_file_ref idref="fl-f"/>
      </object_component>
      <object_component id="oc-37">
         <name>.text:Interrupt_nmiHandler</name>
         <load_address>0x9332</load_address>
         <run_address>0x9332</run_address>
         <size>0xa</size>
         <input_file_ref idref="fl-f"/>
      </object_component>
      <object_component id="oc-148">
         <name>.text</name>
         <load_address>0x933c</load_address>
         <run_address>0x933c</run_address>
         <size>0x9</size>
         <input_file_ref idref="fl-26"/>
      </object_component>
      <object_component id="oc-19">
         <name>.text:decompress:none</name>
         <load_address>0x9345</load_address>
         <run_address>0x9345</run_address>
         <size>0x8</size>
         <input_file_ref idref="fl-23"/>
      </object_component>
      <object_component id="oc-54">
         <name>.text</name>
         <load_address>0x934d</load_address>
         <run_address>0x934d</run_address>
         <size>0x8</size>
         <input_file_ref idref="fl-6"/>
      </object_component>
      <object_component id="oc-198">
         <name>.text:ASysCtl_lockVREG</name>
         <load_address>0x9355</load_address>
         <run_address>0x9355</run_address>
         <size>0x7</size>
         <input_file_ref idref="fl-5"/>
      </object_component>
      <object_component id="oc-20a">
         <name>.text:HW_RD_REG32_RAW</name>
         <load_address>0x935c</load_address>
         <run_address>0x935c</run_address>
         <size>0x7</size>
         <input_file_ref idref="fl-10"/>
      </object_component>
      <object_component id="oc-216">
         <name>.text:HW_WR_REG32_RAW</name>
         <load_address>0x9363</load_address>
         <run_address>0x9363</run_address>
         <size>0x7</size>
         <input_file_ref idref="fl-10"/>
      </object_component>
      <object_component id="oc-302">
         <name>.text:SysCtl_resetMCD</name>
         <load_address>0x936a</load_address>
         <run_address>0x936a</run_address>
         <size>0x7</size>
         <input_file_ref idref="fl-12"/>
      </object_component>
      <object_component id="oc-174">
         <name>.text:__error__</name>
         <load_address>0x9371</load_address>
         <run_address>0x9371</run_address>
         <size>0x7</size>
         <input_file_ref idref="fl-5"/>
      </object_component>
      <object_component id="oc-180">
         <name>.text:SysCtl_deviceCal</name>
         <load_address>0x9378</load_address>
         <run_address>0x9378</run_address>
         <size>0x4</size>
         <input_file_ref idref="fl-5"/>
      </object_component>
      <object_component id="oc-dd">
         <name>.text</name>
         <load_address>0x937c</load_address>
         <run_address>0x937c</run_address>
         <size>0x1</size>
         <input_file_ref idref="fl-2b"/>
      </object_component>
      <object_component id="oc-34a">
         <name>.cinit..data.load</name>
         <load_address>0x12c</load_address>
         <run_address>0x12c</run_address>
         <size>0x2e</size>
      </object_component>
      <object_component id="oc-347">
         <name>__TI_handler_table</name>
         <load_address>0x15a</load_address>
         <run_address>0x15a</run_address>
         <size>0x6</size>
      </object_component>
      <object_component id="oc-349">
         <name>.cinit..bss.load</name>
         <load_address>0x160</load_address>
         <run_address>0x160</run_address>
         <size>0x4</size>
      </object_component>
      <object_component id="oc-348">
         <name>__TI_cinit_table</name>
         <load_address>0x164</load_address>
         <run_address>0x164</run_address>
         <size>0x8</size>
      </object_component>
      <object_component id="oc-3d">
         <name>.stack</name>
         <uninitialized>true</uninitialized>
         <run_address>0x400</run_address>
         <size>0x0</size>
         <input_file_ref idref="fl-1e"/>
      </object_component>
      <object_component id="oc-34b">
         <name>.stack</name>
         <uninitialized>true</uninitialized>
         <run_address>0x400</run_address>
         <size>0x0</size>
      </object_component>
      <object_component id="oc-11c">
         <name>.bss:txMsg</name>
         <uninitialized>true</uninitialized>
         <run_address>0xa800</run_address>
         <size>0x52</size>
         <input_file_ref idref="fl-4"/>
      </object_component>
      <object_component id="oc-231">
         <name>.const:.string</name>
         <load_address>0xa890</load_address>
         <run_address>0xa890</run_address>
         <size>0x9a</size>
         <input_file_ref idref="fl-12"/>
      </object_component>
      <object_component id="oc-1b3">
         <name>.const:.string</name>
         <load_address>0xa92a</load_address>
         <run_address>0xa92a</run_address>
         <size>0x98</size>
         <input_file_ref idref="fl-e"/>
      </object_component>
      <object_component id="oc-173">
         <name>.const:.string</name>
         <load_address>0xa9c2</load_address>
         <run_address>0xa9c2</run_address>
         <size>0x59</size>
         <input_file_ref idref="fl-5"/>
      </object_component>
      <object_component id="oc-1f3">
         <name>.const:.string</name>
         <load_address>0xaa1c</load_address>
         <run_address>0xaa1c</run_address>
         <size>0x4c</size>
         <input_file_ref idref="fl-10"/>
      </object_component>
      <object_component id="oc-25e">
         <name>.const:.string</name>
         <load_address>0xaa68</load_address>
         <run_address>0xaa68</run_address>
         <size>0x4b</size>
         <input_file_ref idref="fl-11"/>
      </object_component>
      <object_component id="oc-208">
         <name>.const:.string</name>
         <load_address>0xaab4</load_address>
         <run_address>0xaab4</run_address>
         <size>0x44</size>
         <input_file_ref idref="fl-4"/>
      </object_component>
      <object_component id="oc-13e">
         <name>.data</name>
         <load_address>0xa888</load_address>
         <run_address>0xa888</run_address>
         <size>0x4</size>
         <input_file_ref idref="fl-4"/>
      </object_component>
      <object_component id="oc-26d">
         <name>.data:objSize</name>
         <load_address>0xa872</load_address>
         <run_address>0xa872</run_address>
         <size>0x10</size>
         <input_file_ref idref="fl-10"/>
      </object_component>
      <object_component id="oc-2f8">
         <name>.data:dataSize</name>
         <load_address>0xa852</load_address>
         <run_address>0xa852</run_address>
         <size>0x20</size>
         <input_file_ref idref="fl-10"/>
      </object_component>
      <object_component id="oc-d2">
         <name>.data</name>
         <load_address>0xa882</load_address>
         <run_address>0xa882</run_address>
         <size>0x6</size>
         <input_file_ref idref="fl-25"/>
      </object_component>
      <object_component id="oc-d5">
         <name>.data:_lock</name>
         <load_address>0xa88c</load_address>
         <run_address>0xa88c</run_address>
         <size>0x2</size>
         <input_file_ref idref="fl-26"/>
      </object_component>
      <object_component id="oc-223">
         <name>.data:_unlock</name>
         <load_address>0xa88e</load_address>
         <run_address>0xa88e</run_address>
         <size>0x2</size>
         <input_file_ref idref="fl-26"/>
      </object_component>
      <object_component id="oc-13d">
         <name>.TI.ramfunc</name>
         <load_address>0x128</load_address>
         <run_address>0x128</run_address>
         <size>0x4</size>
         <input_file_ref idref="fl-12"/>
      </object_component>
      <object_component id="oc-142">
         <name>.debug_types</name>
         <load_address>0x0</load_address>
         <run_address>0x0</run_address>
         <size>0x12f0</size>
         <input_file_ref idref="fl-4"/>
      </object_component>
      <object_component id="oc-1a5">
         <name>.debug_types</name>
         <load_address>0x12f0</load_address>
         <run_address>0x12f0</run_address>
         <size>0xd09</size>
         <input_file_ref idref="fl-5"/>
      </object_component>
      <object_component id="oc-1b5">
         <name>.debug_types</name>
         <load_address>0x1ff9</load_address>
         <run_address>0x1ff9</run_address>
         <size>0x3a8</size>
         <input_file_ref idref="fl-e"/>
      </object_component>
      <object_component id="oc-5b">
         <name>.debug_types</name>
         <load_address>0x0</load_address>
         <run_address>0x0</run_address>
         <size>0x0</size>
         <input_file_ref idref="fl-f"/>
      </object_component>
      <object_component id="oc-201">
         <name>.debug_types</name>
         <load_address>0x23a1</load_address>
         <run_address>0x23a1</run_address>
         <size>0x17bc</size>
         <input_file_ref idref="fl-10"/>
      </object_component>
      <object_component id="oc-260">
         <name>.debug_types</name>
         <load_address>0x0</load_address>
         <run_address>0x0</run_address>
         <size>0x0</size>
         <input_file_ref idref="fl-11"/>
      </object_component>
      <object_component id="oc-24b">
         <name>.debug_types</name>
         <load_address>0x3b5d</load_address>
         <run_address>0x3b5d</run_address>
         <size>0xad6</size>
         <input_file_ref idref="fl-12"/>
      </object_component>
      <object_component id="oc-99">
         <name>.debug_types</name>
         <load_address>0x0</load_address>
         <run_address>0x0</run_address>
         <size>0x0</size>
         <input_file_ref idref="fl-20"/>
      </object_component>
      <object_component id="oc-e4">
         <name>.debug_types</name>
         <load_address>0x4633</load_address>
         <run_address>0x4633</run_address>
         <size>0x4e8</size>
         <input_file_ref idref="fl-21"/>
      </object_component>
      <object_component id="oc-68">
         <name>.debug_types</name>
         <load_address>0x4b1b</load_address>
         <run_address>0x4b1b</run_address>
         <size>0x194</size>
         <input_file_ref idref="fl-22"/>
      </object_component>
      <object_component id="oc-47">
         <name>.debug_types</name>
         <load_address>0x0</load_address>
         <run_address>0x0</run_address>
         <size>0x0</size>
         <input_file_ref idref="fl-23"/>
      </object_component>
      <object_component id="oc-3f">
         <name>.debug_types</name>
         <load_address>0x4caf</load_address>
         <run_address>0x4caf</run_address>
         <size>0x191</size>
         <input_file_ref idref="fl-24"/>
      </object_component>
      <object_component id="oc-d9">
         <name>.debug_types</name>
         <load_address>0x4e40</load_address>
         <run_address>0x4e40</run_address>
         <size>0xbf</size>
         <input_file_ref idref="fl-25"/>
      </object_component>
      <object_component id="oc-150">
         <name>.debug_types</name>
         <load_address>0x4eff</load_address>
         <run_address>0x4eff</run_address>
         <size>0x2f</size>
         <input_file_ref idref="fl-26"/>
      </object_component>
      <object_component id="oc-d1">
         <name>.debug_types</name>
         <load_address>0x4f2e</load_address>
         <run_address>0x4f2e</run_address>
         <size>0xe1</size>
         <input_file_ref idref="fl-27"/>
      </object_component>
      <object_component id="oc-63">
         <name>.debug_types</name>
         <load_address>0x500f</load_address>
         <run_address>0x500f</run_address>
         <size>0xb8</size>
         <input_file_ref idref="fl-2a"/>
      </object_component>
      <object_component id="oc-155">
         <name>.debug_types</name>
         <load_address>0x0</load_address>
         <run_address>0x0</run_address>
         <size>0x0</size>
         <input_file_ref idref="fl-2b"/>
      </object_component>
      <object_component id="oc-13f">
         <name>.debug_info</name>
         <load_address>0x0</load_address>
         <run_address>0x0</run_address>
         <size>0xf9</size>
         <input_file_ref idref="fl-4"/>
      </object_component>
      <object_component id="oc-11d">
         <name>.debug_info</name>
         <load_address>0xf9</load_address>
         <run_address>0xf9</run_address>
         <size>0xd7</size>
         <input_file_ref idref="fl-4"/>
      </object_component>
      <object_component id="oc-10b">
         <name>.debug_info</name>
         <load_address>0x1d0</load_address>
         <run_address>0x1d0</run_address>
         <size>0x196</size>
         <input_file_ref idref="fl-4"/>
      </object_component>
      <object_component id="oc-204">
         <name>.debug_info</name>
         <load_address>0x366</load_address>
         <run_address>0x366</run_address>
         <size>0x165</size>
         <input_file_ref idref="fl-4"/>
      </object_component>
      <object_component id="oc-12e">
         <name>.debug_info</name>
         <load_address>0x4cb</load_address>
         <run_address>0x4cb</run_address>
         <size>0x1be</size>
         <input_file_ref idref="fl-4"/>
      </object_component>
      <object_component id="oc-cd">
         <name>.debug_info</name>
         <load_address>0x689</load_address>
         <run_address>0x689</run_address>
         <size>0x2a1</size>
         <input_file_ref idref="fl-4"/>
      </object_component>
      <object_component id="oc-121">
         <name>.debug_info</name>
         <load_address>0x92a</load_address>
         <run_address>0x92a</run_address>
         <size>0x241</size>
         <input_file_ref idref="fl-4"/>
      </object_component>
      <object_component id="oc-199">
         <name>.debug_info</name>
         <load_address>0xb6b</load_address>
         <run_address>0xb6b</run_address>
         <size>0x141</size>
         <input_file_ref idref="fl-5"/>
      </object_component>
      <object_component id="oc-182">
         <name>.debug_info</name>
         <load_address>0xcac</load_address>
         <run_address>0xcac</run_address>
         <size>0x145</size>
         <input_file_ref idref="fl-5"/>
      </object_component>
      <object_component id="oc-253">
         <name>.debug_info</name>
         <load_address>0xdf1</load_address>
         <run_address>0xdf1</run_address>
         <size>0x1a5</size>
         <input_file_ref idref="fl-5"/>
      </object_component>
      <object_component id="oc-16a">
         <name>.debug_info</name>
         <load_address>0xf96</load_address>
         <run_address>0xf96</run_address>
         <size>0x179</size>
         <input_file_ref idref="fl-5"/>
      </object_component>
      <object_component id="oc-15d">
         <name>.debug_info</name>
         <load_address>0x110f</load_address>
         <run_address>0x110f</run_address>
         <size>0x14c</size>
         <input_file_ref idref="fl-5"/>
      </object_component>
      <object_component id="oc-1a9">
         <name>.debug_info</name>
         <load_address>0x125b</load_address>
         <run_address>0x125b</run_address>
         <size>0x1a8</size>
         <input_file_ref idref="fl-5"/>
      </object_component>
      <object_component id="oc-f3">
         <name>.debug_info</name>
         <load_address>0x1403</load_address>
         <run_address>0x1403</run_address>
         <size>0x2fa</size>
         <input_file_ref idref="fl-5"/>
      </object_component>
      <object_component id="oc-189">
         <name>.debug_info</name>
         <load_address>0x16fd</load_address>
         <run_address>0x16fd</run_address>
         <size>0x7b4</size>
         <input_file_ref idref="fl-5"/>
      </object_component>
      <object_component id="oc-fb">
         <name>.debug_info</name>
         <load_address>0x1eb1</load_address>
         <run_address>0x1eb1</run_address>
         <size>0x192</size>
         <input_file_ref idref="fl-5"/>
      </object_component>
      <object_component id="oc-177">
         <name>.debug_info</name>
         <load_address>0x2043</load_address>
         <run_address>0x2043</run_address>
         <size>0x149</size>
         <input_file_ref idref="fl-5"/>
      </object_component>
      <object_component id="oc-21">
         <name>.debug_info</name>
         <load_address>0x218c</load_address>
         <run_address>0x218c</run_address>
         <size>0xfc</size>
         <input_file_ref idref="fl-6"/>
      </object_component>
      <object_component id="oc-55">
         <name>.debug_info</name>
         <load_address>0x2288</load_address>
         <run_address>0x2288</run_address>
         <size>0xfd</size>
         <input_file_ref idref="fl-6"/>
      </object_component>
      <object_component id="oc-1af">
         <name>.debug_info</name>
         <load_address>0x2385</load_address>
         <run_address>0x2385</run_address>
         <size>0x1ca</size>
         <input_file_ref idref="fl-e"/>
      </object_component>
      <object_component id="oc-108">
         <name>.debug_info</name>
         <load_address>0x254f</load_address>
         <run_address>0x254f</run_address>
         <size>0x242</size>
         <input_file_ref idref="fl-e"/>
      </object_component>
      <object_component id="oc-100">
         <name>.debug_info</name>
         <load_address>0x2791</load_address>
         <run_address>0x2791</run_address>
         <size>0x22b</size>
         <input_file_ref idref="fl-e"/>
      </object_component>
      <object_component id="oc-1a2">
         <name>.debug_info</name>
         <load_address>0x29bc</load_address>
         <run_address>0x29bc</run_address>
         <size>0x227</size>
         <input_file_ref idref="fl-e"/>
      </object_component>
      <object_component id="oc-119">
         <name>.debug_info</name>
         <load_address>0x2be3</load_address>
         <run_address>0x2be3</run_address>
         <size>0x214</size>
         <input_file_ref idref="fl-e"/>
      </object_component>
      <object_component id="oc-1b9">
         <name>.debug_info</name>
         <load_address>0x2df7</load_address>
         <run_address>0x2df7</run_address>
         <size>0x1c5</size>
         <input_file_ref idref="fl-f"/>
      </object_component>
      <object_component id="oc-113">
         <name>.debug_info</name>
         <load_address>0x2fbc</load_address>
         <run_address>0x2fbc</run_address>
         <size>0x1d4</size>
         <input_file_ref idref="fl-f"/>
      </object_component>
      <object_component id="oc-27">
         <name>.debug_info</name>
         <load_address>0x3190</load_address>
         <run_address>0x3190</run_address>
         <size>0x1e1</size>
         <input_file_ref idref="fl-f"/>
      </object_component>
      <object_component id="oc-34">
         <name>.debug_info</name>
         <load_address>0x3371</load_address>
         <run_address>0x3371</run_address>
         <size>0x1c7</size>
         <input_file_ref idref="fl-f"/>
      </object_component>
      <object_component id="oc-38">
         <name>.debug_info</name>
         <load_address>0x3538</load_address>
         <run_address>0x3538</run_address>
         <size>0x1ad</size>
         <input_file_ref idref="fl-f"/>
      </object_component>
      <object_component id="oc-2d">
         <name>.debug_info</name>
         <load_address>0x36e5</load_address>
         <run_address>0x36e5</run_address>
         <size>0x1cf</size>
         <input_file_ref idref="fl-f"/>
      </object_component>
      <object_component id="oc-26e">
         <name>.debug_info</name>
         <load_address>0x38b4</load_address>
         <run_address>0x38b4</run_address>
         <size>0x138</size>
         <input_file_ref idref="fl-10"/>
      </object_component>
      <object_component id="oc-2f9">
         <name>.debug_info</name>
         <load_address>0x39ec</load_address>
         <run_address>0x39ec</run_address>
         <size>0x13a</size>
         <input_file_ref idref="fl-10"/>
      </object_component>
      <object_component id="oc-20c">
         <name>.debug_info</name>
         <load_address>0x3b26</load_address>
         <run_address>0x3b26</run_address>
         <size>0x1ee</size>
         <input_file_ref idref="fl-10"/>
      </object_component>
      <object_component id="oc-218">
         <name>.debug_info</name>
         <load_address>0x3d14</load_address>
         <run_address>0x3d14</run_address>
         <size>0x1e5</size>
         <input_file_ref idref="fl-10"/>
      </object_component>
      <object_component id="oc-274">
         <name>.debug_info</name>
         <load_address>0x3ef9</load_address>
         <run_address>0x3ef9</run_address>
         <size>0x21f</size>
         <input_file_ref idref="fl-10"/>
      </object_component>
      <object_component id="oc-1f6">
         <name>.debug_info</name>
         <load_address>0x4118</load_address>
         <run_address>0x4118</run_address>
         <size>0x215</size>
         <input_file_ref idref="fl-10"/>
      </object_component>
      <object_component id="oc-1ef">
         <name>.debug_info</name>
         <load_address>0x432d</load_address>
         <run_address>0x432d</run_address>
         <size>0x1d6</size>
         <input_file_ref idref="fl-10"/>
      </object_component>
      <object_component id="oc-1ca">
         <name>.debug_info</name>
         <load_address>0x4503</load_address>
         <run_address>0x4503</run_address>
         <size>0x23e</size>
         <input_file_ref idref="fl-10"/>
      </object_component>
      <object_component id="oc-1d0">
         <name>.debug_info</name>
         <load_address>0x4741</load_address>
         <run_address>0x4741</run_address>
         <size>0x219</size>
         <input_file_ref idref="fl-10"/>
      </object_component>
      <object_component id="oc-1d6">
         <name>.debug_info</name>
         <load_address>0x495a</load_address>
         <run_address>0x495a</run_address>
         <size>0x210</size>
         <input_file_ref idref="fl-10"/>
      </object_component>
      <object_component id="oc-1dc">
         <name>.debug_info</name>
         <load_address>0x4b6a</load_address>
         <run_address>0x4b6a</run_address>
         <size>0x340</size>
         <input_file_ref idref="fl-10"/>
      </object_component>
      <object_component id="oc-1e2">
         <name>.debug_info</name>
         <load_address>0x4eaa</load_address>
         <run_address>0x4eaa</run_address>
         <size>0x345</size>
         <input_file_ref idref="fl-10"/>
      </object_component>
      <object_component id="oc-1e8">
         <name>.debug_info</name>
         <load_address>0x51ef</load_address>
         <run_address>0x51ef</run_address>
         <size>0x4d9</size>
         <input_file_ref idref="fl-10"/>
      </object_component>
      <object_component id="oc-127">
         <name>.debug_info</name>
         <load_address>0x56c8</load_address>
         <run_address>0x56c8</run_address>
         <size>0x313</size>
         <input_file_ref idref="fl-10"/>
      </object_component>
      <object_component id="oc-133">
         <name>.debug_info</name>
         <load_address>0x59db</load_address>
         <run_address>0x59db</run_address>
         <size>0x286</size>
         <input_file_ref idref="fl-10"/>
      </object_component>
      <object_component id="oc-138">
         <name>.debug_info</name>
         <load_address>0x5c61</load_address>
         <run_address>0x5c61</run_address>
         <size>0x21a</size>
         <input_file_ref idref="fl-10"/>
      </object_component>
      <object_component id="oc-27c">
         <name>.debug_info</name>
         <load_address>0x5e7b</load_address>
         <run_address>0x5e7b</run_address>
         <size>0x230</size>
         <input_file_ref idref="fl-10"/>
      </object_component>
      <object_component id="oc-212">
         <name>.debug_info</name>
         <load_address>0x60ab</load_address>
         <run_address>0x60ab</run_address>
         <size>0x22c</size>
         <input_file_ref idref="fl-10"/>
      </object_component>
      <object_component id="oc-1fc">
         <name>.debug_info</name>
         <load_address>0x62d7</load_address>
         <run_address>0x62d7</run_address>
         <size>0x300</size>
         <input_file_ref idref="fl-10"/>
      </object_component>
      <object_component id="oc-287">
         <name>.debug_info</name>
         <load_address>0x65d7</load_address>
         <run_address>0x65d7</run_address>
         <size>0x1dd</size>
         <input_file_ref idref="fl-10"/>
      </object_component>
      <object_component id="oc-1c4">
         <name>.debug_info</name>
         <load_address>0x67b4</load_address>
         <run_address>0x67b4</run_address>
         <size>0x1eb</size>
         <input_file_ref idref="fl-10"/>
      </object_component>
      <object_component id="oc-259">
         <name>.debug_info</name>
         <load_address>0x699f</load_address>
         <run_address>0x699f</run_address>
         <size>0x1ca</size>
         <input_file_ref idref="fl-11"/>
      </object_component>
      <object_component id="oc-190">
         <name>.debug_info</name>
         <load_address>0x6b69</load_address>
         <run_address>0x6b69</run_address>
         <size>0x221</size>
         <input_file_ref idref="fl-11"/>
      </object_component>
      <object_component id="oc-196">
         <name>.debug_info</name>
         <load_address>0x6d8a</load_address>
         <run_address>0x6d8a</run_address>
         <size>0x221</size>
         <input_file_ref idref="fl-11"/>
      </object_component>
      <object_component id="oc-2aa">
         <name>.debug_info</name>
         <load_address>0x6fab</load_address>
         <run_address>0x6fab</run_address>
         <size>0x210</size>
         <input_file_ref idref="fl-12"/>
      </object_component>
      <object_component id="oc-233">
         <name>.debug_info</name>
         <load_address>0x71bb</load_address>
         <run_address>0x71bb</run_address>
         <size>0x1d3</size>
         <input_file_ref idref="fl-12"/>
      </object_component>
      <object_component id="oc-303">
         <name>.debug_info</name>
         <load_address>0x738e</load_address>
         <run_address>0x738e</run_address>
         <size>0x1a9</size>
         <input_file_ref idref="fl-12"/>
      </object_component>
      <object_component id="oc-23f">
         <name>.debug_info</name>
         <load_address>0x7537</load_address>
         <run_address>0x7537</run_address>
         <size>0x1d8</size>
         <input_file_ref idref="fl-12"/>
      </object_component>
      <object_component id="oc-30d">
         <name>.debug_info</name>
         <load_address>0x770f</load_address>
         <run_address>0x770f</run_address>
         <size>0x1cd</size>
         <input_file_ref idref="fl-12"/>
      </object_component>
      <object_component id="oc-2e6">
         <name>.debug_info</name>
         <load_address>0x78dc</load_address>
         <run_address>0x78dc</run_address>
         <size>0x1eb</size>
         <input_file_ref idref="fl-12"/>
      </object_component>
      <object_component id="oc-2bc">
         <name>.debug_info</name>
         <load_address>0x7ac7</load_address>
         <run_address>0x7ac7</run_address>
         <size>0x1ed</size>
         <input_file_ref idref="fl-12"/>
      </object_component>
      <object_component id="oc-2c2">
         <name>.debug_info</name>
         <load_address>0x7cb4</load_address>
         <run_address>0x7cb4</run_address>
         <size>0x1f9</size>
         <input_file_ref idref="fl-12"/>
      </object_component>
      <object_component id="oc-2c8">
         <name>.debug_info</name>
         <load_address>0x7ead</load_address>
         <run_address>0x7ead</run_address>
         <size>0x1f7</size>
         <input_file_ref idref="fl-12"/>
      </object_component>
      <object_component id="oc-2e0">
         <name>.debug_info</name>
         <load_address>0x80a4</load_address>
         <run_address>0x80a4</run_address>
         <size>0x21e</size>
         <input_file_ref idref="fl-12"/>
      </object_component>
      <object_component id="oc-2b0">
         <name>.debug_info</name>
         <load_address>0x82c2</load_address>
         <run_address>0x82c2</run_address>
         <size>0x1f1</size>
         <input_file_ref idref="fl-12"/>
      </object_component>
      <object_component id="oc-2b6">
         <name>.debug_info</name>
         <load_address>0x84b3</load_address>
         <run_address>0x84b3</run_address>
         <size>0x1ef</size>
         <input_file_ref idref="fl-12"/>
      </object_component>
      <object_component id="oc-2d4">
         <name>.debug_info</name>
         <load_address>0x86a2</load_address>
         <run_address>0x86a2</run_address>
         <size>0x222</size>
         <input_file_ref idref="fl-12"/>
      </object_component>
      <object_component id="oc-2ce">
         <name>.debug_info</name>
         <load_address>0x88c4</load_address>
         <run_address>0x88c4</run_address>
         <size>0x222</size>
         <input_file_ref idref="fl-12"/>
      </object_component>
      <object_component id="oc-2da">
         <name>.debug_info</name>
         <load_address>0x8ae6</load_address>
         <run_address>0x8ae6</run_address>
         <size>0x291</size>
         <input_file_ref idref="fl-12"/>
      </object_component>
      <object_component id="oc-2fd">
         <name>.debug_info</name>
         <load_address>0x8d77</load_address>
         <run_address>0x8d77</run_address>
         <size>0x20d</size>
         <input_file_ref idref="fl-12"/>
      </object_component>
      <object_component id="oc-16e">
         <name>.debug_info</name>
         <load_address>0x8f84</load_address>
         <run_address>0x8f84</run_address>
         <size>0x26c</size>
         <input_file_ref idref="fl-12"/>
      </object_component>
      <object_component id="oc-162">
         <name>.debug_info</name>
         <load_address>0x91f0</load_address>
         <run_address>0x91f0</run_address>
         <size>0x3eb</size>
         <input_file_ref idref="fl-12"/>
      </object_component>
      <object_component id="oc-297">
         <name>.debug_info</name>
         <load_address>0x95db</load_address>
         <run_address>0x95db</run_address>
         <size>0x245</size>
         <input_file_ref idref="fl-12"/>
      </object_component>
      <object_component id="oc-29d">
         <name>.debug_info</name>
         <load_address>0x9820</load_address>
         <run_address>0x9820</run_address>
         <size>0x216</size>
         <input_file_ref idref="fl-12"/>
      </object_component>
      <object_component id="oc-239">
         <name>.debug_info</name>
         <load_address>0x9a36</load_address>
         <run_address>0x9a36</run_address>
         <size>0x22a</size>
         <input_file_ref idref="fl-12"/>
      </object_component>
      <object_component id="oc-17b">
         <name>.debug_info</name>
         <load_address>0x9c60</load_address>
         <run_address>0x9c60</run_address>
         <size>0x216</size>
         <input_file_ref idref="fl-12"/>
      </object_component>
      <object_component id="oc-245">
         <name>.debug_info</name>
         <load_address>0x9e76</load_address>
         <run_address>0x9e76</run_address>
         <size>0x4a1</size>
         <input_file_ref idref="fl-12"/>
      </object_component>
      <object_component id="oc-73">
         <name>.debug_info</name>
         <load_address>0xa317</load_address>
         <run_address>0xa317</run_address>
         <size>0x158</size>
         <input_file_ref idref="fl-1e"/>
      </object_component>
      <object_component id="oc-2a7">
         <name>.debug_info</name>
         <load_address>0xa46f</load_address>
         <run_address>0xa46f</run_address>
         <size>0x127</size>
         <input_file_ref idref="fl-1f"/>
      </object_component>
      <object_component id="oc-82">
         <name>.debug_info</name>
         <load_address>0xa596</load_address>
         <run_address>0xa596</run_address>
         <size>0x14d</size>
         <input_file_ref idref="fl-20"/>
      </object_component>
      <object_component id="oc-9b">
         <name>.debug_info</name>
         <load_address>0xa6e3</load_address>
         <run_address>0xa6e3</run_address>
         <size>0x1bf</size>
         <input_file_ref idref="fl-21"/>
      </object_component>
      <object_component id="oc-4a">
         <name>.debug_info</name>
         <load_address>0xa8a2</load_address>
         <run_address>0xa8a2</run_address>
         <size>0x1b6</size>
         <input_file_ref idref="fl-22"/>
      </object_component>
      <object_component id="oc-1d">
         <name>.debug_info</name>
         <load_address>0xaa58</load_address>
         <run_address>0xaa58</run_address>
         <size>0x1b7</size>
         <input_file_ref idref="fl-23"/>
      </object_component>
      <object_component id="oc-16">
         <name>.debug_info</name>
         <load_address>0xac0f</load_address>
         <run_address>0xac0f</run_address>
         <size>0x219</size>
         <input_file_ref idref="fl-24"/>
      </object_component>
      <object_component id="oc-d3">
         <name>.debug_info</name>
         <load_address>0xae28</load_address>
         <run_address>0xae28</run_address>
         <size>0x19e</size>
         <input_file_ref idref="fl-25"/>
      </object_component>
      <object_component id="oc-90">
         <name>.debug_info</name>
         <load_address>0xafc6</load_address>
         <run_address>0xafc6</run_address>
         <size>0x1a9</size>
         <input_file_ref idref="fl-25"/>
      </object_component>
      <object_component id="oc-d6">
         <name>.debug_info</name>
         <load_address>0xb16f</load_address>
         <run_address>0xb16f</run_address>
         <size>0x107</size>
         <input_file_ref idref="fl-26"/>
      </object_component>
      <object_component id="oc-224">
         <name>.debug_info</name>
         <load_address>0xb276</load_address>
         <run_address>0xb276</run_address>
         <size>0x10b</size>
         <input_file_ref idref="fl-26"/>
      </object_component>
      <object_component id="oc-14c">
         <name>.debug_info</name>
         <load_address>0xb381</load_address>
         <run_address>0xb381</run_address>
         <size>0x203</size>
         <input_file_ref idref="fl-26"/>
      </object_component>
      <object_component id="oc-89">
         <name>.debug_info</name>
         <load_address>0xb584</load_address>
         <run_address>0xb584</run_address>
         <size>0x15d</size>
         <input_file_ref idref="fl-27"/>
      </object_component>
      <object_component id="oc-41">
         <name>.debug_info</name>
         <load_address>0xb6e1</load_address>
         <run_address>0xb6e1</run_address>
         <size>0x19b</size>
         <input_file_ref idref="fl-2a"/>
      </object_component>
      <object_component id="oc-df">
         <name>.debug_info</name>
         <load_address>0xb87c</load_address>
         <run_address>0xb87c</run_address>
         <size>0x147</size>
         <input_file_ref idref="fl-2b"/>
      </object_component>
      <object_component id="oc-34f">
         <name>.debug_info</name>
         <load_address>0xb9c3</load_address>
         <run_address>0xb9c3</run_address>
         <size>0x9c</size>
      </object_component>
      <object_component id="oc-21f">
         <name>.debug_line</name>
         <load_address>0x0</load_address>
         <run_address>0x0</run_address>
         <size>0x3b</size>
         <input_file_ref idref="fl-4"/>
      </object_component>
      <object_component id="oc-1c1">
         <name>.debug_line</name>
         <load_address>0x3b</load_address>
         <run_address>0x3b</run_address>
         <size>0x3b</size>
         <input_file_ref idref="fl-4"/>
      </object_component>
      <object_component id="oc-10e">
         <name>.debug_line</name>
         <load_address>0x76</load_address>
         <run_address>0x76</run_address>
         <size>0x8a</size>
         <input_file_ref idref="fl-4"/>
      </object_component>
      <object_component id="oc-203">
         <name>.debug_line</name>
         <load_address>0x100</load_address>
         <run_address>0x100</run_address>
         <size>0x7e</size>
         <input_file_ref idref="fl-4"/>
      </object_component>
      <object_component id="oc-12c">
         <name>.debug_line</name>
         <load_address>0x17e</load_address>
         <run_address>0x17e</run_address>
         <size>0x85</size>
         <input_file_ref idref="fl-4"/>
      </object_component>
      <object_component id="oc-cb">
         <name>.debug_line</name>
         <load_address>0x203</load_address>
         <run_address>0x203</run_address>
         <size>0x9a</size>
         <input_file_ref idref="fl-4"/>
      </object_component>
      <object_component id="oc-120">
         <name>.debug_line</name>
         <load_address>0x29d</load_address>
         <run_address>0x29d</run_address>
         <size>0x79</size>
         <input_file_ref idref="fl-4"/>
      </object_component>
      <object_component id="oc-221">
         <name>.debug_line</name>
         <load_address>0x316</load_address>
         <run_address>0x316</run_address>
         <size>0x1bf</size>
         <input_file_ref idref="fl-4"/>
      </object_component>
      <object_component id="oc-19c">
         <name>.debug_line</name>
         <load_address>0x4d5</load_address>
         <run_address>0x4d5</run_address>
         <size>0x83</size>
         <input_file_ref idref="fl-5"/>
      </object_component>
      <object_component id="oc-181">
         <name>.debug_line</name>
         <load_address>0x558</load_address>
         <run_address>0x558</run_address>
         <size>0x80</size>
         <input_file_ref idref="fl-5"/>
      </object_component>
      <object_component id="oc-252">
         <name>.debug_line</name>
         <load_address>0x5d8</load_address>
         <run_address>0x5d8</run_address>
         <size>0x84</size>
         <input_file_ref idref="fl-5"/>
      </object_component>
      <object_component id="oc-169">
         <name>.debug_line</name>
         <load_address>0x65c</load_address>
         <run_address>0x65c</run_address>
         <size>0x82</size>
         <input_file_ref idref="fl-5"/>
      </object_component>
      <object_component id="oc-160">
         <name>.debug_line</name>
         <load_address>0x6de</load_address>
         <run_address>0x6de</run_address>
         <size>0x83</size>
         <input_file_ref idref="fl-5"/>
      </object_component>
      <object_component id="oc-1a7">
         <name>.debug_line</name>
         <load_address>0x761</load_address>
         <run_address>0x761</run_address>
         <size>0x81</size>
         <input_file_ref idref="fl-5"/>
      </object_component>
      <object_component id="oc-f6">
         <name>.debug_line</name>
         <load_address>0x7e2</load_address>
         <run_address>0x7e2</run_address>
         <size>0x8f</size>
         <input_file_ref idref="fl-5"/>
      </object_component>
      <object_component id="oc-187">
         <name>.debug_line</name>
         <load_address>0x871</load_address>
         <run_address>0x871</run_address>
         <size>0x86</size>
         <input_file_ref idref="fl-5"/>
      </object_component>
      <object_component id="oc-fa">
         <name>.debug_line</name>
         <load_address>0x8f7</load_address>
         <run_address>0x8f7</run_address>
         <size>0x51</size>
         <input_file_ref idref="fl-5"/>
      </object_component>
      <object_component id="oc-176">
         <name>.debug_line</name>
         <load_address>0x948</load_address>
         <run_address>0x948</run_address>
         <size>0x4d</size>
         <input_file_ref idref="fl-5"/>
      </object_component>
      <object_component id="oc-265">
         <name>.debug_line</name>
         <load_address>0x995</load_address>
         <run_address>0x995</run_address>
         <size>0xf7</size>
         <input_file_ref idref="fl-5"/>
      </object_component>
      <object_component id="oc-24">
         <name>.debug_line</name>
         <load_address>0xa8c</load_address>
         <run_address>0xa8c</run_address>
         <size>0x55</size>
         <input_file_ref idref="fl-6"/>
      </object_component>
      <object_component id="oc-58">
         <name>.debug_line</name>
         <load_address>0xae1</load_address>
         <run_address>0xae1</run_address>
         <size>0x5d</size>
         <input_file_ref idref="fl-6"/>
      </object_component>
      <object_component id="oc-1b2">
         <name>.debug_line</name>
         <load_address>0xb3e</load_address>
         <run_address>0xb3e</run_address>
         <size>0x86</size>
         <input_file_ref idref="fl-e"/>
      </object_component>
      <object_component id="oc-106">
         <name>.debug_line</name>
         <load_address>0xbc4</load_address>
         <run_address>0xbc4</run_address>
         <size>0x8e</size>
         <input_file_ref idref="fl-e"/>
      </object_component>
      <object_component id="oc-103">
         <name>.debug_line</name>
         <load_address>0xc52</load_address>
         <run_address>0xc52</run_address>
         <size>0x9f</size>
         <input_file_ref idref="fl-e"/>
      </object_component>
      <object_component id="oc-1a1">
         <name>.debug_line</name>
         <load_address>0xcf1</load_address>
         <run_address>0xcf1</run_address>
         <size>0xab</size>
         <input_file_ref idref="fl-e"/>
      </object_component>
      <object_component id="oc-11b">
         <name>.debug_line</name>
         <load_address>0xd9c</load_address>
         <run_address>0xd9c</run_address>
         <size>0x8d</size>
         <input_file_ref idref="fl-e"/>
      </object_component>
      <object_component id="oc-26a">
         <name>.debug_line</name>
         <load_address>0xe29</load_address>
         <run_address>0xe29</run_address>
         <size>0xc0</size>
         <input_file_ref idref="fl-e"/>
      </object_component>
      <object_component id="oc-1bd">
         <name>.debug_line</name>
         <load_address>0xee9</load_address>
         <run_address>0xee9</run_address>
         <size>0x8b</size>
         <input_file_ref idref="fl-f"/>
      </object_component>
      <object_component id="oc-112">
         <name>.debug_line</name>
         <load_address>0xf74</load_address>
         <run_address>0xf74</run_address>
         <size>0xa6</size>
         <input_file_ref idref="fl-f"/>
      </object_component>
      <object_component id="oc-26">
         <name>.debug_line</name>
         <load_address>0x101a</load_address>
         <run_address>0x101a</run_address>
         <size>0x91</size>
         <input_file_ref idref="fl-f"/>
      </object_component>
      <object_component id="oc-32">
         <name>.debug_line</name>
         <load_address>0x10ab</load_address>
         <run_address>0x10ab</run_address>
         <size>0x89</size>
         <input_file_ref idref="fl-f"/>
      </object_component>
      <object_component id="oc-3b">
         <name>.debug_line</name>
         <load_address>0x1134</load_address>
         <run_address>0x1134</run_address>
         <size>0x89</size>
         <input_file_ref idref="fl-f"/>
      </object_component>
      <object_component id="oc-2b">
         <name>.debug_line</name>
         <load_address>0x11bd</load_address>
         <run_address>0x11bd</run_address>
         <size>0x9f</size>
         <input_file_ref idref="fl-f"/>
      </object_component>
      <object_component id="oc-77">
         <name>.debug_line</name>
         <load_address>0x125c</load_address>
         <run_address>0x125c</run_address>
         <size>0x21</size>
         <input_file_ref idref="fl-f"/>
      </object_component>
      <object_component id="oc-2f5">
         <name>.debug_line</name>
         <load_address>0x127d</load_address>
         <run_address>0x127d</run_address>
         <size>0x70</size>
         <input_file_ref idref="fl-10"/>
      </object_component>
      <object_component id="oc-31d">
         <name>.debug_line</name>
         <load_address>0x12ed</load_address>
         <run_address>0x12ed</run_address>
         <size>0x70</size>
         <input_file_ref idref="fl-10"/>
      </object_component>
      <object_component id="oc-20f">
         <name>.debug_line</name>
         <load_address>0x135d</load_address>
         <run_address>0x135d</run_address>
         <size>0x96</size>
         <input_file_ref idref="fl-10"/>
      </object_component>
      <object_component id="oc-21b">
         <name>.debug_line</name>
         <load_address>0x13f3</load_address>
         <run_address>0x13f3</run_address>
         <size>0x94</size>
         <input_file_ref idref="fl-10"/>
      </object_component>
      <object_component id="oc-277">
         <name>.debug_line</name>
         <load_address>0x1487</load_address>
         <run_address>0x1487</run_address>
         <size>0x99</size>
         <input_file_ref idref="fl-10"/>
      </object_component>
      <object_component id="oc-1f9">
         <name>.debug_line</name>
         <load_address>0x1520</load_address>
         <run_address>0x1520</run_address>
         <size>0x97</size>
         <input_file_ref idref="fl-10"/>
      </object_component>
      <object_component id="oc-1f2">
         <name>.debug_line</name>
         <load_address>0x15b7</load_address>
         <run_address>0x15b7</run_address>
         <size>0x82</size>
         <input_file_ref idref="fl-10"/>
      </object_component>
      <object_component id="oc-1cd">
         <name>.debug_line</name>
         <load_address>0x1639</load_address>
         <run_address>0x1639</run_address>
         <size>0x8f</size>
         <input_file_ref idref="fl-10"/>
      </object_component>
      <object_component id="oc-1d3">
         <name>.debug_line</name>
         <load_address>0x16c8</load_address>
         <run_address>0x16c8</run_address>
         <size>0x87</size>
         <input_file_ref idref="fl-10"/>
      </object_component>
      <object_component id="oc-1d9">
         <name>.debug_line</name>
         <load_address>0x174f</load_address>
         <run_address>0x174f</run_address>
         <size>0x87</size>
         <input_file_ref idref="fl-10"/>
      </object_component>
      <object_component id="oc-1df">
         <name>.debug_line</name>
         <load_address>0x17d6</load_address>
         <run_address>0x17d6</run_address>
         <size>0xa1</size>
         <input_file_ref idref="fl-10"/>
      </object_component>
      <object_component id="oc-1e5">
         <name>.debug_line</name>
         <load_address>0x1877</load_address>
         <run_address>0x1877</run_address>
         <size>0xa2</size>
         <input_file_ref idref="fl-10"/>
      </object_component>
      <object_component id="oc-1eb">
         <name>.debug_line</name>
         <load_address>0x1919</load_address>
         <run_address>0x1919</run_address>
         <size>0xc5</size>
         <input_file_ref idref="fl-10"/>
      </object_component>
      <object_component id="oc-12a">
         <name>.debug_line</name>
         <load_address>0x19de</load_address>
         <run_address>0x19de</run_address>
         <size>0xae</size>
         <input_file_ref idref="fl-10"/>
      </object_component>
      <object_component id="oc-136">
         <name>.debug_line</name>
         <load_address>0x1a8c</load_address>
         <run_address>0x1a8c</run_address>
         <size>0x92</size>
         <input_file_ref idref="fl-10"/>
      </object_component>
      <object_component id="oc-13b">
         <name>.debug_line</name>
         <load_address>0x1b1e</load_address>
         <run_address>0x1b1e</run_address>
         <size>0x87</size>
         <input_file_ref idref="fl-10"/>
      </object_component>
      <object_component id="oc-27b">
         <name>.debug_line</name>
         <load_address>0x1ba5</load_address>
         <run_address>0x1ba5</run_address>
         <size>0x87</size>
         <input_file_ref idref="fl-10"/>
      </object_component>
      <object_component id="oc-211">
         <name>.debug_line</name>
         <load_address>0x1c2c</load_address>
         <run_address>0x1c2c</run_address>
         <size>0x87</size>
         <input_file_ref idref="fl-10"/>
      </object_component>
      <object_component id="oc-1fb">
         <name>.debug_line</name>
         <load_address>0x1cb3</load_address>
         <run_address>0x1cb3</run_address>
         <size>0xb6</size>
         <input_file_ref idref="fl-10"/>
      </object_component>
      <object_component id="oc-286">
         <name>.debug_line</name>
         <load_address>0x1d69</load_address>
         <run_address>0x1d69</run_address>
         <size>0x87</size>
         <input_file_ref idref="fl-10"/>
      </object_component>
      <object_component id="oc-1c3">
         <name>.debug_line</name>
         <load_address>0x1df0</load_address>
         <run_address>0x1df0</run_address>
         <size>0x87</size>
         <input_file_ref idref="fl-10"/>
      </object_component>
      <object_component id="oc-28d">
         <name>.debug_line</name>
         <load_address>0x1e77</load_address>
         <run_address>0x1e77</run_address>
         <size>0x16b</size>
         <input_file_ref idref="fl-10"/>
      </object_component>
      <object_component id="oc-25c">
         <name>.debug_line</name>
         <load_address>0x1fe2</load_address>
         <run_address>0x1fe2</run_address>
         <size>0x85</size>
         <input_file_ref idref="fl-11"/>
      </object_component>
      <object_component id="oc-18e">
         <name>.debug_line</name>
         <load_address>0x2067</load_address>
         <run_address>0x2067</run_address>
         <size>0xaa</size>
         <input_file_ref idref="fl-11"/>
      </object_component>
      <object_component id="oc-193">
         <name>.debug_line</name>
         <load_address>0x2111</load_address>
         <run_address>0x2111</run_address>
         <size>0xad</size>
         <input_file_ref idref="fl-11"/>
      </object_component>
      <object_component id="oc-2f2">
         <name>.debug_line</name>
         <load_address>0x21be</load_address>
         <run_address>0x21be</run_address>
         <size>0x21</size>
         <input_file_ref idref="fl-11"/>
      </object_component>
      <object_component id="oc-2ad">
         <name>.debug_line</name>
         <load_address>0x21df</load_address>
         <run_address>0x21df</run_address>
         <size>0x8c</size>
         <input_file_ref idref="fl-12"/>
      </object_component>
      <object_component id="oc-236">
         <name>.debug_line</name>
         <load_address>0x226b</load_address>
         <run_address>0x226b</run_address>
         <size>0x88</size>
         <input_file_ref idref="fl-12"/>
      </object_component>
      <object_component id="oc-306">
         <name>.debug_line</name>
         <load_address>0x22f3</load_address>
         <run_address>0x22f3</run_address>
         <size>0x8a</size>
         <input_file_ref idref="fl-12"/>
      </object_component>
      <object_component id="oc-242">
         <name>.debug_line</name>
         <load_address>0x237d</load_address>
         <run_address>0x237d</run_address>
         <size>0x92</size>
         <input_file_ref idref="fl-12"/>
      </object_component>
      <object_component id="oc-311">
         <name>.debug_line</name>
         <load_address>0x240f</load_address>
         <run_address>0x240f</run_address>
         <size>0x85</size>
         <input_file_ref idref="fl-12"/>
      </object_component>
      <object_component id="oc-2ea">
         <name>.debug_line</name>
         <load_address>0x2494</load_address>
         <run_address>0x2494</run_address>
         <size>0x88</size>
         <input_file_ref idref="fl-12"/>
      </object_component>
      <object_component id="oc-2bf">
         <name>.debug_line</name>
         <load_address>0x251c</load_address>
         <run_address>0x251c</run_address>
         <size>0x88</size>
         <input_file_ref idref="fl-12"/>
      </object_component>
      <object_component id="oc-2c6">
         <name>.debug_line</name>
         <load_address>0x25a4</load_address>
         <run_address>0x25a4</run_address>
         <size>0x88</size>
         <input_file_ref idref="fl-12"/>
      </object_component>
      <object_component id="oc-2cb">
         <name>.debug_line</name>
         <load_address>0x262c</load_address>
         <run_address>0x262c</run_address>
         <size>0x88</size>
         <input_file_ref idref="fl-12"/>
      </object_component>
      <object_component id="oc-2e3">
         <name>.debug_line</name>
         <load_address>0x26b4</load_address>
         <run_address>0x26b4</run_address>
         <size>0x8e</size>
         <input_file_ref idref="fl-12"/>
      </object_component>
      <object_component id="oc-2b4">
         <name>.debug_line</name>
         <load_address>0x2742</load_address>
         <run_address>0x2742</run_address>
         <size>0x88</size>
         <input_file_ref idref="fl-12"/>
      </object_component>
      <object_component id="oc-2ba">
         <name>.debug_line</name>
         <load_address>0x27ca</load_address>
         <run_address>0x27ca</run_address>
         <size>0x88</size>
         <input_file_ref idref="fl-12"/>
      </object_component>
      <object_component id="oc-2d7">
         <name>.debug_line</name>
         <load_address>0x2852</load_address>
         <run_address>0x2852</run_address>
         <size>0x88</size>
         <input_file_ref idref="fl-12"/>
      </object_component>
      <object_component id="oc-2d1">
         <name>.debug_line</name>
[...]
               <start_address>0x8800</start_address>
               <size>0x800</size>
               <logical_group_ref idref="lg-34d"/>
            </allocated_space>
         </usage_details>
      </memory_area>
      <memory_area display="yes" color="green">
         <name>RAMLS2</name>
         <page_id>0x0</page_id>
         <origin>0x9000</origin>
         <length>0x800</length>
         <used_space>0x37d</used_space>
         <unused_space>0x483</unused_space>
         <attributes>RWIX</attributes>
         <usage_details>
            <allocated_space>
               <start_address>0x9000</start_address>
               <size>0x37d</size>
               <logical_group_ref idref="lg-34e"/>
            </allocated_space>
            <available_space>
               <start_address>0x937d</start_address>
               <size>0x483</size>
            </available_space>
         </usage_details>
      </memory_area>
      <memory_area display="yes" color="green">
         <name>RAMLS3</name>
         <page_id>0x0</page_id>
         <origin>0x9800</origin>
         <length>0x800</length>
         <used_space>0x0</used_space>
         <unused_space>0x800</unused_space>
         <attributes>RWIX</attributes>
         <usage_details>
         </usage_details>
      </memory_area>
      <memory_area display="yes" color="green">
         <name>RAMLS4</name>
         <page_id>0x0</page_id>
         <origin>0xa000</origin>
         <length>0x800</length>
         <used_space>0x0</used_space>
         <unused_space>0x800</unused_space>
         <attributes>RWIX</attributes>
         <usage_details>
         </usage_details>
      </memory_area>
      <memory_area display="yes" color="green">
         <name>RAMLS5</name>
         <page_id>0x0</page_id>
         <origin>0xa800</origin>
         <length>0x800</length>
         <used_space>0x2f8</used_space>
         <unused_space>0x508</unused_space>
         <attributes>RWIX</attributes>
         <usage_details>
            <allocated_space>
               <start_address>0xa800</start_address>
               <size>0x52</size>
               <logical_group_ref idref="lg-8"/>
            </allocated_space>
            <allocated_space>
               <start_address>0xa852</start_address>
               <size>0x3e</size>
               <logical_group_ref idref="lg-c"/>
            </allocated_space>
            <allocated_space>
               <start_address>0xa890</start_address>
               <size>0x268</size>
               <logical_group_ref idref="lg-b"/>
            </allocated_space>
            <available_space>
               <start_address>0xaaf8</start_address>
               <size>0x508</size>
            </available_space>
         </usage_details>
      </memory_area>
      <memory_area display="yes" color="green">
         <name>RAMLS6</name>
         <page_id>0x0</page_id>
         <origin>0xb000</origin>
         <length>0x800</length>
         <used_space>0x0</used_space>
         <unused_space>0x800</unused_space>
         <attributes>RWIX</attributes>
         <usage_details>
         </usage_details>
      </memory_area>
      <memory_area display="yes" color="green">
         <name>RAMLS7</name>
         <page_id>0x0</page_id>
         <origin>0xb800</origin>
         <length>0x800</length>
         <used_space>0x0</used_space>
         <unused_space>0x800</unused_space>
         <attributes>RWIX</attributes>
         <usage_details>
         </usage_details>
      </memory_area>
      <memory_area display="yes" color="green">
         <name>RAMGS0</name>
         <page_id>0x0</page_id>
         <origin>0xc000</origin>
         <length>0x2000</length>
         <used_space>0x0</used_space>
         <unused_space>0x2000</unused_space>
         <attributes>RWIX</attributes>
         <usage_details>
         </usage_details>
      </memory_area>
      <memory_area display="yes" color="green">
         <name>RAMGS1</name>
         <page_id>0x0</page_id>
         <origin>0xe000</origin>
         <length>0x2000</length>
         <used_space>0x0</used_space>
         <unused_space>0x2000</unused_space>
         <attributes>RWIX</attributes>
         <usage_details>
         </usage_details>
      </memory_area>
      <memory_area display="yes" color="green">
         <name>RAMGS2</name>
         <page_id>0x0</page_id>
         <origin>0x10000</origin>
         <length>0x2000</length>
         <used_space>0x0</used_space>
         <unused_space>0x2000</unused_space>
         <attributes>RWIX</attributes>
         <usage_details>
         </usage_details>
      </memory_area>
      <memory_area display="yes" color="green">
         <name>RAMGS3</name>
         <page_id>0x0</page_id>
         <origin>0x12000</origin>
         <length>0x2000</length>
         <used_space>0x0</used_space>
         <unused_space>0x2000</unused_space>
         <attributes>RWIX</attributes>
         <usage_details>
         </usage_details>
      </memory_area>
      <memory_area display="yes" color="green">
         <name>RAMLS8</name>
         <page_id>0x0</page_id>
         <origin>0x14000</origin>
         <length>0x2000</length>
         <used_space>0x0</used_space>
         <unused_space>0x2000</unused_space>
         <attributes>RWIX</attributes>
         <usage_details>
         </usage_details>
      </memory_area>
      <memory_area display="yes" color="green">
         <name>RAMLS9</name>
         <page_id>0x0</page_id>
         <origin>0x16000</origin>
         <length>0x2000</length>
         <used_space>0x0</used_space>
         <unused_space>0x2000</unused_space>
         <attributes>RWIX</attributes>
         <usage_details>
         </usage_details>
      </memory_area>
      <memory_area display="yes" color="green">
         <name>FLASH_BANK0</name>
         <page_id>0x0</page_id>
         <origin>0x80000</origin>
         <length>0x20000</length>
         <used_space>0x0</used_space>
         <unused_space>0x20000</unused_space>
         <attributes>RWIX</attributes>
         <usage_details>
         </usage_details>
      </memory_area>
      <memory_area display="yes" color="green">
         <name>FLASH_BANK1</name>
         <page_id>0x0</page_id>
         <origin>0xa0000</origin>
         <length>0x20000</length>
         <used_space>0x0</used_space>
         <unused_space>0x20000</unused_space>
         <attributes>RWIX</attributes>
         <usage_details>
         </usage_details>
      </memory_area>
      <memory_area display="yes" color="green">
         <name>FLASH_BANK2</name>
         <page_id>0x0</page_id>
         <origin>0xc0000</origin>
         <length>0x20000</length>
         <used_space>0x0</used_space>
         <unused_space>0x20000</unused_space>
         <attributes>RWIX</attributes>
         <usage_details>
         </usage_details>
      </memory_area>
      <memory_area display="yes" color="green">
         <name>FLASH_BANK3</name>
         <page_id>0x0</page_id>
         <origin>0xe0000</origin>
         <length>0x20000</length>
         <used_space>0x0</used_space>
         <unused_space>0x20000</unused_space>
         <attributes>RWIX</attributes>
         <usage_details>
         </usage_details>
      </memory_area>
      <memory_area display="yes" color="green">
         <name>FLASH_BANK4</name>
         <page_id>0x0</page_id>
         <origin>0x100000</origin>
         <length>0x20000</length>
         <used_space>0x0</used_space>
         <unused_space>0x20000</unused_space>
         <attributes>RWIX</attributes>
         <usage_details>
         </usage_details>
      </memory_area>
      <memory_area display="no" color="green">
         <name>RESET</name>
         <page_id>0x0</page_id>
         <origin>0x3fffc0</origin>
         <length>0x2</length>
         <used_space>0x0</used_space>
         <unused_space>0x2</unused_space>
         <attributes>RWIX</attributes>
         <usage_details>
         </usage_details>
      </memory_area>
   </placement_map>
   <cptbl_list>
      <cptbl>
         <name>__TI_cinit_table</name>
         <cprec>
            <name>.data</name>
            <load_address>0x12c</load_address>
            <load_size>0x2e</load_size>
            <run_address>0xa852</run_address>
            <run_size>0x3e</run_size>
            <compression>lzss</compression>
         </cprec>
         <cprec>
            <name>.bss</name>
            <load_address>0x160</load_address>
            <load_size>0x4</load_size>
            <run_address>0xa800</run_address>
            <run_size>0x52</run_size>
            <compression>zero_init</compression>
         </cprec>
      </cptbl>
   </cptbl_list>
   <handler_table>
      <handler_table_name>__TI_handler_table</handler_table_name>
      <handler>
         <index>0x0</index>
         <name>__TI_zero_init</name>
      </handler>
      <handler>
         <index>0x1</index>
         <name>__TI_decompress_lzss</name>
      </handler>
      <handler>
         <index>0x2</index>
         <name>__TI_decompress_none</name>
      </handler>
   </handler_table>
   <symbol_table>
      <symbol id="sm-1">
         <name>__TI_CINIT_Base</name>
         <value>0x164</value>
      </symbol>
      <symbol id="sm-2">
         <name>__TI_CINIT_Limit</name>
         <value>0x16c</value>
      </symbol>
      <symbol id="sm-3">
         <name>__TI_CINIT_Warm</name>
         <value>0x16c</value>
      </symbol>
      <symbol id="sm-4">
         <name>__TI_Handler_Table_Base</name>
         <value>0x15a</value>
      </symbol>
      <symbol id="sm-5">
         <name>__TI_Handler_Table_Limit</name>
         <value>0x160</value>
      </symbol>
      <symbol id="sm-6">
         <name>__TI_STACK_SIZE</name>
         <value>0x200</value>
      </symbol>
      <symbol id="sm-7">
         <name>__TI_STACK_END</name>
         <value>0x600</value>
      </symbol>
      <symbol id="sm-8">
         <name>__TI_pprof_out_hndl</name>
         <value>0xffffffff</value>
      </symbol>
      <symbol id="sm-9">
         <name>__TI_prof_data_start</name>
         <value>0xffffffff</value>
      </symbol>
      <symbol id="sm-a">
         <name>__TI_prof_data_size</name>
         <value>0xffffffff</value>
      </symbol>
      <symbol id="sm-70">
         <name>txMsg</name>
         <value>0xa800</value>
         <object_component_ref idref="oc-11c"/>
      </symbol>
      <symbol id="sm-71">
         <name>error</name>
         <value>0xa888</value>
         <object_component_ref idref="oc-13e"/>
      </symbol>
      <symbol id="sm-72">
         <name>main</name>
         <value>0x8800</value>
         <object_component_ref idref="oc-ca"/>
      </symbol>
      <symbol id="sm-73">
         <name>loopCnt</name>
         <value>0xa88a</value>
         <object_component_ref idref="oc-13e"/>
      </symbol>
      <symbol id="sm-d0">
         <name>Device_enableAllPeripherals</name>
         <value>0x86e0</value>
         <object_component_ref idref="oc-186"/>
      </symbol>
      <symbol id="sm-d1">
         <name>Device_initGPIO</name>
         <value>0x90b9</value>
         <object_component_ref idref="oc-f8"/>
      </symbol>
      <symbol id="sm-d2">
         <name>Device_init</name>
         <value>0x898c</value>
         <object_component_ref idref="oc-f2"/>
      </symbol>
      <symbol id="sm-d3">
         <name>__error__</name>
         <value>0x9371</value>
         <object_component_ref idref="oc-174"/>
      </symbol>
      <symbol id="sm-e2">
         <name>code_start</name>
         <value>0x0</value>
         <object_component_ref idref="oc-20"/>
      </symbol>
      <symbol id="sm-12c">
         <name>GPIO_setPadConfig</name>
         <value>0x8c7b</value>
         <object_component_ref idref="oc-fe"/>
      </symbol>
      <symbol id="sm-12d">
         <name>GPIO_setAnalogMode</name>
         <value>0x85f5</value>
         <object_component_ref idref="oc-19e"/>
      </symbol>
      <symbol id="sm-12e">
         <name>GPIO_setDirectionMode</name>
         <value>0x8e4d</value>
         <object_component_ref idref="oc-104"/>
      </symbol>
      <symbol id="sm-12f">
         <name>GPIO_setPinConfig</name>
         <value>0x8e16</value>
         <object_component_ref idref="oc-116"/>
      </symbol>
      <symbol id="sm-169">
         <name>Interrupt_defaultHandler</name>
         <value>0x91db</value>
         <object_component_ref idref="oc-25"/>
      </symbol>
      <symbol id="sm-16a">
         <name>Interrupt_initModule</name>
         <value>0x8dd9</value>
         <object_component_ref idref="oc-110"/>
      </symbol>
      <symbol id="sm-16b">
         <name>Interrupt_nmiHandler</name>
         <value>0x9332</value>
         <object_component_ref idref="oc-37"/>
      </symbol>
      <symbol id="sm-16c">
         <name>Interrupt_initVectorTable</name>
         <value>0x907e</value>
         <object_component_ref idref="oc-2a"/>
      </symbol>
      <symbol id="sm-16d">
         <name>Interrupt_illegalOperationHandler</name>
         <value>0x9328</value>
         <object_component_ref idref="oc-31"/>
      </symbol>
      <symbol id="sm-23a">
         <name>MCAN_getOpMode</name>
         <value>0x9168</value>
         <object_component_ref idref="oc-1d4"/>
      </symbol>
      <symbol id="sm-23b">
         <name>MCAN_writeMsgRam</name>
         <value>0x8c24</value>
         <object_component_ref idref="oc-125"/>
      </symbol>
      <symbol id="sm-23c">
         <name>MCAN_getMsgObjSize</name>
         <value>0x92ab</value>
         <object_component_ref idref="oc-1c2"/>
      </symbol>
      <symbol id="sm-23d">
         <name>MCAN_isMemInitDone</name>
         <value>0x9023</value>
         <object_component_ref idref="oc-1c8"/>
      </symbol>
      <symbol id="sm-23e">
         <name>MCAN_getTxBufReqPend</name>
         <value>0x92bf</value>
         <object_component_ref idref="oc-137"/>
      </symbol>
      <symbol id="sm-23f">
         <name>MCAN_setOpMode</name>
         <value>0x90ed</value>
         <object_component_ref idref="oc-1ce"/>
      </symbol>
      <symbol id="sm-240">
         <name>MCAN_init</name>
         <value>0x8505</value>
         <object_component_ref idref="oc-1da"/>
      </symbol>
      <symbol id="sm-241">
         <name>MCAN_txBufAddReq</name>
         <value>0x8eae</value>
         <object_component_ref idref="oc-131"/>
      </symbol>
      <symbol id="sm-242">
         <name>MCAN_msgRAMConfig</name>
         <value>0x8000</value>
         <object_component_ref idref="oc-1e6"/>
      </symbol>
      <symbol id="sm-243">
         <name>MCAN_setBitTime</name>
         <value>0x88d3</value>
         <object_component_ref idref="oc-1e0"/>
      </symbol>
      <symbol id="sm-275">
         <name>PGA_setOffsetTrimNMOS</name>
         <value>0x8d98</value>
         <object_component_ref idref="oc-18c"/>
      </symbol>
      <symbol id="sm-276">
         <name>PGA_setOffsetTrimPMOS</name>
         <value>0x8d12</value>
         <object_component_ref idref="oc-192"/>
      </symbol>
      <symbol id="sm-388">
         <name>SysCtl_isPLLValid</name>
         <value>0x8407</value>
         <object_component_ref idref="oc-244"/>
      </symbol>
      <symbol id="sm-389">
         <name>SysCtl_delay</name>
         <value>0x128</value>
         <object_component_ref idref="oc-13d"/>
      </symbol>
      <symbol id="sm-38a">
         <name>SysCtl_selectXTALSingleEnded</name>
         <value>0x8f7e</value>
         <object_component_ref idref="oc-29c"/>
      </symbol>
      <symbol id="sm-38b">
         <name>SysCtl_selectXTAL</name>
         <value>0x87b8</value>
         <object_component_ref idref="oc-296"/>
      </symbol>
      <symbol id="sm-38c">
         <name>SysCtl_selectOscSource</name>
         <value>0x8d56</value>
         <object_component_ref idref="oc-238"/>
      </symbol>
      <symbol id="sm-38d">
         <name>SysCtl_getLowSpeedClock</name>
         <value>0x90d3</value>
         <object_component_ref idref="oc-17a"/>
      </symbol>
      <symbol id="sm-38e">
         <name>SysCtl_setClock</name>
         <value>0x81c2</value>
         <object_component_ref idref="oc-161"/>
      </symbol>
      <symbol id="sm-38f">
         <name>SysCtl_getClock</name>
         <value>0x8bbf</value>
         <object_component_ref idref="oc-16d"/>
      </symbol>
      <symbol id="sm-399">
         <name>_c_int00</name>
         <value>0x91c4</value>
         <object_component_ref idref="oc-70"/>
      </symbol>
      <symbol id="sm-39a">
         <name>__stack</name>
         <value>0x400</value>
         <object_component_ref idref="oc-3d"/>
      </symbol>
      <symbol id="sm-3a7">
         <name>__c28xabi_divf</name>
         <value>0x8a40</value>
         <object_component_ref idref="oc-2a4"/>
      </symbol>
      <symbol id="sm-3b4">
         <name>_system_pre_init</name>
         <value>0x87fe</value>
         <object_component_ref idref="oc-81"/>
      </symbol>
      <symbol id="sm-3c3">
         <name>__TI_auto_init_nobinit_nopinit</name>
         <value>0x8eda</value>
         <object_component_ref idref="oc-9a"/>
      </symbol>
      <symbol id="sm-3d2">
         <name>__TI_zero_init_nomemset</name>
         <value>0x92f9</value>
         <object_component_ref idref="oc-48"/>
      </symbol>
      <symbol id="sm-3df">
         <name>__TI_decompress_none</name>
         <value>0x9345</value>
         <object_component_ref idref="oc-19"/>
      </symbol>
      <symbol id="sm-3f3">
         <name>__TI_decompress_lzss</name>
         <value>0x8e7e</value>
         <object_component_ref idref="oc-13"/>
      </symbol>
      <symbol id="sm-409">
         <name>C$$EXIT</name>
         <value>0x8f2e</value>
         <object_component_ref idref="oc-8e"/>
      </symbol>
      <symbol id="sm-40a">
         <name>abort</name>
         <value>0x8f2e</value>
         <object_component_ref idref="oc-8e"/>
      </symbol>
      <symbol id="sm-40b">
         <name>exit</name>
         <value>0x8f30</value>
         <object_component_ref idref="oc-8e"/>
      </symbol>
      <symbol id="sm-40c">
         <name>__TI_dtors_ptr</name>
         <value>0xa886</value>
         <object_component_ref idref="oc-d2"/>
      </symbol>
      <symbol id="sm-40d">
         <name>__TI_cleanup_ptr</name>
         <value>0xa884</value>
         <object_component_ref idref="oc-d2"/>
      </symbol>
      <symbol id="sm-40e">
         <name>__TI_enable_exit_profile_output</name>
         <value>0xa882</value>
         <object_component_ref idref="oc-d2"/>
      </symbol>
      <symbol id="sm-425">
         <name>_nop</name>
         <value>0x9344</value>
         <object_component_ref idref="oc-148"/>
      </symbol>
      <symbol id="sm-426">
         <name>_lock</name>
         <value>0xa88c</value>
         <object_component_ref idref="oc-d5"/>
      </symbol>
      <symbol id="sm-427">
         <name>_unlock</name>
         <value>0xa88e</value>
         <object_component_ref idref="oc-223"/>
      </symbol>
      <symbol id="sm-428">
         <name>_register_lock</name>
         <value>0x9340</value>
         <object_component_ref idref="oc-148"/>
      </symbol>
      <symbol id="sm-429">
         <name>_register_unlock</name>
         <value>0x933c</value>
         <object_component_ref idref="oc-148"/>
      </symbol>
      <symbol id="sm-438">
         <name>_args_main</name>
         <value>0x9306</value>
         <object_component_ref idref="oc-88"/>
      </symbol>
      <symbol id="sm-44c">
         <name>memcpy</name>
         <value>0x909c</value>
         <object_component_ref idref="oc-40"/>
      </symbol>
      <symbol id="sm-459">
         <name>_system_post_cinit</name>
         <value>0x937c</value>
         <object_component_ref idref="oc-dd"/>
      </symbol>
      <symbol id="sm-45b">
         <name>__c_args__</name>
         <value>0x0</value>
      </symbol>
   </symbol_table>
   <title>Link successful</title>
</link_info>
