<?xml version="1.0" encoding="ISO-8859-1" ?>
<link_info>
   <banner>TMS320C2000 Linker PC v22.6.1.LTS</banner>
   <copyright>Copyright (c) 1996-2018 Texas Instruments Incorporated</copyright>
   <link_time>0x66b33a3b</link_time>
   <link_errors>0x0</link_errors>
   <output_file>mcan_ex9_transmit.out</output_file>
   <entry_point>
      <name>code_start</name>
      <address>0x80000</address>
   </entry_point>
   <input_file_list>
      <input_file id="fl-2">
         <path>.\syscfg\</path>
         <kind>object</kind>
         <file>board.obj</file>
         <name>board.obj</name>
      </input_file>
      <input_file id="fl-3">
         <path>.\syscfg\</path>
         <kind>object</kind>
         <file>c2000ware_libraries.obj</file>
         <name>c2000ware_libraries.obj</name>
      </input_file>
      <input_file id="fl-4">
         <path>.\</path>
         <kind>object</kind>
         <file>mcan_ex9_transmit.obj</file>
         <name>mcan_ex9_transmit.obj</name>
      </input_file>
      <input_file id="fl-5">
         <path>.\device\</path>
         <kind>object</kind>
         <file>device.obj</file>
         <name>device.obj</name>
      </input_file>
      <input_file id="fl-6">
         <path>.\device\</path>
         <kind>object</kind>
         <file>f28p55x_codestartbranch.obj</file>
         <name>f28p55x_codestartbranch.obj</name>
      </input_file>
      <input_file id="fl-c">
         <kind>object</kind>
         <file>&lt;internal&gt;</file>
         <name>&lt;internal&gt;</name>
      </input_file>
      <input_file id="fl-d">
         <path>C:\ti\c2000\C2000Ware_5_02_00_00\driverlib\f28p55x\driverlib\ccs\Debug\</path>
         <kind>archive</kind>
         <file>driverlib.lib</file>
         <name>dcc.obj</name>
      </input_file>
      <input_file id="fl-e">
         <path>C:\ti\c2000\C2000Ware_5_02_00_00\driverlib\f28p55x\driverlib\ccs\Debug\</path>
         <kind>archive</kind>
         <file>driverlib.lib</file>
         <name>flash.obj</name>
      </input_file>
      <input_file id="fl-f">
         <path>C:\ti\c2000\C2000Ware_5_02_00_00\driverlib\f28p55x\driverlib\ccs\Debug\</path>
         <kind>archive</kind>
         <file>driverlib.lib</file>
         <name>gpio.obj</name>
      </input_file>
      <input_file id="fl-10">
         <path>C:\ti\c2000\C2000Ware_5_02_00_00\driverlib\f28p55x\driverlib\ccs\Debug\</path>
         <kind>archive</kind>
         <file>driverlib.lib</file>
         <name>interrupt.obj</name>
      </input_file>
      <input_file id="fl-11">
         <path>C:\ti\c2000\C2000Ware_5_02_00_00\driverlib\f28p55x\driverlib\ccs\Debug\</path>
         <kind>archive</kind>
         <file>driverlib.lib</file>
         <name>mcan.obj</name>
      </input_file>
      <input_file id="fl-12">
         <path>C:\ti\c2000\C2000Ware_5_02_00_00\driverlib\f28p55x\driverlib\ccs\Debug\</path>
         <kind>archive</kind>
         <file>driverlib.lib</file>
         <name>pga.obj</name>
      </input_file>
      <input_file id="fl-13">
         <path>C:\ti\c2000\C2000Ware_5_02_00_00\driverlib\f28p55x\driverlib\ccs\Debug\</path>
         <kind>archive</kind>
         <file>driverlib.lib</file>
         <name>sysctl.obj</name>
      </input_file>
      <input_file id="fl-1f">
         <path>C:\ti\ccs1271\ccs\tools\compiler\ti-cgt-c2000_22.6.1.LTS\lib\</path>
         <kind>archive</kind>
         <file>rts2800_fpu32_eabi.lib</file>
         <name>boot28.asm.obj</name>
      </input_file>
      <input_file id="fl-20">
         <path>C:\ti\ccs1271\ccs\tools\compiler\ti-cgt-c2000_22.6.1.LTS\lib\</path>
         <kind>archive</kind>
         <file>rts2800_fpu32_eabi.lib</file>
         <name>fs_div28.asm.obj</name>
      </input_file>
      <input_file id="fl-21">
         <path>C:\ti\ccs1271\ccs\tools\compiler\ti-cgt-c2000_22.6.1.LTS\lib\</path>
         <kind>archive</kind>
         <file>rts2800_fpu32_eabi.lib</file>
         <name>memcpy.c.obj</name>
      </input_file>
      <input_file id="fl-22">
         <path>C:\ti\ccs1271\ccs\tools\compiler\ti-cgt-c2000_22.6.1.LTS\lib\</path>
         <kind>archive</kind>
         <file>rts2800_fpu32_eabi.lib</file>
         <name>pre_init.c.obj</name>
      </input_file>
      <input_file id="fl-23">
         <path>C:\ti\ccs1271\ccs\tools\compiler\ti-cgt-c2000_22.6.1.LTS\lib\</path>
         <kind>archive</kind>
         <file>rts2800_fpu32_eabi.lib</file>
         <name>autoinit.c.obj</name>
      </input_file>
      <input_file id="fl-24">
         <path>C:\ti\ccs1271\ccs\tools\compiler\ti-cgt-c2000_22.6.1.LTS\lib\</path>
         <kind>archive</kind>
         <file>rts2800_fpu32_eabi.lib</file>
         <name>copy_zero_init.c.obj</name>
      </input_file>
      <input_file id="fl-25">
         <path>C:\ti\ccs1271\ccs\tools\compiler\ti-cgt-c2000_22.6.1.LTS\lib\</path>
         <kind>archive</kind>
         <file>rts2800_fpu32_eabi.lib</file>
         <name>copy_decompress_none.c.obj</name>
      </input_file>
      <input_file id="fl-26">
         <path>C:\ti\ccs1271\ccs\tools\compiler\ti-cgt-c2000_22.6.1.LTS\lib\</path>
         <kind>archive</kind>
         <file>rts2800_fpu32_eabi.lib</file>
         <name>copy_decompress_lzss.c.obj</name>
      </input_file>
      <input_file id="fl-27">
         <path>C:\ti\ccs1271\ccs\tools\compiler\ti-cgt-c2000_22.6.1.LTS\lib\</path>
         <kind>archive</kind>
         <file>rts2800_fpu32_eabi.lib</file>
         <name>exit.c.obj</name>
      </input_file>
      <input_file id="fl-28">
         <path>C:\ti\ccs1271\ccs\tools\compiler\ti-cgt-c2000_22.6.1.LTS\lib\</path>
         <kind>archive</kind>
         <file>rts2800_fpu32_eabi.lib</file>
         <name>_lock.c.obj</name>
      </input_file>
      <input_file id="fl-29">
         <path>C:\ti\ccs1271\ccs\tools\compiler\ti-cgt-c2000_22.6.1.LTS\lib\</path>
         <kind>archive</kind>
         <file>rts2800_fpu32_eabi.lib</file>
         <name>args_main.c.obj</name>
      </input_file>
      <input_file id="fl-2a">
         <path>C:\ti\ccs1271\ccs\tools\compiler\ti-cgt-c2000_22.6.1.LTS\lib\</path>
         <kind>archive</kind>
         <file>rts2800_fpu32_eabi.lib</file>
         <name>memset.c.obj</name>
      </input_file>
      <input_file id="fl-2b">
         <path>C:\ti\ccs1271\ccs\tools\compiler\ti-cgt-c2000_22.6.1.LTS\lib\</path>
         <kind>archive</kind>
         <file>rts2800_fpu32_eabi.lib</file>
         <name>cpy_tbl.c.obj</name>
      </input_file>
      <input_file id="fl-2c">
         <path>C:\ti\ccs1271\ccs\tools\compiler\ti-cgt-c2000_22.6.1.LTS\lib\</path>
         <kind>archive</kind>
         <file>rts2800_fpu32_eabi.lib</file>
         <name>startup.c.obj</name>
      </input_file>
   </input_file_list>
   <object_component_list>
      <object_component id="oc-20">
         <name>codestart</name>
         <load_address>0x80000</load_address>
         <run_address>0x80000</run_address>
         <size>0x2</size>
         <input_file_ref idref="fl-6"/>
      </object_component>
      <object_component id="oc-1ec">
         <name>.text:MCAN_msgRAMConfig</name>
         <load_address>0x803e0</load_address>
         <run_address>0x803e0</run_address>
         <size>0x1c2</size>
         <input_file_ref idref="fl-11"/>
      </object_component>
      <object_component id="oc-16d">
         <name>.text:SysCtl_setClock</name>
         <load_address>0x805a2</load_address>
         <run_address>0x805a2</run_address>
         <size>0x123</size>
         <input_file_ref idref="fl-13"/>
      </object_component>
      <object_component id="oc-200">
         <name>.text:MCAN_writeMsg</name>
         <load_address>0x806c5</load_address>
         <run_address>0x806c5</run_address>
         <size>0x122</size>
         <input_file_ref idref="fl-11"/>
      </object_component>
      <object_component id="oc-27d">
         <name>.text:SysCtl_isPLLValid</name>
         <load_address>0x807e7</load_address>
         <run_address>0x807e7</run_address>
         <size>0xfe</size>
         <input_file_ref idref="fl-13"/>
      </object_component>
      <object_component id="oc-1e0">
         <name>.text:MCAN_init</name>
         <load_address>0x808e5</load_address>
         <run_address>0x808e5</run_address>
         <size>0xf0</size>
         <input_file_ref idref="fl-11"/>
      </object_component>
      <object_component id="oc-1a4">
         <name>.text:GPIO_setAnalogMode</name>
         <load_address>0x809d5</load_address>
         <run_address>0x809d5</run_address>
         <size>0xeb</size>
         <input_file_ref idref="fl-f"/>
      </object_component>
      <object_component id="oc-18c">
         <name>.text:Device_enableAllPeripherals</name>
         <load_address>0x80ac0</load_address>
         <run_address>0x80ac0</run_address>
         <size>0xd8</size>
         <input_file_ref idref="fl-5"/>
      </object_component>
      <object_component id="oc-d0">
         <name>.text:main</name>
         <load_address>0x80b98</load_address>
         <run_address>0x80b98</run_address>
         <size>0xd3</size>
         <input_file_ref idref="fl-4"/>
      </object_component>
      <object_component id="oc-f8">
         <name>.text:Device_init</name>
         <load_address>0x80c6b</load_address>
         <run_address>0x80c6b</run_address>
         <size>0xc7</size>
         <input_file_ref idref="fl-5"/>
      </object_component>
      <object_component id="oc-1e6">
         <name>.text:MCAN_setBitTime</name>
         <load_address>0x80d32</load_address>
         <run_address>0x80d32</run_address>
         <size>0xb9</size>
         <input_file_ref idref="fl-11"/>
      </object_component>
      <object_component id="oc-2e7">
         <name>.text</name>
         <load_address>0x80deb</load_address>
         <run_address>0x80deb</run_address>
         <size>0x88</size>
         <input_file_ref idref="fl-20"/>
      </object_component>
      <object_component id="oc-125">
         <name>.text:MCANConfig</name>
         <load_address>0x80e73</load_address>
         <run_address>0x80e73</run_address>
         <size>0x84</size>
         <input_file_ref idref="fl-4"/>
      </object_component>
      <object_component id="oc-31c">
         <name>.text:DCC_setCounterSeeds</name>
         <load_address>0x80ef7</load_address>
         <run_address>0x80ef7</run_address>
         <size>0x73</size>
         <input_file_ref idref="fl-13"/>
      </object_component>
      <object_component id="oc-179">
         <name>.text:SysCtl_getClock</name>
         <load_address>0x80f6a</load_address>
         <run_address>0x80f6a</run_address>
         <size>0x65</size>
         <input_file_ref idref="fl-13"/>
      </object_component>
      <object_component id="oc-12b">
         <name>.text:MCAN_writeMsgRam</name>
         <load_address>0x80fcf</load_address>
         <run_address>0x80fcf</run_address>
         <size>0x57</size>
         <input_file_ref idref="fl-11"/>
      </object_component>
      <object_component id="oc-104">
         <name>.text:GPIO_setPadConfig</name>
         <load_address>0x81026</load_address>
         <run_address>0x81026</run_address>
         <size>0x52</size>
         <input_file_ref idref="fl-f"/>
      </object_component>
      <object_component id="oc-2d9">
         <name>.text:SysCtl_selectXTAL</name>
         <load_address>0x81078</load_address>
         <run_address>0x81078</run_address>
         <size>0x46</size>
         <input_file_ref idref="fl-13"/>
      </object_component>
      <object_component id="oc-33f">
         <name>.text:SysCtl_pollX1Counter</name>
         <load_address>0x810be</load_address>
         <run_address>0x810be</run_address>
         <size>0x45</size>
         <input_file_ref idref="fl-13"/>
      </object_component>
      <object_component id="oc-198">
         <name>.text:PGA_setOffsetTrimPMOS</name>
         <load_address>0x81103</load_address>
         <run_address>0x81103</run_address>
         <size>0x44</size>
         <input_file_ref idref="fl-12"/>
      </object_component>
      <object_component id="oc-271">
         <name>.text:SysCtl_selectOscSource</name>
         <load_address>0x81147</load_address>
         <run_address>0x81147</run_address>
         <size>0x42</size>
         <input_file_ref idref="fl-13"/>
      </object_component>
      <object_component id="oc-192">
         <name>.text:PGA_setOffsetTrimNMOS</name>
         <load_address>0x81189</load_address>
         <run_address>0x81189</run_address>
         <size>0x41</size>
         <input_file_ref idref="fl-12"/>
      </object_component>
      <object_component id="oc-116">
         <name>.text:Interrupt_initModule</name>
         <load_address>0x811ca</load_address>
         <run_address>0x811ca</run_address>
         <size>0x3d</size>
         <input_file_ref idref="fl-10"/>
      </object_component>
      <object_component id="oc-11c">
         <name>.text:GPIO_setPinConfig</name>
         <load_address>0x81207</load_address>
         <run_address>0x81207</run_address>
         <size>0x37</size>
         <input_file_ref idref="fl-f"/>
      </object_component>
      <object_component id="oc-10a">
         <name>.text:GPIO_setDirectionMode</name>
         <load_address>0x8123e</load_address>
         <run_address>0x8123e</run_address>
         <size>0x31</size>
         <input_file_ref idref="fl-f"/>
      </object_component>
      <object_component id="oc-13">
         <name>.text:decompress:lzss</name>
         <load_address>0x8126f</load_address>
         <run_address>0x8126f</run_address>
         <size>0x30</size>
         <input_file_ref idref="fl-26"/>
      </object_component>
      <object_component id="oc-137">
         <name>.text:MCAN_txBufAddReq</name>
         <load_address>0x8129f</load_address>
         <run_address>0x8129f</run_address>
         <size>0x2c</size>
         <input_file_ref idref="fl-11"/>
      </object_component>
      <object_component id="oc-a0">
         <name>.text:__TI_auto_init_nobinit_nopinit</name>
         <load_address>0x812cb</load_address>
         <run_address>0x812cb</run_address>
         <size>0x2b</size>
         <input_file_ref idref="fl-23"/>
      </object_component>
      <object_component id="oc-110">
         <name>.text:SysCtl_setMCANClk</name>
         <load_address>0x812f6</load_address>
         <run_address>0x812f6</run_address>
         <size>0x29</size>
         <input_file_ref idref="fl-4"/>
      </object_component>
      <object_component id="oc-94">
         <name>.text</name>
         <load_address>0x8131f</load_address>
         <run_address>0x8131f</run_address>
         <size>0x29</size>
         <input_file_ref idref="fl-27"/>
      </object_component>
      <object_component id="oc-131">
         <name>.text:GPIO_writePin</name>
         <load_address>0x81348</load_address>
         <run_address>0x81348</run_address>
         <size>0x27</size>
         <input_file_ref idref="fl-4"/>
      </object_component>
      <object_component id="oc-2df">
         <name>.text:SysCtl_selectXTALSingleEnded</name>
         <load_address>0x8136f</load_address>
         <run_address>0x8136f</run_address>
         <size>0x25</size>
         <input_file_ref idref="fl-13"/>
      </object_component>
      <object_component id="oc-322">
         <name>.text:DCC_enableSingleShotMode</name>
         <load_address>0x81394</load_address>
         <run_address>0x81394</run_address>
         <size>0x24</size>
         <input_file_ref idref="fl-13"/>
      </object_component>
      <object_component id="oc-1b3">
         <name>.text:GPIO_isPinValid</name>
         <load_address>0x813b8</load_address>
         <run_address>0x813b8</run_address>
         <size>0x23</size>
         <input_file_ref idref="fl-f"/>
      </object_component>
      <object_component id="oc-208">
         <name>.text:GPIO_isPinValid</name>
         <load_address>0x813db</load_address>
         <run_address>0x813db</run_address>
         <size>0x23</size>
         <input_file_ref idref="fl-4"/>
      </object_component>
      <object_component id="oc-1ce">
         <name>.text:MCAN_isMemInitDone</name>
         <load_address>0x813fe</load_address>
         <run_address>0x813fe</run_address>
         <size>0x1f</size>
         <input_file_ref idref="fl-11"/>
      </object_component>
      <object_component id="oc-310">
         <name>.text:DCC_setCounter0ClkSource</name>
         <load_address>0x8141d</load_address>
         <run_address>0x8141d</run_address>
         <size>0x1e</size>
         <input_file_ref idref="fl-13"/>
      </object_component>
      <object_component id="oc-316">
         <name>.text:DCC_setCounter1ClkSource</name>
         <load_address>0x8143b</load_address>
         <run_address>0x8143b</run_address>
         <size>0x1e</size>
         <input_file_ref idref="fl-13"/>
      </object_component>
      <object_component id="oc-2d">
         <name>.text:Interrupt_initVectorTable</name>
         <load_address>0x81459</load_address>
         <run_address>0x81459</run_address>
         <size>0x1e</size>
         <input_file_ref idref="fl-10"/>
      </object_component>
      <object_component id="oc-46">
         <name>.text</name>
         <load_address>0x81477</load_address>
         <run_address>0x81477</run_address>
         <size>0x1d</size>
         <input_file_ref idref="fl-21"/>
      </object_component>
      <object_component id="oc-fe">
         <name>.text:Device_initGPIO</name>
         <load_address>0x81494</load_address>
         <run_address>0x81494</run_address>
         <size>0x1a</size>
         <input_file_ref idref="fl-5"/>
      </object_component>
      <object_component id="oc-186">
         <name>.text:SysCtl_getLowSpeedClock</name>
         <load_address>0x814ae</load_address>
         <run_address>0x814ae</run_address>
         <size>0x1a</size>
         <input_file_ref idref="fl-13"/>
      </object_component>
      <object_component id="oc-1d4">
         <name>.text:MCAN_setOpMode</name>
         <load_address>0x814c8</load_address>
         <run_address>0x814c8</run_address>
         <size>0x19</size>
         <input_file_ref idref="fl-11"/>
      </object_component>
      <object_component id="oc-216">
         <name>.text:MCAN_writeProtectedRegAccessLock</name>
         <load_address>0x814e1</load_address>
         <run_address>0x814e1</run_address>
         <size>0x19</size>
         <input_file_ref idref="fl-11"/>
      </object_component>
      <object_component id="oc-2b2">
         <name>.text:MCAN_writeProtectedRegAccessUnlock</name>
         <load_address>0x814fa</load_address>
         <run_address>0x814fa</run_address>
         <size>0x19</size>
         <input_file_ref idref="fl-11"/>
      </object_component>
      <object_component id="oc-277">
         <name>.text:SysCtl_setPLLSysClk</name>
         <load_address>0x81513</load_address>
         <run_address>0x81513</run_address>
         <size>0x19</size>
         <input_file_ref idref="fl-13"/>
      </object_component>
      <object_component id="oc-2aa">
         <name>.text:HW_WR_FIELD32_RAW</name>
         <load_address>0x8152c</load_address>
         <run_address>0x8152c</run_address>
         <size>0x17</size>
         <input_file_ref idref="fl-11"/>
      </object_component>
      <object_component id="oc-1da">
         <name>.text:MCAN_getOpMode</name>
         <load_address>0x81543</load_address>
         <run_address>0x81543</run_address>
         <size>0x17</size>
         <input_file_ref idref="fl-11"/>
      </object_component>
      <object_component id="oc-290">
         <name>.text:PGA_isBaseValid</name>
         <load_address>0x8155a</load_address>
         <run_address>0x8155a</run_address>
         <size>0x17</size>
         <input_file_ref idref="fl-12"/>
      </object_component>
      <object_component id="oc-289">
         <name>.text:SysCtl_enablePeripheral</name>
         <load_address>0x81571</load_address>
         <run_address>0x81571</run_address>
         <size>0x17</size>
         <input_file_ref idref="fl-5"/>
      </object_component>
      <object_component id="oc-2ec">
         <name>.text:SysCtl_enablePeripheral</name>
         <load_address>0x81588</load_address>
         <run_address>0x81588</run_address>
         <size>0x17</size>
         <input_file_ref idref="fl-13"/>
      </object_component>
      <object_component id="oc-76">
         <name>.text</name>
         <load_address>0x8159f</load_address>
         <run_address>0x8159f</run_address>
         <size>0x17</size>
         <input_file_ref idref="fl-1f"/>
      </object_component>
      <object_component id="oc-30a">
         <name>.text:DCC_disableDoneSignal</name>
         <load_address>0x815b6</load_address>
         <run_address>0x815b6</run_address>
         <size>0x16</size>
         <input_file_ref idref="fl-13"/>
      </object_component>
      <object_component id="oc-2b">
         <name>.text:Interrupt_defaultHandler</name>
         <load_address>0x815cc</load_address>
         <run_address>0x815cc</run_address>
         <size>0x16</size>
         <input_file_ref idref="fl-10"/>
      </object_component>
      <object_component id="oc-2f8">
         <name>.text:DCC_clearDoneFlag</name>
         <load_address>0x815e2</load_address>
         <run_address>0x815e2</run_address>
         <size>0x15</size>
         <input_file_ref idref="fl-13"/>
      </object_component>
      <object_component id="oc-2f2">
         <name>.text:DCC_clearErrorFlag</name>
         <load_address>0x815f7</load_address>
         <run_address>0x815f7</run_address>
         <size>0x15</size>
         <input_file_ref idref="fl-13"/>
      </object_component>
      <object_component id="oc-304">
         <name>.text:DCC_disableErrorSignal</name>
         <load_address>0x8160c</load_address>
         <run_address>0x8160c</run_address>
         <size>0x15</size>
         <input_file_ref idref="fl-13"/>
      </object_component>
      <object_component id="oc-34f">
         <name>.text:DCC_isBaseValid</name>
         <load_address>0x81621</load_address>
         <run_address>0x81621</run_address>
         <size>0x15</size>
         <input_file_ref idref="fl-13"/>
      </object_component>
      <object_component id="oc-1ac">
         <name>.text:GPIO_unlockPortConfig</name>
         <load_address>0x81636</load_address>
         <run_address>0x81636</run_address>
         <size>0x15</size>
         <input_file_ref idref="fl-5"/>
      </object_component>
      <object_component id="oc-1f3">
         <name>.text:MCAN_isBaseValid</name>
         <load_address>0x8164b</load_address>
         <run_address>0x8164b</run_address>
         <size>0x15</size>
         <input_file_ref idref="fl-11"/>
      </object_component>
      <object_component id="oc-2fe">
         <name>.text:DCC_disableModule</name>
         <load_address>0x81660</load_address>
         <run_address>0x81660</run_address>
         <size>0x14</size>
         <input_file_ref idref="fl-13"/>
      </object_component>
      <object_component id="oc-328">
         <name>.text:DCC_enableModule</name>
         <load_address>0x81674</load_address>
         <run_address>0x81674</run_address>
         <size>0x14</size>
         <input_file_ref idref="fl-13"/>
      </object_component>
      <object_component id="oc-2bd">
         <name>.text:MCAN_getDataSize</name>
         <load_address>0x81688</load_address>
         <run_address>0x81688</run_address>
         <size>0x14</size>
         <input_file_ref idref="fl-11"/>
      </object_component>
      <object_component id="oc-1c8">
         <name>.text:MCAN_getMsgObjSize</name>
         <load_address>0x8169c</load_address>
         <run_address>0x8169c</run_address>
         <size>0x14</size>
         <input_file_ref idref="fl-11"/>
      </object_component>
      <object_component id="oc-13d">
         <name>.text:MCAN_getTxBufReqPend</name>
         <load_address>0x816b0</load_address>
         <run_address>0x816b0</run_address>
         <size>0x13</size>
         <input_file_ref idref="fl-11"/>
      </object_component>
      <object_component id="oc-237">
         <name>.text:Flash_isCtrlBaseValid</name>
         <load_address>0x816c3</load_address>
         <run_address>0x816c3</run_address>
         <size>0x10</size>
         <input_file_ref idref="fl-e"/>
      </object_component>
      <object_component id="oc-23e">
         <name>.text:Flash_isECCBaseValid</name>
         <load_address>0x816d3</load_address>
         <run_address>0x816d3</run_address>
         <size>0x10</size>
         <input_file_ref idref="fl-e"/>
      </object_component>
      <object_component id="oc-1fa">
         <name>.text:HW_RD_FIELD32_RAW</name>
         <load_address>0x816e3</load_address>
         <run_address>0x816e3</run_address>
         <size>0xd</size>
         <input_file_ref idref="fl-11"/>
      </object_component>
      <object_component id="oc-1be">
         <name>.text:Interrupt_disableGlobal</name>
         <load_address>0x816f0</load_address>
         <run_address>0x816f0</run_address>
         <size>0xd</size>
         <input_file_ref idref="fl-10"/>
      </object_component>
      <object_component id="oc-173">
         <name>.text:SysCtl_setLowSpeedClock</name>
         <load_address>0x816fd</load_address>
         <run_address>0x816fd</run_address>
         <size>0xd</size>
         <input_file_ref idref="fl-5"/>
      </object_component>
      <object_component id="oc-4e">
         <name>.text:decompress:ZI:__TI_zero_init_nomemset</name>
         <load_address>0x8170a</load_address>
         <run_address>0x8170a</run_address>
         <size>0xd</size>
         <input_file_ref idref="fl-24"/>
      </object_component>
      <object_component id="oc-8e">
         <name>.text</name>
         <load_address>0x81717</load_address>
         <run_address>0x81717</run_address>
         <size>0xc</size>
         <input_file_ref idref="fl-29"/>
      </object_component>
      <object_component id="oc-161">
         <name>.text:SysCtl_disableWatchdog</name>
         <load_address>0x81723</load_address>
         <run_address>0x81723</run_address>
         <size>0xb</size>
         <input_file_ref idref="fl-5"/>
      </object_component>
      <object_component id="oc-26b">
         <name>.text:SysCtl_isMCDClockFailureDetected</name>
         <load_address>0x8172e</load_address>
         <run_address>0x8172e</run_address>
         <size>0xb</size>
         <input_file_ref idref="fl-13"/>
      </object_component>
      <object_component id="oc-37">
         <name>.text:Interrupt_illegalOperationHandler</name>
         <load_address>0x81739</load_address>
         <run_address>0x81739</run_address>
         <size>0xa</size>
         <input_file_ref idref="fl-10"/>
      </object_component>
      <object_component id="oc-3d">
         <name>.text:Interrupt_nmiHandler</name>
         <load_address>0x81743</load_address>
         <run_address>0x81743</run_address>
         <size>0xa</size>
         <input_file_ref idref="fl-10"/>
      </object_component>
      <object_component id="oc-14e">
         <name>.text</name>
         <load_address>0x8174d</load_address>
         <run_address>0x8174d</run_address>
         <size>0x9</size>
         <input_file_ref idref="fl-28"/>
      </object_component>
      <object_component id="oc-19">
         <name>.text:decompress:none</name>
         <load_address>0x81756</load_address>
         <run_address>0x81756</run_address>
         <size>0x8</size>
         <input_file_ref idref="fl-25"/>
      </object_component>
      <object_component id="oc-5a">
         <name>.text</name>
         <load_address>0x8175e</load_address>
         <run_address>0x8175e</run_address>
         <size>0x8</size>
         <input_file_ref idref="fl-6"/>
      </object_component>
      <object_component id="oc-19e">
         <name>.text:ASysCtl_lockVREG</name>
         <load_address>0x81766</load_address>
         <run_address>0x81766</run_address>
         <size>0x7</size>
         <input_file_ref idref="fl-5"/>
      </object_component>
      <object_component id="oc-210">
         <name>.text:HW_RD_REG32_RAW</name>
         <load_address>0x8176d</load_address>
         <run_address>0x8176d</run_address>
         <size>0x7</size>
         <input_file_ref idref="fl-11"/>
      </object_component>
      <object_component id="oc-21c">
         <name>.text:HW_WR_REG32_RAW</name>
         <load_address>0x81774</load_address>
         <run_address>0x81774</run_address>
         <size>0x7</size>
         <input_file_ref idref="fl-11"/>
      </object_component>
      <object_component id="oc-345">
         <name>.text:SysCtl_resetMCD</name>
         <load_address>0x8177b</load_address>
         <run_address>0x8177b</run_address>
         <size>0x7</size>
         <input_file_ref idref="fl-13"/>
      </object_component>
      <object_component id="oc-180">
         <name>.text:__error__</name>
         <load_address>0x81782</load_address>
         <run_address>0x81782</run_address>
         <size>0x7</size>
         <input_file_ref idref="fl-5"/>
      </object_component>
      <object_component id="oc-87">
         <name>.text</name>
         <load_address>0x81789</load_address>
         <run_address>0x81789</run_address>
         <size>0x2</size>
         <input_file_ref idref="fl-22"/>
      </object_component>
      <object_component id="oc-e3">
         <name>.text</name>
         <load_address>0x8178b</load_address>
         <run_address>0x8178b</run_address>
         <size>0x1</size>
         <input_file_ref idref="fl-2c"/>
      </object_component>
      <object_component id="oc-38d">
         <name>.cinit..data.load</name>
         <load_address>0x81790</load_address>
         <run_address>0x81790</run_address>
         <size>0x2f</size>
      </object_component>
      <object_component id="oc-38a">
         <name>__TI_handler_table</name>
         <load_address>0x817c0</load_address>
         <run_address>0x817c0</run_address>
         <size>0x6</size>
      </object_component>
      <object_component id="oc-38c">
         <name>.cinit..bss.load</name>
         <load_address>0x817c6</load_address>
         <run_address>0x817c6</run_address>
         <size>0x4</size>
      </object_component>
      <object_component id="oc-38b">
         <name>__TI_cinit_table</name>
         <load_address>0x817ca</load_address>
         <run_address>0x817ca</run_address>
         <size>0x8</size>
      </object_component>
      <object_component id="oc-43">
         <name>.stack</name>
         <uninitialized>true</uninitialized>
         <run_address>0x400</run_address>
         <size>0x0</size>
         <input_file_ref idref="fl-1f"/>
      </object_component>
      <object_component id="oc-38e">
         <name>.stack</name>
         <uninitialized>true</uninitialized>
         <run_address>0x400</run_address>
         <size>0x0</size>
      </object_component>
      <object_component id="oc-122">
         <name>.bss:txMsg</name>
         <uninitialized>true</uninitialized>
         <run_address>0xa800</run_address>
         <size>0x52</size>
         <input_file_ref idref="fl-4"/>
      </object_component>
      <object_component id="oc-23d">
         <name>.const:.string</name>
         <load_address>0x80008</load_address>
         <run_address>0x80008</run_address>
         <size>0x9b</size>
         <input_file_ref idref="fl-e"/>
      </object_component>
      <object_component id="oc-26a">
         <name>.const:.string</name>
         <load_address>0x800a4</load_address>
         <run_address>0x800a4</run_address>
         <size>0x9a</size>
         <input_file_ref idref="fl-13"/>
      </object_component>
      <object_component id="oc-1b9">
         <name>.const:.string</name>
         <load_address>0x8013e</load_address>
         <run_address>0x8013e</run_address>
         <size>0x98</size>
         <input_file_ref idref="fl-f"/>
      </object_component>
      <object_component id="oc-17f">
         <name>.const:.string</name>
         <load_address>0x801d6</load_address>
         <run_address>0x801d6</run_address>
         <size>0x59</size>
         <input_file_ref idref="fl-5"/>
      </object_component>
      <object_component id="oc-1f9">
         <name>.const:.string</name>
         <load_address>0x80230</load_address>
         <run_address>0x80230</run_address>
         <size>0x4c</size>
         <input_file_ref idref="fl-11"/>
      </object_component>
      <object_component id="oc-296">
         <name>.const:.string</name>
         <load_address>0x8027c</load_address>
         <run_address>0x8027c</run_address>
         <size>0x4b</size>
         <input_file_ref idref="fl-12"/>
      </object_component>
      <object_component id="oc-20e">
         <name>.const:.string</name>
         <load_address>0x802c8</load_address>
         <run_address>0x802c8</run_address>
         <size>0x44</size>
         <input_file_ref idref="fl-4"/>
      </object_component>
      <object_component id="oc-144">
         <name>.data</name>
         <load_address>0xa888</load_address>
         <run_address>0xa888</run_address>
         <size>0x4</size>
         <input_file_ref idref="fl-4"/>
      </object_component>
      <object_component id="oc-2a5">
         <name>.data:objSize</name>
         <load_address>0xa872</load_address>
         <run_address>0xa872</run_address>
         <size>0x10</size>
         <input_file_ref idref="fl-11"/>
      </object_component>
      <object_component id="oc-33b">
         <name>.data:dataSize</name>
         <load_address>0xa852</load_address>
         <run_address>0xa852</run_address>
         <size>0x20</size>
         <input_file_ref idref="fl-11"/>
      </object_component>
      <object_component id="oc-d8">
         <name>.data</name>
         <load_address>0xa882</load_address>
         <run_address>0xa882</run_address>
         <size>0x6</size>
         <input_file_ref idref="fl-27"/>
      </object_component>
      <object_component id="oc-db">
         <name>.data:_lock</name>
         <load_address>0xa88c</load_address>
         <run_address>0xa88c</run_address>
         <size>0x2</size>
         <input_file_ref idref="fl-28"/>
      </object_component>
      <object_component id="oc-229">
         <name>.data:_unlock</name>
         <load_address>0xa88e</load_address>
         <run_address>0xa88e</run_address>
         <size>0x2</size>
         <input_file_ref idref="fl-28"/>
      </object_component>
      <object_component id="oc-167">
         <name>.TI.ramfunc:Flash_initModule</name>
         <load_address>0x80310</load_address>
         <run_address>0x8000</run_address>
         <size>0x36</size>
         <input_file_ref idref="fl-e"/>
      </object_component>
      <object_component id="oc-250">
         <name>.TI.ramfunc:Flash_setWaitstates</name>
         <load_address>0x80346</load_address>
         <run_address>0x8036</run_address>
         <size>0x22</size>
         <input_file_ref idref="fl-e"/>
      </object_component>
      <object_component id="oc-244">
         <name>.TI.ramfunc:Flash_disableCache</name>
         <load_address>0x80368</load_address>
         <run_address>0x8058</run_address>
         <size>0x18</size>
         <input_file_ref idref="fl-e"/>
      </object_component>
      <object_component id="oc-24a">
         <name>.TI.ramfunc:Flash_disablePrefetch</name>
         <load_address>0x80380</load_address>
         <run_address>0x8070</run_address>
         <size>0x17</size>
         <input_file_ref idref="fl-e"/>
      </object_component>
      <object_component id="oc-256">
         <name>.TI.ramfunc:Flash_enableCache</name>
         <load_address>0x80397</load_address>
         <run_address>0x8087</run_address>
         <size>0x16</size>
         <input_file_ref idref="fl-e"/>
      </object_component>
      <object_component id="oc-262">
         <name>.TI.ramfunc:Flash_enableECC</name>
         <load_address>0x803ad</load_address>
         <run_address>0x809d</run_address>
         <size>0x16</size>
         <input_file_ref idref="fl-e"/>
      </object_component>
      <object_component id="oc-25c">
         <name>.TI.ramfunc:Flash_enablePrefetch</name>
         <load_address>0x803c3</load_address>
         <run_address>0x80b3</run_address>
         <size>0x16</size>
         <input_file_ref idref="fl-e"/>
      </object_component>
      <object_component id="oc-143">
         <name>.TI.ramfunc</name>
         <load_address>0x803d9</load_address>
         <run_address>0x80c9</run_address>
         <size>0x4</size>
         <input_file_ref idref="fl-13"/>
      </object_component>
      <object_component id="oc-148">
         <name>.debug_types</name>
         <load_address>0x0</load_address>
         <run_address>0x0</run_address>
         <size>0x12f0</size>
         <input_file_ref idref="fl-4"/>
      </object_component>
      <object_component id="oc-1ab">
         <name>.debug_types</name>
         <load_address>0x12f0</load_address>
         <run_address>0x12f0</run_address>
         <size>0xd09</size>
         <input_file_ref idref="fl-5"/>
      </object_component>
      <object_component id="oc-269">
         <name>.debug_types</name>
         <load_address>0x0</load_address>
         <run_address>0x0</run_address>
         <size>0x0</size>
         <input_file_ref idref="fl-e"/>
      </object_component>
      <object_component id="oc-1bb">
         <name>.debug_types</name>
         <load_address>0x1ff9</load_address>
         <run_address>0x1ff9</run_address>
         <size>0x3a8</size>
         <input_file_ref idref="fl-f"/>
      </object_component>
      <object_component id="oc-61">
         <name>.debug_types</name>
         <load_address>0x0</load_address>
         <run_address>0x0</run_address>
         <size>0x0</size>
         <input_file_ref idref="fl-10"/>
      </object_component>
      <object_component id="oc-207">
         <name>.debug_types</name>
         <load_address>0x23a1</load_address>
         <run_address>0x23a1</run_address>
         <size>0x17bc</size>
         <input_file_ref idref="fl-11"/>
      </object_component>
      <object_component id="oc-298">
         <name>.debug_types</name>
         <load_address>0x0</load_address>
         <run_address>0x0</run_address>
         <size>0x0</size>
         <input_file_ref idref="fl-12"/>
      </object_component>
      <object_component id="oc-284">
         <name>.debug_types</name>
         <load_address>0x3b5d</load_address>
         <run_address>0x3b5d</run_address>
         <size>0xad6</size>
         <input_file_ref idref="fl-13"/>
      </object_component>
      <object_component id="oc-69">
         <name>.debug_types</name>
         <load_address>0x4633</load_address>
         <run_address>0x4633</run_address>
         <size>0xe3</size>
         <input_file_ref idref="fl-21"/>
      </object_component>
      <object_component id="oc-9f">
         <name>.debug_types</name>
         <load_address>0x0</load_address>
         <run_address>0x0</run_address>
         <size>0x0</size>
         <input_file_ref idref="fl-22"/>
      </object_component>
      <object_component id="oc-ea">
         <name>.debug_types</name>
         <load_address>0x4716</load_address>
         <run_address>0x4716</run_address>
         <size>0x4bd</size>
         <input_file_ref idref="fl-23"/>
      </object_component>
      <object_component id="oc-6e">
         <name>.debug_types</name>
         <load_address>0x4bd3</load_address>
         <run_address>0x4bd3</run_address>
         <size>0x194</size>
         <input_file_ref idref="fl-24"/>
      </object_component>
      <object_component id="oc-4d">
         <name>.debug_types</name>
         <load_address>0x0</load_address>
         <run_address>0x0</run_address>
         <size>0x0</size>
         <input_file_ref idref="fl-25"/>
      </object_component>
      <object_component id="oc-45">
         <name>.debug_types</name>
         <load_address>0x4d67</load_address>
         <run_address>0x4d67</run_address>
         <size>0x191</size>
         <input_file_ref idref="fl-26"/>
      </object_component>
      <object_component id="oc-df">
         <name>.debug_types</name>
         <load_address>0x4ef8</load_address>
         <run_address>0x4ef8</run_address>
         <size>0xbf</size>
         <input_file_ref idref="fl-27"/>
      </object_component>
      <object_component id="oc-156">
         <name>.debug_types</name>
         <load_address>0x4fb7</load_address>
         <run_address>0x4fb7</run_address>
         <size>0x2f</size>
         <input_file_ref idref="fl-28"/>
      </object_component>
      <object_component id="oc-d7">
         <name>.debug_types</name>
         <load_address>0x4fe6</load_address>
         <run_address>0x4fe6</run_address>
         <size>0xe1</size>
         <input_file_ref idref="fl-29"/>
      </object_component>
      <object_component id="oc-15b">
         <name>.debug_types</name>
         <load_address>0x0</load_address>
         <run_address>0x0</run_address>
         <size>0x0</size>
         <input_file_ref idref="fl-2c"/>
      </object_component>
      <object_component id="oc-145">
         <name>.debug_info</name>
         <load_address>0x0</load_address>
         <run_address>0x0</run_address>
         <size>0x10c</size>
         <input_file_ref idref="fl-4"/>
      </object_component>
      <object_component id="oc-123">
         <name>.debug_info</name>
         <load_address>0x10c</load_address>
         <run_address>0x10c</run_address>
         <size>0xea</size>
         <input_file_ref idref="fl-4"/>
      </object_component>
      <object_component id="oc-112">
         <name>.debug_info</name>
         <load_address>0x1f6</load_address>
         <run_address>0x1f6</run_address>
         <size>0x1a9</size>
         <input_file_ref idref="fl-4"/>
      </object_component>
      <object_component id="oc-20b">
         <name>.debug_info</name>
         <load_address>0x39f</load_address>
         <run_address>0x39f</run_address>
         <size>0x178</size>
         <input_file_ref idref="fl-4"/>
      </object_component>
      <object_component id="oc-132">
         <name>.debug_info</name>
         <load_address>0x517</load_address>
         <run_address>0x517</run_address>
         <size>0x1d1</size>
         <input_file_ref idref="fl-4"/>
      </object_component>
      <object_component id="oc-d1">
         <name>.debug_info</name>
         <load_address>0x6e8</load_address>
         <run_address>0x6e8</run_address>
         <size>0x2b4</size>
         <input_file_ref idref="fl-4"/>
      </object_component>
      <object_component id="oc-126">
         <name>.debug_info</name>
         <load_address>0x99c</load_address>
         <run_address>0x99c</run_address>
         <size>0x254</size>
         <input_file_ref idref="fl-4"/>
      </object_component>
      <object_component id="oc-1a0">
         <name>.debug_info</name>
         <load_address>0xbf0</load_address>
         <run_address>0xbf0</run_address>
         <size>0x154</size>
         <input_file_ref idref="fl-5"/>
      </object_component>
      <object_component id="oc-28a">
         <name>.debug_info</name>
         <load_address>0xd44</load_address>
         <run_address>0xd44</run_address>
         <size>0x1b8</size>
         <input_file_ref idref="fl-5"/>
      </object_component>
      <object_component id="oc-175">
         <name>.debug_info</name>
         <load_address>0xefc</load_address>
         <run_address>0xefc</run_address>
         <size>0x18c</size>
         <input_file_ref idref="fl-5"/>
      </object_component>
      <object_component id="oc-163">
         <name>.debug_info</name>
         <load_address>0x1088</load_address>
         <run_address>0x1088</run_address>
         <size>0x15f</size>
         <input_file_ref idref="fl-5"/>
      </object_component>
      <object_component id="oc-1ad">
         <name>.debug_info</name>
         <load_address>0x11e7</load_address>
         <run_address>0x11e7</run_address>
         <size>0x1bb</size>
         <input_file_ref idref="fl-5"/>
      </object_component>
      <object_component id="oc-fb">
         <name>.debug_info</name>
         <load_address>0x13a2</load_address>
         <run_address>0x13a2</run_address>
         <size>0x319</size>
         <input_file_ref idref="fl-5"/>
      </object_component>
      <object_component id="oc-18e">
         <name>.debug_info</name>
         <load_address>0x16bb</load_address>
         <run_address>0x16bb</run_address>
         <size>0x7c7</size>
         <input_file_ref idref="fl-5"/>
      </object_component>
      <object_component id="oc-100">
         <name>.debug_info</name>
         <load_address>0x1e82</load_address>
         <run_address>0x1e82</run_address>
         <size>0x1a5</size>
         <input_file_ref idref="fl-5"/>
      </object_component>
      <object_component id="oc-182">
         <name>.debug_info</name>
         <load_address>0x2027</load_address>
         <run_address>0x2027</run_address>
         <size>0x15c</size>
         <input_file_ref idref="fl-5"/>
      </object_component>
      <object_component id="oc-23">
         <name>.debug_info</name>
         <load_address>0x2183</load_address>
         <run_address>0x2183</run_address>
         <size>0x10f</size>
         <input_file_ref idref="fl-6"/>
      </object_component>
      <object_component id="oc-5b">
         <name>.debug_info</name>
         <load_address>0x2292</load_address>
         <run_address>0x2292</run_address>
         <size>0x110</size>
         <input_file_ref idref="fl-6"/>
      </object_component>
      <object_component id="oc-23b">
         <name>.debug_info</name>
         <load_address>0x23a2</load_address>
         <run_address>0x23a2</run_address>
         <size>0x1e2</size>
         <input_file_ref idref="fl-e"/>
      </object_component>
      <object_component id="oc-242">
         <name>.debug_info</name>
         <load_address>0x2584</load_address>
         <run_address>0x2584</run_address>
         <size>0x1de</size>
         <input_file_ref idref="fl-e"/>
      </object_component>
      <object_component id="oc-253">
         <name>.debug_info</name>
         <load_address>0x2762</load_address>
         <run_address>0x2762</run_address>
         <size>0x23c</size>
         <input_file_ref idref="fl-e"/>
      </object_component>
      <object_component id="oc-25d">
         <name>.debug_info</name>
         <load_address>0x299e</load_address>
         <run_address>0x299e</run_address>
         <size>0x202</size>
         <input_file_ref idref="fl-e"/>
      </object_component>
      <object_component id="oc-24b">
         <name>.debug_info</name>
         <load_address>0x2ba0</load_address>
         <run_address>0x2ba0</run_address>
         <size>0x204</size>
         <input_file_ref idref="fl-e"/>
      </object_component>
      <object_component id="oc-257">
         <name>.debug_info</name>
         <load_address>0x2da4</load_address>
         <run_address>0x2da4</run_address>
         <size>0x1fc</size>
         <input_file_ref idref="fl-e"/>
      </object_component>
      <object_component id="oc-247">
         <name>.debug_info</name>
         <load_address>0x2fa0</load_address>
         <run_address>0x2fa0</run_address>
         <size>0x200</size>
         <input_file_ref idref="fl-e"/>
      </object_component>
      <object_component id="oc-263">
         <name>.debug_info</name>
         <load_address>0x31a0</load_address>
         <run_address>0x31a0</run_address>
         <size>0x1f7</size>
         <input_file_ref idref="fl-e"/>
      </object_component>
      <object_component id="oc-16a">
         <name>.debug_info</name>
         <load_address>0x3397</load_address>
         <run_address>0x3397</run_address>
         <size>0x305</size>
         <input_file_ref idref="fl-e"/>
      </object_component>
      <object_component id="oc-1b5">
         <name>.debug_info</name>
         <load_address>0x369c</load_address>
         <run_address>0x369c</run_address>
         <size>0x1ca</size>
         <input_file_ref idref="fl-f"/>
      </object_component>
      <object_component id="oc-10d">
         <name>.debug_info</name>
         <load_address>0x3866</load_address>
         <run_address>0x3866</run_address>
         <size>0x242</size>
         <input_file_ref idref="fl-f"/>
      </object_component>
      <object_component id="oc-108">
         <name>.debug_info</name>
         <load_address>0x3aa8</load_address>
         <run_address>0x3aa8</run_address>
         <size>0x22b</size>
         <input_file_ref idref="fl-f"/>
      </object_component>
      <object_component id="oc-1a8">
         <name>.debug_info</name>
         <load_address>0x3cd3</load_address>
         <run_address>0x3cd3</run_address>
         <size>0x227</size>
         <input_file_ref idref="fl-f"/>
      </object_component>
      <object_component id="oc-120">
         <name>.debug_info</name>
         <load_address>0x3efa</load_address>
         <run_address>0x3efa</run_address>
         <size>0x214</size>
         <input_file_ref idref="fl-f"/>
      </object_component>
      <object_component id="oc-1bf">
         <name>.debug_info</name>
         <load_address>0x410e</load_address>
         <run_address>0x410e</run_address>
         <size>0x1c5</size>
         <input_file_ref idref="fl-10"/>
      </object_component>
      <object_component id="oc-117">
         <name>.debug_info</name>
         <load_address>0x42d3</load_address>
         <run_address>0x42d3</run_address>
         <size>0x1d4</size>
         <input_file_ref idref="fl-10"/>
      </object_component>
      <object_component id="oc-33">
         <name>.debug_info</name>
         <load_address>0x44a7</load_address>
         <run_address>0x44a7</run_address>
         <size>0x1e1</size>
         <input_file_ref idref="fl-10"/>
      </object_component>
      <object_component id="oc-39">
         <name>.debug_info</name>
         <load_address>0x4688</load_address>
         <run_address>0x4688</run_address>
         <size>0x1c7</size>
         <input_file_ref idref="fl-10"/>
      </object_component>
      <object_component id="oc-3f">
         <name>.debug_info</name>
         <load_address>0x484f</load_address>
         <run_address>0x484f</run_address>
         <size>0x1ad</size>
         <input_file_ref idref="fl-10"/>
      </object_component>
      <object_component id="oc-2e">
         <name>.debug_info</name>
         <load_address>0x49fc</load_address>
         <run_address>0x49fc</run_address>
         <size>0x1cf</size>
         <input_file_ref idref="fl-10"/>
      </object_component>
      <object_component id="oc-2a6">
         <name>.debug_info</name>
         <load_address>0x4bcb</load_address>
         <run_address>0x4bcb</run_address>
         <size>0x138</size>
         <input_file_ref idref="fl-11"/>
      </object_component>
      <object_component id="oc-33c">
         <name>.debug_info</name>
         <load_address>0x4d03</load_address>
         <run_address>0x4d03</run_address>
         <size>0x13a</size>
         <input_file_ref idref="fl-11"/>
      </object_component>
      <object_component id="oc-211">
         <name>.debug_info</name>
         <load_address>0x4e3d</load_address>
         <run_address>0x4e3d</run_address>
         <size>0x1ee</size>
         <input_file_ref idref="fl-11"/>
      </object_component>
      <object_component id="oc-21d">
         <name>.debug_info</name>
         <load_address>0x502b</load_address>
         <run_address>0x502b</run_address>
         <size>0x1e5</size>
         <input_file_ref idref="fl-11"/>
      </object_component>
      <object_component id="oc-2ab">
         <name>.debug_info</name>
         <load_address>0x5210</load_address>
         <run_address>0x5210</run_address>
         <size>0x21f</size>
         <input_file_ref idref="fl-11"/>
      </object_component>
      <object_component id="oc-1fb">
         <name>.debug_info</name>
         <load_address>0x542f</load_address>
         <run_address>0x542f</run_address>
         <size>0x215</size>
         <input_file_ref idref="fl-11"/>
      </object_component>
      <object_component id="oc-1f4">
         <name>.debug_info</name>
         <load_address>0x5644</load_address>
         <run_address>0x5644</run_address>
         <size>0x1d6</size>
         <input_file_ref idref="fl-11"/>
      </object_component>
      <object_component id="oc-1cf">
         <name>.debug_info</name>
         <load_address>0x581a</load_address>
         <run_address>0x581a</run_address>
         <size>0x23e</size>
         <input_file_ref idref="fl-11"/>
      </object_component>
      <object_component id="oc-1d5">
         <name>.debug_info</name>
         <load_address>0x5a58</load_address>
         <run_address>0x5a58</run_address>
         <size>0x219</size>
         <input_file_ref idref="fl-11"/>
      </object_component>
      <object_component id="oc-1db">
         <name>.debug_info</name>
         <load_address>0x5c71</load_address>
         <run_address>0x5c71</run_address>
         <size>0x210</size>
         <input_file_ref idref="fl-11"/>
      </object_component>
      <object_component id="oc-1e1">
         <name>.debug_info</name>
         <load_address>0x5e81</load_address>
         <run_address>0x5e81</run_address>
         <size>0x340</size>
         <input_file_ref idref="fl-11"/>
      </object_component>
      <object_component id="oc-1e7">
         <name>.debug_info</name>
         <load_address>0x61c1</load_address>
         <run_address>0x61c1</run_address>
         <size>0x345</size>
         <input_file_ref idref="fl-11"/>
      </object_component>
      <object_component id="oc-1ed">
         <name>.debug_info</name>
         <load_address>0x6506</load_address>
         <run_address>0x6506</run_address>
         <size>0x4d9</size>
         <input_file_ref idref="fl-11"/>
      </object_component>
      <object_component id="oc-12c">
         <name>.debug_info</name>
         <load_address>0x69df</load_address>
         <run_address>0x69df</run_address>
         <size>0x313</size>
         <input_file_ref idref="fl-11"/>
      </object_component>
      <object_component id="oc-138">
         <name>.debug_info</name>
         <load_address>0x6cf2</load_address>
         <run_address>0x6cf2</run_address>
         <size>0x286</size>
         <input_file_ref idref="fl-11"/>
      </object_component>
      <object_component id="oc-13e">
         <name>.debug_info</name>
         <load_address>0x6f78</load_address>
         <run_address>0x6f78</run_address>
         <size>0x21a</size>
         <input_file_ref idref="fl-11"/>
      </object_component>
      <object_component id="oc-2b3">
         <name>.debug_info</name>
         <load_address>0x7192</load_address>
         <run_address>0x7192</run_address>
         <size>0x230</size>
         <input_file_ref idref="fl-11"/>
      </object_component>
      <object_component id="oc-217">
         <name>.debug_info</name>
         <load_address>0x73c2</load_address>
         <run_address>0x73c2</run_address>
         <size>0x22c</size>
         <input_file_ref idref="fl-11"/>
      </object_component>
      <object_component id="oc-201">
         <name>.debug_info</name>
         <load_address>0x75ee</load_address>
         <run_address>0x75ee</run_address>
         <size>0x300</size>
         <input_file_ref idref="fl-11"/>
      </object_component>
      <object_component id="oc-2be">
         <name>.debug_info</name>
         <load_address>0x78ee</load_address>
         <run_address>0x78ee</run_address>
         <size>0x1dd</size>
         <input_file_ref idref="fl-11"/>
      </object_component>
      <object_component id="oc-1c9">
         <name>.debug_info</name>
         <load_address>0x7acb</load_address>
         <run_address>0x7acb</run_address>
         <size>0x1eb</size>
         <input_file_ref idref="fl-11"/>
      </object_component>
      <object_component id="oc-293">
         <name>.debug_info</name>
         <load_address>0x7cb6</load_address>
         <run_address>0x7cb6</run_address>
         <size>0x1ca</size>
         <input_file_ref idref="fl-12"/>
      </object_component>
      <object_component id="oc-194">
         <name>.debug_info</name>
         <load_address>0x7e80</load_address>
         <run_address>0x7e80</run_address>
         <size>0x221</size>
         <input_file_ref idref="fl-12"/>
      </object_component>
      <object_component id="oc-19a">
         <name>.debug_info</name>
         <load_address>0x80a1</load_address>
         <run_address>0x80a1</run_address>
         <size>0x221</size>
         <input_file_ref idref="fl-12"/>
      </object_component>
      <object_component id="oc-2ed">
         <name>.debug_info</name>
         <load_address>0x82c2</load_address>
         <run_address>0x82c2</run_address>
         <size>0x210</size>
         <input_file_ref idref="fl-13"/>
      </object_component>
      <object_component id="oc-26c">
         <name>.debug_info</name>
         <load_address>0x84d2</load_address>
         <run_address>0x84d2</run_address>
         <size>0x1d3</size>
         <input_file_ref idref="fl-13"/>
      </object_component>
      <object_component id="oc-346">
         <name>.debug_info</name>
         <load_address>0x86a5</load_address>
         <run_address>0x86a5</run_address>
         <size>0x1a9</size>
         <input_file_ref idref="fl-13"/>
      </object_component>
      <object_component id="oc-278">
         <name>.debug_info</name>
         <load_address>0x884e</load_address>
         <run_address>0x884e</run_address>
         <size>0x1d8</size>
         <input_file_ref idref="fl-13"/>
      </object_component>
      <object_component id="oc-350">
         <name>.debug_info</name>
         <load_address>0x8a26</load_address>
         <run_address>0x8a26</run_address>
         <size>0x1cd</size>
         <input_file_ref idref="fl-13"/>
      </object_component>
      <object_component id="oc-329">
         <name>.debug_info</name>
         <load_address>0x8bf3</load_address>
         <run_address>0x8bf3</run_address>
         <size>0x1eb</size>
         <input_file_ref idref="fl-13"/>
      </object_component>
      <object_component id="oc-2ff">
         <name>.debug_info</name>
         <load_address>0x8dde</load_address>
         <run_address>0x8dde</run_address>
         <size>0x1ed</size>
         <input_file_ref idref="fl-13"/>
      </object_component>
      <object_component id="oc-305">
         <name>.debug_info</name>
         <load_address>0x8fcb</load_address>
         <run_address>0x8fcb</run_address>
         <size>0x1f9</size>
         <input_file_ref idref="fl-13"/>
      </object_component>
      <object_component id="oc-30b">
         <name>.debug_info</name>
         <load_address>0x91c4</load_address>
         <run_address>0x91c4</run_address>
         <size>0x1f7</size>
         <input_file_ref idref="fl-13"/>
      </object_component>
      <object_component id="oc-323">
         <name>.debug_info</name>
         <load_address>0x93bb</load_address>
         <run_address>0x93bb</run_address>
         <size>0x21e</size>
         <input_file_ref idref="fl-13"/>
      </object_component>
      <object_component id="oc-2f3">
         <name>.debug_info</name>
         <load_address>0x95d9</load_address>
         <run_address>0x95d9</run_address>
         <size>0x1f1</size>
         <input_file_ref idref="fl-13"/>
      </object_component>
      <object_component id="oc-2f9">
         <name>.debug_info</name>
         <load_address>0x97ca</load_address>
         <run_address>0x97ca</run_address>
         <size>0x1ef</size>
         <input_file_ref idref="fl-13"/>
      </object_component>
      <object_component id="oc-317">
         <name>.debug_info</name>
         <load_address>0x99b9</load_address>
         <run_address>0x99b9</run_address>
         <size>0x222</size>
         <input_file_ref idref="fl-13"/>
      </object_component>
      <object_component id="oc-311">
         <name>.debug_info</name>
         <load_address>0x9bdb</load_address>
         <run_address>0x9bdb</run_address>
         <size>0x222</size>
         <input_file_ref idref="fl-13"/>
      </object_component>
      <object_component id="oc-31d">
         <name>.debug_info</name>
         <load_address>0x9dfd</load_address>
         <run_address>0x9dfd</run_address>
         <size>0x291</size>
         <input_file_ref idref="fl-13"/>
      </object_component>
      <object_component id="oc-340">
         <name>.debug_info</name>
         <load_address>0xa08e</load_address>
         <run_address>0xa08e</run_address>
         <size>0x20d</size>
         <input_file_ref idref="fl-13"/>
      </object_component>
      <object_component id="oc-17a">
         <name>.debug_info</name>
         <load_address>0xa29b</load_address>
         <run_address>0xa29b</run_address>
         <size>0x26c</size>
         <input_file_ref idref="fl-13"/>
      </object_component>
      <object_component id="oc-16e">
         <name>.debug_info</name>
         <load_address>0xa507</load_address>
         <run_address>0xa507</run_address>
         <size>0x3eb</size>
         <input_file_ref idref="fl-13"/>
      </object_component>
      <object_component id="oc-2da">
         <name>.debug_info</name>
         <load_address>0xa8f2</load_address>
         <run_address>0xa8f2</run_address>
         <size>0x245</size>
         <input_file_ref idref="fl-13"/>
      </object_component>
      <object_component id="oc-2e0">
         <name>.debug_info</name>
         <load_address>0xab37</load_address>
         <run_address>0xab37</run_address>
         <size>0x216</size>
         <input_file_ref idref="fl-13"/>
      </object_component>
      <object_component id="oc-272">
         <name>.debug_info</name>
         <load_address>0xad4d</load_address>
         <run_address>0xad4d</run_address>
         <size>0x22a</size>
         <input_file_ref idref="fl-13"/>
      </object_component>
      <object_component id="oc-187">
         <name>.debug_info</name>
         <load_address>0xaf77</load_address>
         <run_address>0xaf77</run_address>
         <size>0x216</size>
         <input_file_ref idref="fl-13"/>
      </object_component>
      <object_component id="oc-27e">
         <name>.debug_info</name>
         <load_address>0xb18d</load_address>
         <run_address>0xb18d</run_address>
         <size>0x4a1</size>
         <input_file_ref idref="fl-13"/>
      </object_component>
      <object_component id="oc-79">
         <name>.debug_info</name>
         <load_address>0xb62e</load_address>
         <run_address>0xb62e</run_address>
         <size>0x158</size>
         <input_file_ref idref="fl-1f"/>
      </object_component>
      <object_component id="oc-2e8">
         <name>.debug_info</name>
         <load_address>0xb786</load_address>
         <run_address>0xb786</run_address>
         <size>0x127</size>
         <input_file_ref idref="fl-20"/>
      </object_component>
      <object_component id="oc-47">
         <name>.debug_info</name>
         <load_address>0xb8ad</load_address>
         <run_address>0xb8ad</run_address>
         <size>0x19b</size>
         <input_file_ref idref="fl-21"/>
      </object_component>
      <object_component id="oc-8a">
         <name>.debug_info</name>
         <load_address>0xba48</load_address>
         <run_address>0xba48</run_address>
         <size>0x14d</size>
         <input_file_ref idref="fl-22"/>
      </object_component>
      <object_component id="oc-a3">
         <name>.debug_info</name>
         <load_address>0xbb95</load_address>
         <run_address>0xbb95</run_address>
         <size>0x1bf</size>
         <input_file_ref idref="fl-23"/>
      </object_component>
      <object_component id="oc-52">
         <name>.debug_info</name>
         <load_address>0xbd54</load_address>
         <run_address>0xbd54</run_address>
         <size>0x1b6</size>
         <input_file_ref idref="fl-24"/>
      </object_component>
      <object_component id="oc-1a">
         <name>.debug_info</name>
         <load_address>0xbf0a</load_address>
         <run_address>0xbf0a</run_address>
         <size>0x1b7</size>
         <input_file_ref idref="fl-25"/>
      </object_component>
      <object_component id="oc-14">
         <name>.debug_info</name>
         <load_address>0xc0c1</load_address>
         <run_address>0xc0c1</run_address>
         <size>0x219</size>
         <input_file_ref idref="fl-26"/>
      </object_component>
      <object_component id="oc-d9">
         <name>.debug_info</name>
         <load_address>0xc2da</load_address>
         <run_address>0xc2da</run_address>
         <size>0x19e</size>
         <input_file_ref idref="fl-27"/>
      </object_component>
      <object_component id="oc-97">
         <name>.debug_info</name>
         <load_address>0xc478</load_address>
         <run_address>0xc478</run_address>
         <size>0x1a9</size>
         <input_file_ref idref="fl-27"/>
      </object_component>
      <object_component id="oc-dc">
         <name>.debug_info</name>
         <load_address>0xc621</load_address>
         <run_address>0xc621</run_address>
         <size>0x107</size>
         <input_file_ref idref="fl-28"/>
      </object_component>
      <object_component id="oc-22a">
         <name>.debug_info</name>
         <load_address>0xc728</load_address>
         <run_address>0xc728</run_address>
         <size>0x10b</size>
         <input_file_ref idref="fl-28"/>
      </object_component>
      <object_component id="oc-151">
         <name>.debug_info</name>
         <load_address>0xc833</load_address>
         <run_address>0xc833</run_address>
         <size>0x203</size>
         <input_file_ref idref="fl-28"/>
      </object_component>
      <object_component id="oc-8f">
         <name>.debug_info</name>
         <load_address>0xca36</load_address>
         <run_address>0xca36</run_address>
         <size>0x15d</size>
         <input_file_ref idref="fl-29"/>
      </object_component>
      <object_component id="oc-e7">
         <name>.debug_info</name>
         <load_address>0xcb93</load_address>
         <run_address>0xcb93</run_address>
         <size>0x147</size>
         <input_file_ref idref="fl-2c"/>
      </object_component>
      <object_component id="oc-390">
         <name>.debug_info</name>
         <load_address>0xccda</load_address>
         <run_address>0xccda</run_address>
         <size>0xaf</size>
      </object_component>
      <object_component id="oc-225">
         <name>.debug_line</name>
         <load_address>0x0</load_address>
         <run_address>0x0</run_address>
         <size>0x3b</size>
         <input_file_ref idref="fl-4"/>
      </object_component>
      <object_component id="oc-1c7">
         <name>.debug_line</name>
         <load_address>0x3b</load_address>
         <run_address>0x3b</run_address>
         <size>0x3b</size>
         <input_file_ref idref="fl-4"/>
      </object_component>
      <object_component id="oc-111">
         <name>.debug_line</name>
         <load_address>0x76</load_address>
         <run_address>0x76</run_address>
         <size>0x8a</size>
         <input_file_ref idref="fl-4"/>
      </object_component>
      <object_component id="oc-209">
         <name>.debug_line</name>
         <load_address>0x100</load_address>
         <run_address>0x100</run_address>
         <size>0x7e</size>
         <input_file_ref idref="fl-4"/>
      </object_component>
      <object_component id="oc-135">
         <name>.debug_line</name>
         <load_address>0x17e</load_address>
         <run_address>0x17e</run_address>
         <size>0x85</size>
         <input_file_ref idref="fl-4"/>
      </object_component>
      <object_component id="oc-d4">
         <name>.debug_line</name>
         <load_address>0x203</load_address>
         <run_address>0x203</run_address>
         <size>0x9a</size>
         <input_file_ref idref="fl-4"/>
      </object_component>
      <object_component id="oc-129">
         <name>.debug_line</name>
         <load_address>0x29d</load_address>
         <run_address>0x29d</run_address>
         <size>0x79</size>
         <input_file_ref idref="fl-4"/>
      </object_component>
      <object_component id="oc-227">
         <name>.debug_line</name>
         <load_address>0x316</load_address>
         <run_address>0x316</run_address>
         <size>0x1d0</size>
         <input_file_ref idref="fl-4"/>
      </object_component>
      <object_component id="oc-1a3">
         <name>.debug_line</name>
         <load_address>0x4e6</load_address>
         <run_address>0x4e6</run_address>
         <size>0x83</size>
         <input_file_ref idref="fl-5"/>
      </object_component>
      <object_component id="oc-28e">
         <name>.debug_line</name>
         <load_address>0x569</load_address>
         <run_address>0x569</run_address>
         <size>0x84</size>
         <input_file_ref idref="fl-5"/>
      </object_component>
      <object_component id="oc-174">
         <name>.debug_line</name>
         <load_address>0x5ed</load_address>
         <run_address>0x5ed</run_address>
         <size>0x82</size>
         <input_file_ref idref="fl-5"/>
      </object_component>
      <object_component id="oc-166">
         <name>.debug_line</name>
         <load_address>0x66f</load_address>
         <run_address>0x66f</run_address>
         <size>0x83</size>
         <input_file_ref idref="fl-5"/>
      </object_component>
      <object_component id="oc-1b1">
         <name>.debug_line</name>
         <load_address>0x6f2</load_address>
         <run_address>0x6f2</run_address>
         <size>0x81</size>
         <input_file_ref idref="fl-5"/>
      </object_component>
      <object_component id="oc-fa">
         <name>.debug_line</name>
         <load_address>0x773</load_address>
         <run_address>0x773</run_address>
         <size>0x90</size>
         <input_file_ref idref="fl-5"/>
      </object_component>
      <object_component id="oc-18d">
         <name>.debug_line</name>
         <load_address>0x803</load_address>
         <run_address>0x803</run_address>
         <size>0x86</size>
         <input_file_ref idref="fl-5"/>
      </object_component>
      <object_component id="oc-103">
         <name>.debug_line</name>
         <load_address>0x889</load_address>
         <run_address>0x889</run_address>
         <size>0x51</size>
         <input_file_ref idref="fl-5"/>
      </object_component>
      <object_component id="oc-181">
         <name>.debug_line</name>
         <load_address>0x8da</load_address>
         <run_address>0x8da</run_address>
         <size>0x4d</size>
         <input_file_ref idref="fl-5"/>
      </object_component>
      <object_component id="oc-29d">
         <name>.debug_line</name>
         <load_address>0x927</load_address>
         <run_address>0x927</run_address>
         <size>0x155</size>
         <input_file_ref idref="fl-5"/>
      </object_component>
      <object_component id="oc-21">
         <name>.debug_line</name>
         <load_address>0xa7c</load_address>
         <run_address>0xa7c</run_address>
         <size>0x55</size>
         <input_file_ref idref="fl-6"/>
      </object_component>
      <object_component id="oc-5e">
         <name>.debug_line</name>
         <load_address>0xad1</load_address>
         <run_address>0xad1</run_address>
         <size>0x5d</size>
         <input_file_ref idref="fl-6"/>
      </object_component>
      <object_component id="oc-23a">
         <name>.debug_line</name>
         <load_address>0xb2e</load_address>
         <run_address>0xb2e</run_address>
         <size>0x87</size>
         <input_file_ref idref="fl-e"/>
      </object_component>
      <object_component id="oc-241">
         <name>.debug_line</name>
         <load_address>0xbb5</load_address>
         <run_address>0xbb5</run_address>
         <size>0x87</size>
         <input_file_ref idref="fl-e"/>
      </object_component>
      <object_component id="oc-252">
         <name>.debug_line</name>
         <load_address>0xc3c</load_address>
         <run_address>0xc3c</run_address>
         <size>0x8b</size>
         <input_file_ref idref="fl-e"/>
      </object_component>
      <object_component id="oc-260">
         <name>.debug_line</name>
         <load_address>0xcc7</load_address>
         <run_address>0xcc7</run_address>
         <size>0x8a</size>
         <input_file_ref idref="fl-e"/>
      </object_component>
      <object_component id="oc-24e">
         <name>.debug_line</name>
         <load_address>0xd51</load_address>
         <run_address>0xd51</run_address>
         <size>0x8a</size>
         <input_file_ref idref="fl-e"/>
      </object_component>
      <object_component id="oc-25a">
         <name>.debug_line</name>
         <load_address>0xddb</load_address>
         <run_address>0xddb</run_address>
         <size>0x8a</size>
         <input_file_ref idref="fl-e"/>
      </object_component>
      <object_component id="oc-246">
         <name>.debug_line</name>
         <load_address>0xe65</load_address>
         <run_address>0xe65</run_address>
         <size>0x8a</size>
         <input_file_ref idref="fl-e"/>
      </object_component>
      <object_component id="oc-266">
         <name>.debug_line</name>
         <load_address>0xeef</load_address>
         <run_address>0xeef</run_address>
         <size>0x8a</size>
         <input_file_ref idref="fl-e"/>
      </object_component>
      <object_component id="oc-169">
         <name>.debug_line</name>
         <load_address>0xf79</load_address>
         <run_address>0xf79</run_address>
         <size>0x8f</size>
         <input_file_ref idref="fl-e"/>
      </object_component>
      <object_component id="oc-2d6">
         <name>.debug_line</name>
         <load_address>0x1008</load_address>
         <run_address>0x1008</run_address>
         <size>0x21</size>
         <input_file_ref idref="fl-e"/>
      </object_component>
      <object_component id="oc-1b7">
         <name>.debug_line</name>
         <load_address>0x1029</load_address>
         <run_address>0x1029</run_address>
         <size>0x86</size>
         <input_file_ref idref="fl-f"/>
      </object_component>
      <object_component id="oc-10f">
         <name>.debug_line</name>
         <load_address>0x10af</load_address>
         <run_address>0x10af</run_address>
         <size>0x8e</size>
         <input_file_ref idref="fl-f"/>
      </object_component>
      <object_component id="oc-107">
         <name>.debug_line</name>
         <load_address>0x113d</load_address>
         <run_address>0x113d</run_address>
         <size>0x9f</size>
         <input_file_ref idref="fl-f"/>
      </object_component>
      <object_component id="oc-1a7">
         <name>.debug_line</name>
         <load_address>0x11dc</load_address>
         <run_address>0x11dc</run_address>
         <size>0xab</size>
         <input_file_ref idref="fl-f"/>
      </object_component>
      <object_component id="oc-11e">
         <name>.debug_line</name>
         <load_address>0x1287</load_address>
         <run_address>0x1287</run_address>
         <size>0x8d</size>
         <input_file_ref idref="fl-f"/>
      </object_component>
      <object_component id="oc-2a2">
         <name>.debug_line</name>
         <load_address>0x1314</load_address>
         <run_address>0x1314</run_address>
         <size>0xc0</size>
         <input_file_ref idref="fl-f"/>
      </object_component>
      <object_component id="oc-1c2">
         <name>.debug_line</name>
         <load_address>0x13d4</load_address>
         <run_address>0x13d4</run_address>
         <size>0x8b</size>
         <input_file_ref idref="fl-10"/>
      </object_component>
      <object_component id="oc-11a">
         <name>.debug_line</name>
         <load_address>0x145f</load_address>
         <run_address>0x145f</run_address>
         <size>0xa6</size>
         <input_file_ref idref="fl-10"/>
      </object_component>
      <object_component id="oc-36">
         <name>.debug_line</name>
         <load_address>0x1505</load_address>
         <run_address>0x1505</run_address>
         <size>0x91</size>
         <input_file_ref idref="fl-10"/>
      </object_component>
      <object_component id="oc-3c">
         <name>.debug_line</name>
         <load_address>0x1596</load_address>
         <run_address>0x1596</run_address>
         <size>0x89</size>
         <input_file_ref idref="fl-10"/>
      </object_component>
      <object_component id="oc-3e">
         <name>.debug_line</name>
         <load_address>0x161f</load_address>
         <run_address>0x161f</run_address>
         <size>0x89</size>
         <input_file_ref idref="fl-10"/>
      </object_component>
      <object_component id="oc-31">
         <name>.debug_line</name>
         <load_address>0x16a8</load_address>
         <run_address>0x16a8</run_address>
         <size>0x9f</size>
         <input_file_ref idref="fl-10"/>
      </object_component>
      <object_component id="oc-7d">
         <name>.debug_line</name>
         <load_address>0x1747</load_address>
         <run_address>0x1747</run_address>
         <size>0x21</size>
         <input_file_ref idref="fl-10"/>
      </object_component>
      <object_component id="oc-338">
         <name>.debug_line</name>
         <load_address>0x1768</load_address>
         <run_address>0x1768</run_address>
         <size>0x70</size>
         <input_file_ref idref="fl-11"/>
      </object_component>
      <object_component id="oc-360">
         <name>.debug_line</name>
         <load_address>0x17d8</load_address>
         <run_address>0x17d8</run_address>
         <size>0x70</size>
         <input_file_ref idref="fl-11"/>
      </object_component>
      <object_component id="oc-214">
         <name>.debug_line</name>
         <load_address>0x1848</load_address>
         <run_address>0x1848</run_address>
         <size>0x96</size>
         <input_file_ref idref="fl-11"/>
      </object_component>
      <object_component id="oc-220">
         <name>.debug_line</name>
         <load_address>0x18de</load_address>
         <run_address>0x18de</run_address>
         <size>0x94</size>
         <input_file_ref idref="fl-11"/>
      </object_component>
      <object_component id="oc-2ae">
         <name>.debug_line</name>
         <load_address>0x1972</load_address>
         <run_address>0x1972</run_address>
         <size>0x99</size>
         <input_file_ref idref="fl-11"/>
      </object_component>
      <object_component id="oc-1fe">
         <name>.debug_line</name>
         <load_address>0x1a0b</load_address>
         <run_address>0x1a0b</run_address>
         <size>0x97</size>
         <input_file_ref idref="fl-11"/>
      </object_component>
      <object_component id="oc-1f7">
         <name>.debug_line</name>
         <load_address>0x1aa2</load_address>
         <run_address>0x1aa2</run_address>
         <size>0x82</size>
         <input_file_ref idref="fl-11"/>
      </object_component>
      <object_component id="oc-1d2">
         <name>.debug_line</name>
         <load_address>0x1b24</load_address>
         <run_address>0x1b24</run_address>
         <size>0x8f</size>
         <input_file_ref idref="fl-11"/>
      </object_component>
      <object_component id="oc-1d8">
         <name>.debug_line</name>
         <load_address>0x1bb3</load_address>
         <run_address>0x1bb3</run_address>
         <size>0x87</size>
         <input_file_ref idref="fl-11"/>
      </object_component>
      <object_component id="oc-1de">
         <name>.debug_line</name>
         <load_address>0x1c3a</load_address>
         <run_address>0x1c3a</run_address>
         <size>0x87</size>
[...]
         <unused_space>0x800</unused_space>
         <attributes>RWIX</attributes>
         <usage_details>
         </usage_details>
      </memory_area>
      <memory_area display="yes" color="green">
         <name>RAMLS7</name>
         <page_id>0x0</page_id>
         <origin>0xb800</origin>
         <length>0x800</length>
         <used_space>0x0</used_space>
         <unused_space>0x800</unused_space>
         <attributes>RWIX</attributes>
         <usage_details>
         </usage_details>
      </memory_area>
      <memory_area display="yes" color="green">
         <name>RAMGS0</name>
         <page_id>0x0</page_id>
         <origin>0xc000</origin>
         <length>0x2000</length>
         <used_space>0x0</used_space>
         <unused_space>0x2000</unused_space>
         <attributes>RWIX</attributes>
         <usage_details>
         </usage_details>
      </memory_area>
      <memory_area display="yes" color="green">
         <name>RAMGS1</name>
         <page_id>0x0</page_id>
         <origin>0xe000</origin>
         <length>0x2000</length>
         <used_space>0x0</used_space>
         <unused_space>0x2000</unused_space>
         <attributes>RWIX</attributes>
         <usage_details>
         </usage_details>
      </memory_area>
      <memory_area display="yes" color="green">
         <name>RAMGS2</name>
         <page_id>0x0</page_id>
         <origin>0x10000</origin>
         <length>0x2000</length>
         <used_space>0x0</used_space>
         <unused_space>0x2000</unused_space>
         <attributes>RWIX</attributes>
         <usage_details>
         </usage_details>
      </memory_area>
      <memory_area display="yes" color="green">
         <name>RAMGS3</name>
         <page_id>0x0</page_id>
         <origin>0x12000</origin>
         <length>0x2000</length>
         <used_space>0x0</used_space>
         <unused_space>0x2000</unused_space>
         <attributes>RWIX</attributes>
         <usage_details>
         </usage_details>
      </memory_area>
      <memory_area display="yes" color="green">
         <name>RAMLS8</name>
         <page_id>0x0</page_id>
         <origin>0x14000</origin>
         <length>0x2000</length>
         <used_space>0x0</used_space>
         <unused_space>0x2000</unused_space>
         <attributes>RWIX</attributes>
         <usage_details>
         </usage_details>
      </memory_area>
      <memory_area display="yes" color="green">
         <name>RAMLS9</name>
         <page_id>0x0</page_id>
         <origin>0x16000</origin>
         <length>0x2000</length>
         <used_space>0x0</used_space>
         <unused_space>0x2000</unused_space>
         <attributes>RWIX</attributes>
         <usage_details>
         </usage_details>
      </memory_area>
      <memory_area display="no" color="green">
         <name>BEGIN</name>
         <page_id>0x0</page_id>
         <origin>0x80000</origin>
         <length>0x2</length>
         <used_space>0x2</used_space>
         <unused_space>0x0</unused_space>
         <attributes>RWIX</attributes>
         <usage_details>
            <allocated_space>
               <start_address>0x80000</start_address>
               <size>0x2</size>
               <logical_group_ref idref="lg-2"/>
            </allocated_space>
         </usage_details>
      </memory_area>
      <memory_area display="yes" color="green">
         <name>FLASH_BANK0</name>
         <page_id>0x0</page_id>
         <origin>0x80002</origin>
         <length>0x1fffe</length>
         <used_space>0x17bf</used_space>
         <unused_space>0x1e83f</unused_space>
         <attributes>RWIX</attributes>
         <usage_details>
            <available_space>
               <start_address>0x80002</start_address>
               <size>0x6</size>
            </available_space>
            <allocated_space>
               <start_address>0x80008</start_address>
               <size>0x304</size>
               <logical_group_ref idref="lg-b"/>
            </allocated_space>
            <available_space>
               <start_address>0x8030c</start_address>
               <size>0x4</size>
            </available_space>
            <allocated_space>
               <start_address>0x80310</start_address>
               <size>0xcd</size>
               <logical_group_ref idref="lg-11"/>
            </allocated_space>
            <available_space>
               <start_address>0x803dd</start_address>
               <size>0x3</size>
            </available_space>
            <allocated_space>
               <start_address>0x803e0</start_address>
               <size>0x13ac</size>
               <logical_group_ref idref="lg-38f"/>
            </allocated_space>
            <available_space>
               <start_address>0x8178c</start_address>
               <size>0x4</size>
            </available_space>
            <allocated_space>
               <start_address>0x81790</start_address>
               <size>0x42</size>
               <logical_group_ref idref="lg-4"/>
            </allocated_space>
            <available_space>
               <start_address>0x817d2</start_address>
               <size>0x1e82e</size>
            </available_space>
         </usage_details>
      </memory_area>
      <memory_area display="yes" color="green">
         <name>FLASH_BANK1</name>
         <page_id>0x0</page_id>
         <origin>0xa0000</origin>
         <length>0x20000</length>
         <used_space>0x0</used_space>
         <unused_space>0x20000</unused_space>
         <attributes>RWIX</attributes>
         <usage_details>
         </usage_details>
      </memory_area>
      <memory_area display="yes" color="green">
         <name>FLASH_BANK2</name>
         <page_id>0x0</page_id>
         <origin>0xc0000</origin>
         <length>0x20000</length>
         <used_space>0x0</used_space>
         <unused_space>0x20000</unused_space>
         <attributes>RWIX</attributes>
         <usage_details>
         </usage_details>
      </memory_area>
      <memory_area display="yes" color="green">
         <name>FLASH_BANK3</name>
         <page_id>0x0</page_id>
         <origin>0xe0000</origin>
         <length>0x20000</length>
         <used_space>0x0</used_space>
         <unused_space>0x20000</unused_space>
         <attributes>RWIX</attributes>
         <usage_details>
         </usage_details>
      </memory_area>
      <memory_area display="yes" color="green">
         <name>FLASH_BANK4</name>
         <page_id>0x0</page_id>
         <origin>0x100000</origin>
         <length>0x20000</length>
         <used_space>0x0</used_space>
         <unused_space>0x20000</unused_space>
         <attributes>RWIX</attributes>
         <usage_details>
         </usage_details>
      </memory_area>
      <memory_area display="no" color="green">
         <name>RESET</name>
         <page_id>0x0</page_id>
         <origin>0x3fffc0</origin>
         <length>0x2</length>
         <used_space>0x0</used_space>
         <unused_space>0x2</unused_space>
         <attributes>RWIX</attributes>
         <usage_details>
         </usage_details>
      </memory_area>
   </placement_map>
   <cptbl_list>
      <cptbl>
         <name>__TI_cinit_table</name>
         <cprec>
            <name>.data</name>
            <load_address>0x81790</load_address>
            <load_size>0x2f</load_size>
            <run_address>0xa852</run_address>
            <run_size>0x3e</run_size>
            <compression>lzss</compression>
         </cprec>
         <cprec>
            <name>.bss</name>
            <load_address>0x817c6</load_address>
            <load_size>0x4</load_size>
            <run_address>0xa800</run_address>
            <run_size>0x52</run_size>
            <compression>zero_init</compression>
         </cprec>
      </cptbl>
   </cptbl_list>
   <handler_table>
      <handler_table_name>__TI_handler_table</handler_table_name>
      <handler>
         <index>0x0</index>
         <name>__TI_zero_init</name>
      </handler>
      <handler>
         <index>0x1</index>
         <name>__TI_decompress_lzss</name>
      </handler>
      <handler>
         <index>0x2</index>
         <name>__TI_decompress_none</name>
      </handler>
   </handler_table>
   <symbol_table>
      <symbol id="sm-1">
         <name>RamfuncsLoadStart</name>
         <value>0x80310</value>
      </symbol>
      <symbol id="sm-2">
         <name>RamfuncsLoadSize</name>
         <value>0xcd</value>
      </symbol>
      <symbol id="sm-3">
         <name>RamfuncsLoadEnd</name>
         <value>0x803dd</value>
      </symbol>
      <symbol id="sm-4">
         <name>RamfuncsRunStart</name>
         <value>0x8000</value>
      </symbol>
      <symbol id="sm-5">
         <name>RamfuncsRunSize</name>
         <value>0xcd</value>
      </symbol>
      <symbol id="sm-6">
         <name>RamfuncsRunEnd</name>
         <value>0x80cd</value>
      </symbol>
      <symbol id="sm-7">
         <name>__TI_CINIT_Base</name>
         <value>0x817ca</value>
      </symbol>
      <symbol id="sm-8">
         <name>__TI_CINIT_Limit</name>
         <value>0x817d2</value>
      </symbol>
      <symbol id="sm-9">
         <name>__TI_CINIT_Warm</name>
         <value>0x817d2</value>
      </symbol>
      <symbol id="sm-a">
         <name>__TI_Handler_Table_Base</name>
         <value>0x817c0</value>
      </symbol>
      <symbol id="sm-b">
         <name>__TI_Handler_Table_Limit</name>
         <value>0x817c6</value>
      </symbol>
      <symbol id="sm-c">
         <name>__TI_STACK_SIZE</name>
         <value>0x200</value>
      </symbol>
      <symbol id="sm-d">
         <name>__TI_STACK_END</name>
         <value>0x600</value>
      </symbol>
      <symbol id="sm-e">
         <name>__TI_pprof_out_hndl</name>
         <value>0xffffffff</value>
      </symbol>
      <symbol id="sm-f">
         <name>__TI_prof_data_start</name>
         <value>0xffffffff</value>
      </symbol>
      <symbol id="sm-10">
         <name>__TI_prof_data_size</name>
         <value>0xffffffff</value>
      </symbol>
      <symbol id="sm-74">
         <name>txMsg</name>
         <value>0xa800</value>
         <object_component_ref idref="oc-122"/>
      </symbol>
      <symbol id="sm-75">
         <name>error</name>
         <value>0xa888</value>
         <object_component_ref idref="oc-144"/>
      </symbol>
      <symbol id="sm-76">
         <name>main</name>
         <value>0x80b98</value>
         <object_component_ref idref="oc-d0"/>
      </symbol>
      <symbol id="sm-77">
         <name>loopCnt</name>
         <value>0xa88a</value>
         <object_component_ref idref="oc-144"/>
      </symbol>
      <symbol id="sm-cc">
         <name>Device_enableAllPeripherals</name>
         <value>0x80ac0</value>
         <object_component_ref idref="oc-18c"/>
      </symbol>
      <symbol id="sm-cd">
         <name>Device_initGPIO</name>
         <value>0x81494</value>
         <object_component_ref idref="oc-fe"/>
      </symbol>
      <symbol id="sm-ce">
         <name>Device_init</name>
         <value>0x80c6b</value>
         <object_component_ref idref="oc-f8"/>
      </symbol>
      <symbol id="sm-cf">
         <name>__error__</name>
         <value>0x81782</value>
         <object_component_ref idref="oc-180"/>
      </symbol>
      <symbol id="sm-de">
         <name>code_start</name>
         <value>0x80000</value>
         <object_component_ref idref="oc-20"/>
      </symbol>
      <symbol id="sm-13d">
         <name>Flash_initModule</name>
         <value>0x8000</value>
         <object_component_ref idref="oc-167"/>
      </symbol>
      <symbol id="sm-186">
         <name>GPIO_setPadConfig</name>
         <value>0x81026</value>
         <object_component_ref idref="oc-104"/>
      </symbol>
      <symbol id="sm-187">
         <name>GPIO_setAnalogMode</name>
         <value>0x809d5</value>
         <object_component_ref idref="oc-1a4"/>
      </symbol>
      <symbol id="sm-188">
         <name>GPIO_setDirectionMode</name>
         <value>0x8123e</value>
         <object_component_ref idref="oc-10a"/>
      </symbol>
      <symbol id="sm-189">
         <name>GPIO_setPinConfig</name>
         <value>0x81207</value>
         <object_component_ref idref="oc-11c"/>
      </symbol>
      <symbol id="sm-1c3">
         <name>Interrupt_defaultHandler</name>
         <value>0x815cc</value>
         <object_component_ref idref="oc-2b"/>
      </symbol>
      <symbol id="sm-1c4">
         <name>Interrupt_initModule</name>
         <value>0x811ca</value>
         <object_component_ref idref="oc-116"/>
      </symbol>
      <symbol id="sm-1c5">
         <name>Interrupt_nmiHandler</name>
         <value>0x81743</value>
         <object_component_ref idref="oc-3d"/>
      </symbol>
      <symbol id="sm-1c6">
         <name>Interrupt_initVectorTable</name>
         <value>0x81459</value>
         <object_component_ref idref="oc-2d"/>
      </symbol>
      <symbol id="sm-1c7">
         <name>Interrupt_illegalOperationHandler</name>
         <value>0x81739</value>
         <object_component_ref idref="oc-37"/>
      </symbol>
      <symbol id="sm-294">
         <name>MCAN_getOpMode</name>
         <value>0x81543</value>
         <object_component_ref idref="oc-1da"/>
      </symbol>
      <symbol id="sm-295">
         <name>MCAN_writeMsgRam</name>
         <value>0x80fcf</value>
         <object_component_ref idref="oc-12b"/>
      </symbol>
      <symbol id="sm-296">
         <name>MCAN_getMsgObjSize</name>
         <value>0x8169c</value>
         <object_component_ref idref="oc-1c8"/>
      </symbol>
      <symbol id="sm-297">
         <name>MCAN_isMemInitDone</name>
         <value>0x813fe</value>
         <object_component_ref idref="oc-1ce"/>
      </symbol>
      <symbol id="sm-298">
         <name>MCAN_getTxBufReqPend</name>
         <value>0x816b0</value>
         <object_component_ref idref="oc-13d"/>
      </symbol>
      <symbol id="sm-299">
         <name>MCAN_setOpMode</name>
         <value>0x814c8</value>
         <object_component_ref idref="oc-1d4"/>
      </symbol>
      <symbol id="sm-29a">
         <name>MCAN_init</name>
         <value>0x808e5</value>
         <object_component_ref idref="oc-1e0"/>
      </symbol>
      <symbol id="sm-29b">
         <name>MCAN_txBufAddReq</name>
         <value>0x8129f</value>
         <object_component_ref idref="oc-137"/>
      </symbol>
      <symbol id="sm-29c">
         <name>MCAN_msgRAMConfig</name>
         <value>0x803e0</value>
         <object_component_ref idref="oc-1ec"/>
      </symbol>
      <symbol id="sm-29d">
         <name>MCAN_setBitTime</name>
         <value>0x80d32</value>
         <object_component_ref idref="oc-1e6"/>
      </symbol>
      <symbol id="sm-2cf">
         <name>PGA_setOffsetTrimNMOS</name>
         <value>0x81189</value>
         <object_component_ref idref="oc-192"/>
      </symbol>
      <symbol id="sm-2d0">
         <name>PGA_setOffsetTrimPMOS</name>
         <value>0x81103</value>
         <object_component_ref idref="oc-198"/>
      </symbol>
      <symbol id="sm-3e2">
         <name>SysCtl_isPLLValid</name>
         <value>0x807e7</value>
         <object_component_ref idref="oc-27d"/>
      </symbol>
      <symbol id="sm-3e3">
         <name>SysCtl_delay</name>
         <value>0x80c9</value>
         <object_component_ref idref="oc-143"/>
      </symbol>
      <symbol id="sm-3e4">
         <name>SysCtl_selectXTALSingleEnded</name>
         <value>0x8136f</value>
         <object_component_ref idref="oc-2df"/>
      </symbol>
      <symbol id="sm-3e5">
         <name>SysCtl_selectXTAL</name>
         <value>0x81078</value>
         <object_component_ref idref="oc-2d9"/>
      </symbol>
      <symbol id="sm-3e6">
         <name>SysCtl_selectOscSource</name>
         <value>0x81147</value>
         <object_component_ref idref="oc-271"/>
      </symbol>
      <symbol id="sm-3e7">
         <name>SysCtl_getLowSpeedClock</name>
         <value>0x814ae</value>
         <object_component_ref idref="oc-186"/>
      </symbol>
      <symbol id="sm-3e8">
         <name>SysCtl_setClock</name>
         <value>0x805a2</value>
         <object_component_ref idref="oc-16d"/>
      </symbol>
      <symbol id="sm-3e9">
         <name>SysCtl_getClock</name>
         <value>0x80f6a</value>
         <object_component_ref idref="oc-179"/>
      </symbol>
      <symbol id="sm-3f3">
         <name>_c_int00</name>
         <value>0x8159f</value>
         <object_component_ref idref="oc-76"/>
      </symbol>
      <symbol id="sm-3f4">
         <name>__stack</name>
         <value>0x400</value>
         <object_component_ref idref="oc-43"/>
      </symbol>
      <symbol id="sm-401">
         <name>__c28xabi_divf</name>
         <value>0x80deb</value>
         <object_component_ref idref="oc-2e7"/>
      </symbol>
      <symbol id="sm-413">
         <name>memcpy</name>
         <value>0x81477</value>
         <object_component_ref idref="oc-46"/>
      </symbol>
      <symbol id="sm-420">
         <name>_system_pre_init</name>
         <value>0x81789</value>
         <object_component_ref idref="oc-87"/>
      </symbol>
      <symbol id="sm-42f">
         <name>__TI_auto_init_nobinit_nopinit</name>
         <value>0x812cb</value>
         <object_component_ref idref="oc-a0"/>
      </symbol>
      <symbol id="sm-43e">
         <name>__TI_zero_init_nomemset</name>
         <value>0x8170a</value>
         <object_component_ref idref="oc-4e"/>
      </symbol>
      <symbol id="sm-44b">
         <name>__TI_decompress_none</name>
         <value>0x81756</value>
         <object_component_ref idref="oc-19"/>
      </symbol>
      <symbol id="sm-45f">
         <name>__TI_decompress_lzss</name>
         <value>0x8126f</value>
         <object_component_ref idref="oc-13"/>
      </symbol>
      <symbol id="sm-475">
         <name>C$$EXIT</name>
         <value>0x8131f</value>
         <object_component_ref idref="oc-94"/>
      </symbol>
      <symbol id="sm-476">
         <name>abort</name>
         <value>0x8131f</value>
         <object_component_ref idref="oc-94"/>
      </symbol>
      <symbol id="sm-477">
         <name>exit</name>
         <value>0x81321</value>
         <object_component_ref idref="oc-94"/>
      </symbol>
      <symbol id="sm-478">
         <name>__TI_dtors_ptr</name>
         <value>0xa886</value>
         <object_component_ref idref="oc-d8"/>
      </symbol>
      <symbol id="sm-479">
         <name>__TI_cleanup_ptr</name>
         <value>0xa884</value>
         <object_component_ref idref="oc-d8"/>
      </symbol>
      <symbol id="sm-47a">
         <name>__TI_enable_exit_profile_output</name>
         <value>0xa882</value>
         <object_component_ref idref="oc-d8"/>
      </symbol>
      <symbol id="sm-491">
         <name>_nop</name>
         <value>0x81755</value>
         <object_component_ref idref="oc-14e"/>
      </symbol>
      <symbol id="sm-492">
         <name>_lock</name>
         <value>0xa88c</value>
         <object_component_ref idref="oc-db"/>
      </symbol>
      <symbol id="sm-493">
         <name>_unlock</name>
         <value>0xa88e</value>
         <object_component_ref idref="oc-229"/>
      </symbol>
      <symbol id="sm-494">
         <name>_register_lock</name>
         <value>0x81751</value>
         <object_component_ref idref="oc-14e"/>
      </symbol>
      <symbol id="sm-495">
         <name>_register_unlock</name>
         <value>0x8174d</value>
         <object_component_ref idref="oc-14e"/>
      </symbol>
      <symbol id="sm-4a4">
         <name>_args_main</name>
         <value>0x81717</value>
         <object_component_ref idref="oc-8e"/>
      </symbol>
      <symbol id="sm-4b3">
         <name>_system_post_cinit</name>
         <value>0x8178b</value>
         <object_component_ref idref="oc-e3"/>
      </symbol>
      <symbol id="sm-4b5">
         <name>__c_args__</name>
         <value>0x0</value>
      </symbol>
   </symbol_table>
   <title>Link successful</title>
</link_info>
